Component: ARM Compiler 5.06 update 6 (build 750) Tool: armlink [4d35ed]

==============================================================================

Section Cross References

    main.o(i.main) refers to _printf_percent.o(.ARM.Collect$$_printf_percent$$00000000) for _printf_percent
    main.o(i.main) refers to _printf_d.o(.ARM.Collect$$_printf_percent$$00000009) for _printf_d
    main.o(i.main) refers to _printf_s.o(.ARM.Collect$$_printf_percent$$00000014) for _printf_s
    main.o(i.main) refers to _printf_dec.o(.text) for _printf_int_dec
    main.o(i.main) refers to _printf_str.o(.text) for _printf_str
    main.o(i.main) refers to usart.o(i.serial_init) for serial_init
    main.o(i.main) refers to makos_system.o(i.makos_init) for makos_init
    main.o(i.main) refers to makos_task.o(i.task_create_full) for task_create_full
    main.o(i.main) refers to makos_system.o(i.makos_run) for makos_run
    main.o(i.main) refers to makos_critical.o(i.irq_close) for irq_close
    main.o(i.main) refers to __2printf.o(.text) for __2printf
    main.o(i.main) refers to task_init.o(i.task_init) for task_init
    main.o(i.main) refers to makos_system.o(.bss) for system_param
    sentry_pull.o(i.Can_out) refers to can.o(i.can_set) for can_set
    sentry_pull.o(i.Can_out) refers to stm32f4xx_can.o(i.CAN_Transmit) for CAN_Transmit
    sentry_pull.o(i.Can_out) refers to user_can.o(.bss) for CAN2_DATA
    sentry_pull.o(i.Init_pull) refers to pid.o(i.PID_Struct_Init) for PID_Struct_Init
    sentry_pull.o(i.Init_pull) refers to user_can.o(.bss) for CAN2_DATA
    sentry_pull.o(i.Updata_out) refers to f2d.o(x$fpl$f2d) for __aeabi_f2d
    sentry_pull.o(i.Updata_out) refers to drleqf.o(x$fpl$drleqf) for __aeabi_cdrcmple
    sentry_pull.o(i.Updata_out) refers to dleqf.o(x$fpl$dleqf) for __aeabi_cdcmple
    sentry_pull.o(i.Updata_out) refers to pid.o(i.PID_Update_Incre) for PID_Update_Incre
    sentry_pull.o(i.Updata_out) refers to user_can.o(.bss) for CAN2_DATA
    sentry_pull.o(i.Updata_pos) refers to makos_message.o(i.msg_get_read_try) for msg_get_read_try
    sentry_pull.o(i.Updata_pos) refers to makos_message.o(i.msg_read_finish_try) for msg_read_finish_try
    sentry_pull.o(i.Updata_pos) refers to task_remote.o(.bss) for sentry_msg
    sentry_pull.o(i.Updata_pos) refers to user_can.o(.bss) for CAN2_DATA
    sentry_pull.o(i.heat_ceshi) refers to makos_schedule.o(i.task_delay_ms) for task_delay_ms
    sentry_pull.o(i.heat_ceshi) refers to sentry_pull.o(.data) for heat_sen
    sentry_pull.o(i.pull_ceshi) refers to makos_schedule.o(i.task_delay_ms) for task_delay_ms
    sentry_pull.o(i.pull_ceshi) refers to sentry_pull.o(.data) for heat_sen
    sentry_pull.o(i.pull_ceshi) refers to user_can.o(.bss) for CAN2_DATA
    sentry_pull.o(i.sentry_pull) refers to sentry_pull.o(i.Init_pull) for Init_pull
    sentry_pull.o(i.sentry_pull) refers to sentry_pull.o(i.Updata_pos) for Updata_pos
    sentry_pull.o(i.sentry_pull) refers to sentry_pull.o(i.Updata_out) for Updata_out
    sentry_pull.o(i.sentry_pull) refers to sentry_pull.o(i.Can_out) for Can_out
    sentry_pull.o(i.sentry_pull) refers to makos_schedule.o(i.task_delay_ms) for task_delay_ms
    sentry_pull.o(i.sentry_pull) refers to user_usart.o(i.print_wave) for print_wave
    sentry_pull.o(i.sentry_pull) refers to user_can.o(.bss) for CAN2_DATA
    sentry_friction.o(i.sentry_friction) refers to makos_schedule.o(i.task_delay_ms) for task_delay_ms
    sentry_friction.o(i.sentry_friction) refers to sentry_friction.o(.data) for pwmval
    sentry_ultrasonic.o(i.position) refers to dflt_clz.o(x$fpl$dflt) for __aeabi_i2d
    sentry_ultrasonic.o(i.position) refers to daddsub_clz.o(x$fpl$dadd) for __aeabi_dadd
    sentry_ultrasonic.o(i.position) refers to dfixu.o(x$fpl$dfixu) for __aeabi_d2uiz
    sentry_ultrasonic.o(i.sentry_ultrasonic) refers to hc_ultrasonic.o(i.HC_ult_send) for HC_ult_send
    sentry_ultrasonic.o(i.sentry_ultrasonic) refers to hc_ultrasonic.o(i.HC_Reci_TIM3_Init) for HC_Reci_TIM3_Init
    sentry_ultrasonic.o(i.sentry_ultrasonic) refers to hc_ultrasonic.o(i.HC_Reci_TIM9_Init) for HC_Reci_TIM9_Init
    sentry_ultrasonic.o(i.sentry_ultrasonic) refers to makos_schedule.o(i.task_delay_ms) for task_delay_ms
    sentry_classis.o(i.Init_classis) refers to pid.o(i.PID_Struct_Init) for PID_Struct_Init
    sentry_classis.o(i.Init_classis) refers to user_can.o(.bss) for CAN2_DATA
    sentry_classis.o(i.Sentry_Classis) refers to sentry_classis.o(i.Init_classis) for Init_classis
    sentry_classis.o(i.Sentry_Classis) refers to sentry_classis.o(i.Update_out) for Update_out
    sentry_classis.o(i.Sentry_Classis) refers to sentry_pull.o(i.Can_out) for Can_out
    sentry_classis.o(i.Sentry_Classis) refers to makos_schedule.o(i.task_delay_ms) for task_delay_ms
    sentry_classis.o(i.Sentry_Classis) refers to f2d.o(x$fpl$f2d) for __aeabi_f2d
    sentry_classis.o(i.Sentry_Classis) refers to dmul.o(x$fpl$dmul) for __aeabi_dmul
[...]
    _dfixu                                   0x0800a475   Thumb Code    90  dfixu.o(x$fpl$dfixu)
    __aeabi_i2d                              0x0800a4cf   Thumb Code     0  dflt_clz.o(x$fpl$dflt)
    _dflt                                    0x0800a4cf   Thumb Code    46  dflt_clz.o(x$fpl$dflt)
    __aeabi_ui2d                             0x0800a4fd   Thumb Code     0  dflt_clz.o(x$fpl$dfltu)
    _dfltu                                   0x0800a4fd   Thumb Code    38  dflt_clz.o(x$fpl$dfltu)
    __aeabi_cdcmple                          0x0800a525   Thumb Code     0  dleqf.o(x$fpl$dleqf)
    _dcmple                                  0x0800a525   Thumb Code   120  dleqf.o(x$fpl$dleqf)
    __fpl_dcmple_InfNaN                      0x0800a587   Thumb Code     0  dleqf.o(x$fpl$dleqf)
    __aeabi_dmul                             0x0800a59d   Thumb Code     0  dmul.o(x$fpl$dmul)
    _dmul                                    0x0800a59d   Thumb Code   332  dmul.o(x$fpl$dmul)
    __fpl_dnaninf                            0x0800a6f1   Thumb Code   156  dnaninf.o(x$fpl$dnaninf)
    __fpl_dretinf                            0x0800a78d   Thumb Code    12  dretinf.o(x$fpl$dretinf)
    __aeabi_cdrcmple                         0x0800a799   Thumb Code     0  drleqf.o(x$fpl$drleqf)
    _drcmple                                 0x0800a799   Thumb Code   108  drleqf.o(x$fpl$drleqf)
    __aeabi_dsub                             0x0800a805   Thumb Code     0  daddsub_clz.o(x$fpl$dsub)
    _dsub                                    0x0800a805   Thumb Code   464  daddsub_clz.o(x$fpl$dsub)
    __aeabi_f2d                              0x0800a9d9   Thumb Code     0  f2d.o(x$fpl$f2d)
    _f2d                                     0x0800a9d9   Thumb Code    86  f2d.o(x$fpl$f2d)
    __fpl_fnaninf                            0x0800aa2f   Thumb Code   140  fnaninf.o(x$fpl$fnaninf)
    _fp_init                                 0x0800aabb   Thumb Code    10  fpinit.o(x$fpl$fpinit)
    __fplib_config_fpu_vfp                   0x0800aac3   Thumb Code     0  fpinit.o(x$fpl$fpinit)
    __fplib_config_pureend_doubles           0x0800aac3   Thumb Code     0  fpinit.o(x$fpl$fpinit)
    __fpl_fretinf                            0x0800aac5   Thumb Code    10  fretinf.o(x$fpl$fretinf)
    _printf_fp_dec                           0x0800aacf   Thumb Code     4  printf1.o(x$fpl$printf1)
    F6x8                                     0x0800aad2   Data         552  oled.o(.constdata)
    __I$use$fp                               0x0800aad2   Number         0  usenofp.o(x$fpl$usenofp)
    F8X16                                    0x0800acfa   Data        1520  oled.o(.constdata)
    CRC8_INIT                                0x0800b2ea   Data           1  protocol.o(.constdata)
    CRC8_TAB                                 0x0800b2eb   Data         256  protocol.o(.constdata)
    wCRC_Table                               0x0800b3ec   Data         512  protocol.o(.constdata)
    memtblsize                               0x0800b5ec   Data          12  makos_memory.o(.constdata)
    memblksize                               0x0800b5f8   Data          12  makos_memory.o(.constdata)
    memsize                                  0x0800b604   Data          12  makos_memory.o(.constdata)
    Region$$Table$$Base                      0x0800b760   Number         0  anon$$obj.o(Region$$Table)
    Region$$Table$$Limit                     0x0800b780   Number         0  anon$$obj.o(Region$$Table)
    __ctype                                  0x0800b7a9   Data           0  lc_ctype_c.o(locale$$data)
    mem3base                                 0x10000000   Data       30720  makos_memory.o(.ARM.__AT_0x10000000)
    mem3mapbase                              0x10007800   Data        1920  makos_memory.o(.ARM.__AT_0x10007800)
    pwmval                                   0x20000000   Data           2  sentry_friction.o(.data)
    flag_pull                                0x20000002   Data           1  sentry_friction.o(.data)
    flag_R                                   0x20000004   Data           1  sentry_holder.o(.data)
    i                                        0x20000008   Data           4  sentry_holder.o(.data)
    flag_holder                              0x2000000c   Data           1  sentry_holder.o(.data)
    dir                                      0x2000000d   Data           1  sentry_holder.o(.data)
    remote_yaw                               0x2000000e   Data           2  sentry_holder.o(.data)
    remote_yaw2                              0x20000010   Data           2  sentry_holder.o(.data)
    remote_pitch                             0x20000012   Data           2  sentry_holder.o(.data)
    remote_pitch2                            0x20000014   Data           2  sentry_holder.o(.data)
    cur_pos1                                 0x20000018   Data           4  sentry_holder.o(.data)
    cur_pos2                                 0x2000001c   Data           4  sentry_holder.o(.data)
    cur_pos3                                 0x20000020   Data           4  sentry_holder.o(.data)
    cur_pos4                                 0x20000024   Data           4  sentry_holder.o(.data)
    tur_pos1                                 0x20000028   Data           4  sentry_holder.o(.data)
    tur_pos2                                 0x2000002c   Data           4  sentry_holder.o(.data)
    tur_pos3                                 0x20000030   Data           4  sentry_holder.o(.data)
    tur_pos4                                 0x20000034   Data           4  sentry_holder.o(.data)
    speed_o8                                 0x20000038   Data           4  sentry_holder.o(.data)
    speed_o7                                 0x2000003c   Data           4  sentry_holder.o(.data)
    speed_o6                                 0x20000040   Data           4  sentry_holder.o(.data)
    speed_o5                                 0x20000044   Data           4  sentry_holder.o(.data)
    VS_rx_Msg                                0x20000048   Data           8  user_usart.o(.data)
    usart1_irq_check                         0x20000050   Data          12  user_usart.o(.data)
    usart5_irq_check                         0x2000005c   Data          12  user_usart.o(.data)
    Target_Flag                              0x20000068   Data           1  user_usart.o(.data)
    Target_Flag_last                         0x20000069   Data           1  user_usart.o(.data)
    camera_num                               0x2000006a   Data           2  user_usart.o(.data)
    a_moment_x                               0x20000080   Data           4  user_usart.o(.data)
    a_moment_y                               0x20000084   Data           4  user_usart.o(.data)
    vision_a_k                               0x20000088   Data           4  user_usart.o(.data)
    vision_a_k_pitch                         0x2000008c   Data           4  user_usart.o(.data)
    flag_fass2                               0x2000009c   Data           1  user_usart.o(.data)
    flag_pass_x_base                         0x2000009d   Data           1  user_usart.o(.data)
    flag_pass_y_base                         0x2000009e   Data           1  user_usart.o(.data)
    yaw_new2020                              0x200000a0   Data           4  user_usart.o(.data)
    pitch_new2020                            0x200000a4   Data           4  user_usart.o(.data)
    dist_new2020                             0x200000a8   Data           4  user_usart.o(.data)
    yaw_angle2021                            0x200000ac   Data           4  user_usart.o(.data)
    pitch_angle2021                          0x200000b0   Data           4  user_usart.o(.data)
    get_flag                                 0x200000b4   Data           1  user_usart.o(.data)
    usart6_irq_check                         0x200000b8   Data          12  user_usart.o(.data)
    __count                                  0x200000c4   Data           4  user_usart.o(.data)
    cmdf                                     0x200000c8   Data           2  user_usart.o(.data)
    cmdr                                     0x200000ca   Data           2  user_usart.o(.data)
    SHOOT_CIRCLE_F                           0x200000cc   Data           2  user_usart.o(.data)
    SHOOT_CIRCLE_FF                          0x200000ce   Data           2  user_usart.o(.data)
    SHOOT_CIRCLE_G                           0x200000d0   Data           2  user_usart.o(.data)
    dma_write_len                            0x200000d4   Data           4  communicate.o(.data)
    fifo_overflow                            0x200000d8   Data           4  communicate.o(.data)
    senderID                                 0x200000e0   Data           1  task_judge.o(.data)
    clientID                                 0x200000e2   Data           2  task_judge.o(.data)
    color                                    0x200000e4   Data           1  task_judge.o(.data)
    send_judge_G                             0x200000e5   Data           1  task_judge.o(.data)
    power                                    0x200000e8   Data           4  task_judge.o(.data)
    magazine                                 0x200000ec   Data           1  task_remote.o(.data)
    led1                                     0x200000f8   Data          12  task_led.o(.data)
    led2                                     0x20000104   Data          12  task_led.o(.data)
    beep                                     0x20000110   Data          12  task_led.o(.data)
    led_user_period                          0x2000011c   Data           4  task_led.o(.data)
    checkdata_to_send                        0x20000120   Data           1  task_ano.o(.data)
    checksum_to_send                         0x20000121   Data           1  task_ano.o(.data)
    test_temp_kp                             0x20000124   Data           4  task_ano.o(.data)
    KeyBox                                   0x2000012d   Data           4  keyboard.o(.data)
    key_msg_front                            0x20000131   Data           1  keyboard.o(.data)
    key_msg_rear                             0x20000132   Data           1  keyboard.o(.data)
    key_msg_flag                             0x20000133   Data           1  keyboard.o(.data)
    trans_ok                                 0x20000138   Data           1  uart_dma.o(.data)
    DMA_memory_id                            0x20000139   Data           1  uart_dma.o(.data)
    uart_DMA_full_G                          0x2000013a   Data           1  uart_dma.o(.data)
    uart_idle_times                          0x2000013b   Data           1  uart_dma.o(.data)
    Free_Read_Rst                            0x2000013c   Data           1  uart_dma.o(.data)
    uart_idle_G                              0x20000140   Data           4  uart_dma.o(.data)
    pdbus                                    0x20000144   Data           4  dbus.o(.data)
    gpiox                                    0x20000148   Data           4  dbus.o(.data)
    pin                                      0x2000014c   Data           4  dbus.o(.data)
    irq_usart                                0x20000150   Data           1  dbus.o(.data)
    irq_dma                                  0x20000151   Data           1  dbus.o(.data)
    channel                                  0x20000154   Data           4  dbus.o(.data)
    stream                                   0x20000158   Data           4  dbus.o(.data)
    dma_it                                   0x2000015c   Data           4  dbus.o(.data)
    dbus_error_ms                            0x20000160   Data           4  dbus.o(.data)
    dmaif11                                  0x20000164   Data           4  dbus.o(.data)
    dmaif22                                  0x20000168   Data           4  dbus.o(.data)
    dma1_irq_check                           0x2000016c   Data          12  dbus.o(.data)
    dma2_irq_check                           0x20000178   Data          12  dbus.o(.data)
    frame                                    0x20000184   Data           1  timer.o(.data)
    speed                                    0x20000188   Data           4  timer.o(.data)
    last_pos                                 0x2000018c   Data           4  timer.o(.data)
    Hzk                                      0x20000190   Data         448  oled.o(.data)
    pic_test                                 0x20000350   Data         464  oled.o(.data)
    pic_test2                                0x20000520   Data        2048  oled.o(.data)
    pserial                                  0x20000d20   Data           4  usart.o(.data)
    uif1                                     0x20000d24   Data           4  usart.o(.data)
    uif2                                     0x20000d28   Data           4  usart.o(.data)
    uif3                                     0x20000d2c   Data           4  usart.o(.data)
    uif4                                     0x20000d30   Data           4  usart.o(.data)
    uif5                                     0x20000d34   Data           4  usart.o(.data)
    uif6                                     0x20000d38   Data           4  usart.o(.data)
    serial_init_flag                         0x20000d3c   Data           4  usart.o(.data)
    count                                    0x20000d40   Data           1  usart.o(.data)
    __stdout                                 0x20000d44   Data           4  usart.o(.data)
    TxCounter                                0x20000d48   Data           1  usart.o(.data)
    GPIO_InitStructure                       0x20000d74   Data           8  hc_ultrasonic.o(.data)
    NVIC_InitStructure                       0x20000d7c   Data           4  hc_ultrasonic.o(.data)
    HC_1                                     0x20000d80   Data           8  hc_ultrasonic.o(.data)
    HC_2                                     0x20000d88   Data           8  hc_ultrasonic.o(.data)
    cmd_ID                                   0x20000d90   Data           2  judgement_info.o(.data)
    data_Length                              0x20000d92   Data           2  judgement_info.o(.data)
    CRC_INIT                                 0x20000d94   Data           2  protocol.o(.data)
    KeyStatus                                0x20000d98   Data           2  ui_lib.o(.data)
    Cursor                                   0x20000d9c   Data           4  ui_lib.o(.data)
    Cursor_last                              0x20000da0   Data           4  ui_lib.o(.data)
    NowPage                                  0x20000da4   Data           4  ui_lib.o(.data)
    Menustatus                               0x20000da8   Data           4  ui_lib.o(.data)
    uintForNow                               0x20000dac   Data           1  ui_lib.o(.data)
    DataInterval                             0x20000db0   Data           4  ui_lib.o(.data)
    uintArray                                0x20000db8   Data          64  ui_lib.o(.data)
    DataToChangeNum                          0x20000df8   Data           4  ui_lib.o(.data)
    mainpage_callback                        0x20000dfc   Data           4  ui_lib.o(.data)
    dhead_flash                              0x20000e00   Data           8  ui_lib.o(.data)
    irq_pos                                  0x20000e08   Data           1  makos_critical.o(.data)
    tick_callback                            0x20000e0c   Data           4  makos_tick.o(.data)
    malloc_cortol                            0x20000e10   Data          36  makos_memory.o(.data)
    ptcb_curr                                0x20000e34   Data           4  makos_system.o(.data)
    ptcb_next                                0x20000e38   Data           4  makos_system.o(.data)
    system_clock                             0x20000e3c   Data           4  makos_tick_handle.o(.data)
    print_flag                               0x20000e40   Data           1  makos_print.o(.data)
    dhead_print                              0x20000e44   Data           8  makos_print.o(.data)
    cpu_print                                0x20000e4c   Data           4  makos_idle.o(.data)
    cpu_print_mark                           0x20000e50   Data           4  makos_idle.o(.data)
    app_key1                                 0x20000e54   Data           1  makos_resolver.o(.data)
    app_key2                                 0x20000e55   Data           1  makos_resolver.o(.data)
    app_key3                                 0x20000e56   Data           1  makos_resolver.o(.data)
    app_key4                                 0x20000e57   Data           1  makos_resolver.o(.data)
    app_key5                                 0x20000e58   Data           1  makos_resolver.o(.data)
    app_key6                                 0x20000e59   Data           1  makos_resolver.o(.data)
    app_bar1                                 0x20000e5a   Data           1  makos_resolver.o(.data)
    app_bar2                                 0x20000e5b   Data           1  makos_resolver.o(.data)
    app_bar3                                 0x20000e5c   Data           1  makos_resolver.o(.data)
    dhead_resolve                            0x20000e60   Data           8  makos_resolver.o(.data)
    record_flag                              0x20000e68   Data           4  makos_record.o(.data)
    record_write                             0x20000e6c   Data           4  makos_record.o(.data)
    record_print                             0x20000e70   Data           4  makos_record.o(.data)
    CAN1_DATA                                0x20000e84   Data        1024  user_can.o(.bss)
    CAN2_DATA                                0x20001284   Data        1024  user_can.o(.bss)
    can_data                                 0x20001684   Data          16  user_can.o(.bss)
    Camera_Uart_Buffer                       0x20001694   Data         256  user_usart.o(.bss)
    camera_new                               0x20001794   Data          12  user_usart.o(.bss)
    main_page                                0x200017a0   Data         164  ui.o(.bss)
    param_set_page                           0x20001844   Data         164  ui.o(.bss)
    data_Show_page                           0x200018e8   Data         164  ui.o(.bss)
    vs_param_set_page                        0x2000198c   Data         164  ui.o(.bss)
    chassis_msg                              0x20001d2c   Data          28  task_remote.o(.bss)
    holder_msg                               0x20001d48   Data          28  task_remote.o(.bss)
    shoot_msg                                0x20001d64   Data          28  task_remote.o(.bss)
    remote_msg                               0x20001d80   Data          28  task_remote.o(.bss)
    sentry_msg                               0x20001d9c   Data          28  task_remote.o(.bss)
    task_remote_buff                         0x20001db8   Data          36  task_remote.o(.bss)
    ANO_data                                 0x20001ddc   Data         108  task_ano.o(.bss)
    f                                        0x20001e48   Data          12  task_ano.o(.bss)
    data_to_send                             0x20001e54   Data          50  task_ano.o(.bss)
    key_msg                                  0x20001eb8   Data          40  keyboard.o(.bss)
    SendBuff                                 0x20001ee0   Data          70  uart_dma.o(.bss)
    ReadBuff                                 0x20001f26   Data        1024  uart_dma.o(.bss)
    ReadBuff2                                0x20002326   Data        1024  uart_dma.o(.bss)
    DMA_InitStructure_tx                     0x20002728   Data          60  uart_dma.o(.bss)
    remote_buff                              0x20002764   Data          18  dbus.o(.bss)
    canrate                                  0x20002778   Data          72  timer.o(.bss)
    TxBuffer                                 0x200027c0   Data         256  usart.o(.bss)
    judge_recv_mesg                          0x20002968   Data          70  judgement_info.o(.bss)
    client_custom_data                       0x200029ae   Data          19  judgement_info.o(.bss)
    irq_stat                                 0x200029c4   Data          60  makos_critical.o(.bss)
    mem1base                                 0x20002a00   Data       71680  makos_memory.o(.bss)
    mem1mapbase                              0x20014200   Data        4480  makos_memory.o(.bss)
    system_param                             0x20015380   Data          84  makos_system.o(.bss)
    pipe_resolver                            0x200153d4   Data          20  makos_resolver.o(.bss)
    record_buff                              0x200153e8   Data        1024  makos_record.o(.bss)
    __libspace_start                         0x200157e8   Data          96  libspace.o(.bss)
    __temporary_stack_top$libspace           0x20015848   Data           0  libspace.o(.bss)
    mem2base                                 0x68000000   Data       983040  makos_memory.o(.ARM.__AT_0x68000000)
    mem2mapbase                              0x680f0000   Data       61440  makos_memory.o(.ARM.__AT_0x680F0000)



==============================================================================

Memory Map of the image

  Image Entry point : 0x08000189

  Load Region LR_IROM1 (Base: 0x08000000, Size: 0x0000c730, Max: 0x00100000, ABSOLUTE, COMPRESSED[0x0000bc08])

    Execution Region ER_IROM1 (Exec base: 0x08000000, Load base: 0x08000000, Size: 0x0000b8ac, Max: 0x00100000, ABSOLUTE)

    Exec Addr    Load Addr    Size         Type   Attr      Idx    E Section Name        Object

    0x08000000   0x08000000   0x00000188   Data   RO         7810    RESET               startup_stm32f40xx.o
    0x08000188   0x08000188   0x00000008   Code   RO         8243  * !!!main             c_w.l(__main.o)
    0x08000190   0x08000190   0x00000034   Code   RO         8681    !!!scatter          c_w.l(__scatter.o)
    0x080001c4   0x080001c4   0x0000005a   Code   RO         8679    !!dczerorl2         c_w.l(__dczerorl2.o)
    0x0800021e   0x0800021e   0x00000002   PAD
    0x08000220   0x08000220   0x0000001c   Code   RO         8683    !!handler_zi        c_w.l(__scatter_zi.o)
    0x0800023c   0x0800023c   0x00000000   Code   RO         8232    .ARM.Collect$$_printf_percent$$00000000  c_w.l(_printf_percent.o)
    0x0800023c   0x0800023c   0x00000006   Code   RO         8375    .ARM.Collect$$_printf_percent$$00000001  c_w.l(_printf_n.o)
    0x08000242   0x08000242   0x00000006   Code   RO         8376    .ARM.Collect$$_printf_percent$$00000002  c_w.l(_printf_p.o)
    0x08000248   0x08000248   0x00000006   Code   RO         8231    .ARM.Collect$$_printf_percent$$00000003  c_w.l(_printf_f.o)
    0x0800024e   0x0800024e   0x00000006   Code   RO         8380    .ARM.Collect$$_printf_percent$$00000004  c_w.l(_printf_e.o)
    0x08000254   0x08000254   0x00000006   Code   RO         8381    .ARM.Collect$$_printf_percent$$00000005  c_w.l(_printf_g.o)
    0x0800025a   0x0800025a   0x00000006   Code   RO         8382    .ARM.Collect$$_printf_percent$$00000006  c_w.l(_printf_a.o)
    0x08000260   0x08000260   0x0000000a   Code   RO         8387    .ARM.Collect$$_printf_percent$$00000007  c_w.l(_printf_ll.o)
    0x0800026a   0x0800026a   0x00000006   Code   RO         8378    .ARM.Collect$$_printf_percent$$00000008  c_w.l(_printf_i.o)
    0x08000270   0x08000270   0x00000006   Code   RO         8230    .ARM.Collect$$_printf_percent$$00000009  c_w.l(_printf_d.o)
    0x08000276   0x08000276   0x00000006   Code   RO         8379    .ARM.Collect$$_printf_percent$$0000000A  c_w.l(_printf_u.o)
    0x0800027c   0x0800027c   0x00000006   Code   RO         8377    .ARM.Collect$$_printf_percent$$0000000B  c_w.l(_printf_o.o)
    0x08000282   0x08000282   0x00000006   Code   RO         8229    .ARM.Collect$$_printf_percent$$0000000C  c_w.l(_printf_x.o)
    0x08000288   0x08000288   0x00000006   Code   RO         8384    .ARM.Collect$$_printf_percent$$0000000D  c_w.l(_printf_lli.o)
    0x0800028e   0x0800028e   0x00000006   Code   RO         8385    .ARM.Collect$$_printf_percent$$0000000E  c_w.l(_printf_lld.o)
    0x08000294   0x08000294   0x00000006   Code   RO         8386    .ARM.Collect$$_printf_percent$$0000000F  c_w.l(_printf_llu.o)
    0x0800029a   0x0800029a   0x00000006   Code   RO         8391    .ARM.Collect$$_printf_percent$$00000010  c_w.l(_printf_llo.o)
    0x080002a0   0x080002a0   0x00000006   Code   RO         8392    .ARM.Collect$$_printf_percent$$00000011  c_w.l(_printf_llx.o)
    0x080002a6   0x080002a6   0x0000000a   Code   RO         8388    .ARM.Collect$$_printf_percent$$00000012  c_w.l(_printf_l.o)
    0x080002b0   0x080002b0   0x00000006   Code   RO         8374    .ARM.Collect$$_printf_percent$$00000013  c_w.l(_printf_c.o)
    0x080002b6   0x080002b6   0x00000006   Code   RO         8228    .ARM.Collect$$_printf_percent$$00000014  c_w.l(_printf_s.o)
    0x080002bc   0x080002bc   0x00000006   Code   RO         8389    .ARM.Collect$$_printf_percent$$00000015  c_w.l(_printf_lc.o)
    0x080002c2   0x080002c2   0x00000006   Code   RO         8390    .ARM.Collect$$_printf_percent$$00000016  c_w.l(_printf_ls.o)
    0x080002c8   0x080002c8   0x00000004   Code   RO         8383    .ARM.Collect$$_printf_percent$$00000017  c_w.l(_printf_percent_end.o)
    0x080002cc   0x080002cc   0x00000002   Code   RO         8617    .ARM.Collect$$libinit$$00000000  c_w.l(libinit.o)
    0x080002ce   0x080002ce   0x00000004   Code   RO         8395    .ARM.Collect$$libinit$$00000001  c_w.l(libinit2.o)
    0x080002d2   0x080002d2   0x00000000   Code   RO         8398    .ARM.Collect$$libinit$$00000004  c_w.l(libinit2.o)
    0x080002d2   0x080002d2   0x00000000   Code   RO         8401    .ARM.Collect$$libinit$$0000000A  c_w.l(libinit2.o)
    0x080002d2   0x080002d2   0x00000000   Code   RO         8403    .ARM.Collect$$libinit$$0000000C  c_w.l(libinit2.o)
    0x080002d2   0x080002d2   0x00000000   Code   RO         8405    .ARM.Collect$$libinit$$0000000E  c_w.l(libinit2.o)
    0x080002d2   0x080002d2   0x00000006   Code   RO         8406    .ARM.Collect$$libinit$$0000000F  c_w.l(libinit2.o)
    0x080002d8   0x080002d8   0x00000000   Code   RO         8408    .ARM.Collect$$libinit$$00000011  c_w.l(libinit2.o)
    0x080002d8   0x080002d8   0x0000000c   Code   RO         8409    .ARM.Collect$$libinit$$00000012  c_w.l(libinit2.o)
    0x080002e4   0x080002e4   0x00000000   Code   RO         8410    .ARM.Collect$$libinit$$00000013  c_w.l(libinit2.o)
    0x080002e4   0x080002e4   0x00000000   Code   RO         8412    .ARM.Collect$$libinit$$00000015  c_w.l(libinit2.o)
    0x080002e4   0x080002e4   0x0000000a   Code   RO         8413    .ARM.Collect$$libinit$$00000016  c_w.l(libinit2.o)
    0x080002ee   0x080002ee   0x00000000   Code   RO         8414    .ARM.Collect$$libinit$$00000017  c_w.l(libinit2.o)
    0x080002ee   0x080002ee   0x00000000   Code   RO         8416    .ARM.Collect$$libinit$$00000019  c_w.l(libinit2.o)
    0x080002ee   0x080002ee   0x00000000   Code   RO         8418    .ARM.Collect$$libinit$$0000001B  c_w.l(libinit2.o)
    0x080002ee   0x080002ee   0x00000000   Code   RO         8420    .ARM.Collect$$libinit$$0000001D  c_w.l(libinit2.o)
    0x080002ee   0x080002ee   0x00000000   Code   RO         8422    .ARM.Collect$$libinit$$0000001F  c_w.l(libinit2.o)
    0x080002ee   0x080002ee   0x00000000   Code   RO         8424    .ARM.Collect$$libinit$$00000021  c_w.l(libinit2.o)
    0x080002ee   0x080002ee   0x00000000   Code   RO         8426    .ARM.Collect$$libinit$$00000023  c_w.l(libinit2.o)
    0x080002ee   0x080002ee   0x00000000   Code   RO         8428    .ARM.Collect$$libinit$$00000025  c_w.l(libinit2.o)
    0x080002ee   0x080002ee   0x00000000   Code   RO         8432    .ARM.Collect$$libinit$$0000002C  c_w.l(libinit2.o)
    0x080002ee   0x080002ee   0x00000000   Code   RO         8434    .ARM.Collect$$libinit$$0000002E  c_w.l(libinit2.o)
    0x080002ee   0x080002ee   0x00000000   Code   RO         8436    .ARM.Collect$$libinit$$00000030  c_w.l(libinit2.o)
    0x080002ee   0x080002ee   0x00000000   Code   RO         8438    .ARM.Collect$$libinit$$00000032  c_w.l(libinit2.o)
    0x080002ee   0x080002ee   0x00000002   Code   RO         8439    .ARM.Collect$$libinit$$00000033  c_w.l(libinit2.o)
    0x080002f0   0x080002f0   0x00000002   Code   RO         8676    .ARM.Collect$$libshutdown$$00000000  c_w.l(libshutdown.o)
    0x080002f2   0x080002f2   0x00000000   Code   RO         8632    .ARM.Collect$$libshutdown$$00000002  c_w.l(libshutdown2.o)
    0x080002f2   0x080002f2   0x00000000   Code   RO         8634    .ARM.Collect$$libshutdown$$00000004  c_w.l(libshutdown2.o)
    0x080002f2   0x080002f2   0x00000000   Code   RO         8637    .ARM.Collect$$libshutdown$$00000007  c_w.l(libshutdown2.o)
    0x080002f2   0x080002f2   0x00000000   Code   RO         8640    .ARM.Collect$$libshutdown$$0000000A  c_w.l(libshutdown2.o)
    0x080002f2   0x080002f2   0x00000000   Code   RO         8642    .ARM.Collect$$libshutdown$$0000000C  c_w.l(libshutdown2.o)
    0x080002f2   0x080002f2   0x00000000   Code   RO         8645    .ARM.Collect$$libshutdown$$0000000F  c_w.l(libshutdown2.o)
    0x080002f2   0x080002f2   0x00000002   Code   RO         8646    .ARM.Collect$$libshutdown$$00000010  c_w.l(libshutdown2.o)
    0x080002f4   0x080002f4   0x00000000   Code   RO         8317    .ARM.Collect$$rtentry$$00000000  c_w.l(__rtentry.o)
    0x080002f4   0x080002f4   0x00000000   Code   RO         8501    .ARM.Collect$$rtentry$$00000002  c_w.l(__rtentry2.o)
    0x080002f4   0x080002f4   0x00000006   Code   RO         8513    .ARM.Collect$$rtentry$$00000004  c_w.l(__rtentry4.o)
    0x080002fa   0x080002fa   0x00000000   Code   RO         8503    .ARM.Collect$$rtentry$$00000009  c_w.l(__rtentry2.o)
    0x080002fa   0x080002fa   0x00000004   Code   RO         8504    .ARM.Collect$$rtentry$$0000000A  c_w.l(__rtentry2.o)
    0x080002fe   0x080002fe   0x00000000   Code   RO         8506    .ARM.Collect$$rtentry$$0000000C  c_w.l(__rtentry2.o)
    0x080002fe   0x080002fe   0x00000008   Code   RO         8507    .ARM.Collect$$rtentry$$0000000D  c_w.l(__rtentry2.o)
    0x08000306   0x08000306   0x00000002   Code   RO         8618    .ARM.Collect$$rtexit$$00000000  c_w.l(rtexit.o)
    0x08000308   0x08000308   0x00000000   Code   RO         8650    .ARM.Collect$$rtexit$$00000002  c_w.l(rtexit2.o)
    0x08000308   0x08000308   0x00000004   Code   RO         8651    .ARM.Collect$$rtexit$$00000003  c_w.l(rtexit2.o)
    0x0800030c   0x0800030c   0x00000006   Code   RO         8652    .ARM.Collect$$rtexit$$00000004  c_w.l(rtexit2.o)
    0x08000312   0x08000312   0x00000002   PAD
    0x08000314   0x08000314   0x0000004c   Code   RO         3686    .emb_text           makos_pendsv.o
    0x08000360   0x08000360   0x00000040   Code   RO         7811    .text               startup_stm32f40xx.o
    0x080003a0   0x080003a0   0x00000002   Code   RO         8111    .text               c_w.l(use_no_semi_2.o)
    0x080003a2   0x080003a2   0x00000002   PAD
    0x080003a4   0x080003a4   0x00000024   Code   RO         8175    .text               c_w.l(c89vsprintf.o)
    0x080003c8   0x080003c8   0x00000018   Code   RO         8177    .text               c_w.l(__2printf.o)
    0x080003e0   0x080003e0   0x00000052   Code   RO         8183    .text               c_w.l(_printf_str.o)
    0x08000432   0x08000432   0x00000002   PAD
    0x08000434   0x08000434   0x00000078   Code   RO         8185    .text               c_w.l(_printf_dec.o)
    0x080004ac   0x080004ac   0x00000094   Code   RO         8205    .text               c_w.l(_printf_hex_int_ll_ptr.o)
    0x08000540   0x08000540   0x00000188   Code   RO         8225    .text               c_w.l(__printf_flags_ss_wp.o)
    0x080006c8   0x080006c8   0x0000008a   Code   RO         8233    .text               c_w.l(rt_memcpy_v6.o)
    0x08000752   0x08000752   0x00000064   Code   RO         8235    .text               c_w.l(rt_memcpy_w.o)
    0x080007b6   0x080007b6   0x0000004e   Code   RO         8237    .text               c_w.l(rt_memclr_w.o)
    0x08000804   0x08000804   0x00000080   Code   RO         8239    .text               c_w.l(strcmpv7m.o)
    0x08000884   0x08000884   0x00000006   Code   RO         8241    .text               c_w.l(heapauxi.o)
    0x0800088a   0x0800088a   0x00000002   Code   RO         8313    .text               c_w.l(use_no_semi.o)
    0x0800088c   0x0800088c   0x0000004e   Code   RO         8345    .text               c_w.l(_printf_pad.o)
    0x080008da   0x080008da   0x00000024   Code   RO         8347    .text               c_w.l(_printf_truncate.o)
    0x080008fe   0x080008fe   0x000000b2   Code   RO         8349    .text               c_w.l(_printf_intcommon.o)
    0x080009b0   0x080009b0   0x00000028   Code   RO         8351    .text               c_w.l(_printf_charcount.o)
    0x080009d8   0x080009d8   0x0000041e   Code   RO         8353    .text               c_w.l(_printf_fp_dec.o)
    0x08000df6   0x08000df6   0x00000002   PAD
    0x08000df8   0x08000df8   0x00000030   Code   RO         8355    .text               c_w.l(_printf_char_common.o)
    0x08000e28   0x08000e28   0x0000000a   Code   RO         8357    .text               c_w.l(_sputc.o)
    0x08000e32   0x08000e32   0x0000002c   Code   RO         8359    .text               c_w.l(_printf_char.o)
    0x08000e5e   0x08000e5e   0x00000002   PAD
    0x08000e60   0x08000e60   0x00000024   Code   RO         8361    .text               c_w.l(_printf_char_file.o)
    0x08000e84   0x08000e84   0x000000bc   Code   RO         8363    .text               c_w.l(_printf_wctomb.o)
    0x08000f40   0x08000f40   0x0000007c   Code   RO         8366    .text               c_w.l(_printf_longlong_dec.o)
    0x08000fbc   0x08000fbc   0x00000070   Code   RO         8372    .text               c_w.l(_printf_oct_int_ll.o)
    0x0800102c   0x0800102c   0x00000008   Code   RO         8497    .text               c_w.l(libspace.o)
    0x08001034   0x08001034   0x00000008   Code   RO         8518    .text               c_w.l(rt_locale_intlibspace.o)
    0x0800103c   0x0800103c   0x0000008a   Code   RO         8533    .text               c_w.l(lludiv10.o)
    0x080010c6   0x080010c6   0x00000002   PAD
    0x080010c8   0x080010c8   0x00000080   Code   RO         8535    .text               c_w.l(_printf_fp_infnan.o)
    0x08001148   0x08001148   0x0000002c   Code   RO         8539    .text               c_w.l(_printf_wchar.o)
    0x08001174   0x08001174   0x000000e4   Code   RO         8541    .text               c_w.l(bigflt0.o)
    0x08001258   0x08001258   0x00000008   Code   RO         8566    .text               c_w.l(ferror.o)
    0x08001260   0x08001260   0x00000040   Code   RO         8570    .text               c_w.l(_wcrtomb.o)
    0x080012a0   0x080012a0   0x0000004a   Code   RO         8594    .text               c_w.l(sys_stackheap_outer.o)
    0x080012ea   0x080012ea   0x00000002   PAD
    0x080012ec   0x080012ec   0x00000010   Code   RO         8596    .text               c_w.l(rt_ctype_table.o)
    0x080012fc   0x080012fc   0x00000012   Code   RO         8602    .text               c_w.l(exit.o)
    0x0800130e   0x0800130e   0x0000003e   Code   RO         8544    CL$$btod_d2e        c_w.l(btod.o)
    0x0800134c   0x0800134c   0x00000046   Code   RO         8546    CL$$btod_d2e_denorm_low  c_w.l(btod.o)
    0x08001392   0x08001392   0x00000060   Code   RO         8545    CL$$btod_d2e_norm_op1  c_w.l(btod.o)
    0x080013f2   0x080013f2   0x00000338   Code   RO         8554    CL$$btod_div_common  c_w.l(btod.o)
    0x0800172a   0x0800172a   0x000000dc   Code   RO         8551    CL$$btod_e2e        c_w.l(btod.o)
    0x08001806   0x08001806   0x0000002a   Code   RO         8548    CL$$btod_ediv       c_w.l(btod.o)
    0x08001830   0x08001830   0x0000002a   Code   RO         8547    CL$$btod_emul       c_w.l(btod.o)
    0x0800185a   0x0800185a   0x00000244   Code   RO         8553    CL$$btod_mult_common  c_w.l(btod.o)
    0x08001a9e   0x08001a9e   0x00000002   PAD
    0x08001aa0   0x08001aa0   0x000000e0   Code   RO         1616    i.ANO_DT_Data_Receive_Prepare  task_ano.o
    0x08001b80   0x08001b80   0x00000020   Code   RO         4946    i.BusFault_Handler  stm32f4xx_it.o
    0x08001ba0   0x08001ba0   0x0000001c   Code   RO         2233    i.CAN1_Configuration  can.o
    0x08001bbc   0x08001bbc   0x00000050   Code   RO         2234    i.CAN1_GPIO_Configuration  can.o
    0x08001c0c   0x08001c0c   0x0000003c   Code   RO         2235    i.CAN1_NVIC_Configuration  can.o
    0x08001c48   0x08001c48   0x00000118   Code   RO          772    i.CAN1_RX0_IRQHandler  user_can.o
    0x08001d60   0x08001d60   0x00000028   Code   RO          773    i.CAN1_TX_IRQHandler  user_can.o
    0x08001d88   0x08001d88   0x000000a4   Code   RO         2237    i.CAN1_mode_Configuration  can.o
    0x08001e2c   0x08001e2c   0x000001f0   Code   RO          774    i.CAN2_RX0_IRQHandler  user_can.o
    0x0800201c   0x0800201c   0x00000028   Code   RO          775    i.CAN2_TX_IRQHandler  user_can.o
    0x08002044   0x08002044   0x00000038   Code   RO         5439    i.CAN_ClearFlag     stm32f4xx_can.o
    0x0800207c   0x0800207c   0x000000a8   Code   RO         5440    i.CAN_ClearITPendingBit  stm32f4xx_can.o
    0x08002124   0x08002124   0x00000038   Code   RO         5442    i.CAN_DeInit        stm32f4xx_can.o
    0x0800215c   0x0800215c   0x00000108   Code   RO         5444    i.CAN_FilterInit    stm32f4xx_can.o
    0x08002264   0x08002264   0x00000120   Code   RO         5446    i.CAN_GetITStatus   stm32f4xx_can.o
    0x08002384   0x08002384   0x00000012   Code   RO         5450    i.CAN_ITConfig      stm32f4xx_can.o
    0x08002396   0x08002396   0x00000114   Code   RO         5451    i.CAN_Init          stm32f4xx_can.o
    0x080024aa   0x080024aa   0x000000f0   Code   RO         5454    i.CAN_Receive       stm32f4xx_can.o
    0x0800259a   0x0800259a   0x00000020   Code   RO         5457    i.CAN_StructInit    stm32f4xx_can.o
    0x080025ba   0x080025ba   0x00000126   Code   RO         5459    i.CAN_Transmit      stm32f4xx_can.o
    0x080026e0   0x080026e0   0x000000d8   Code   RO          338    i.Can_out           sentry_pull.o
    0x080027b8   0x080027b8   0x00000600   Code   RO         3581    i.ChangeData        ui_lib.o
    0x08002db8   0x08002db8   0x00000012   Code   RO         5462    i.CheckITStatus     stm32f4xx_can.o
    0x08002dca   0x08002dca   0x00000002   PAD
    0x08002dcc   0x08002dcc   0x00000044   Code   RO         1849    i.DMA1_Stream1_IRQHandler  uart_dma.o
    0x08002e10   0x08002e10   0x0000004c   Code   RO         2004    i.DMA2_Stream2_IRQHandler  dbus.o
    0x08002e5c   0x08002e5c   0x00000034   Code   RO         5608    i.DMA_ClearFlag     stm32f4xx_dma.o
    0x08002e90   0x08002e90   0x00000034   Code   RO         5609    i.DMA_ClearITPendingBit  stm32f4xx_dma.o
    0x08002ec4   0x08002ec4   0x00000016   Code   RO         5610    i.DMA_Cmd           stm32f4xx_dma.o
    0x08002eda   0x08002eda   0x00000002   PAD
    0x08002edc   0x08002edc   0x00000158   Code   RO         5611    i.DMA_DeInit        stm32f4xx_dma.o
    0x08003034   0x08003034   0x00000016   Code   RO         5612    i.DMA_DoubleBufferModeCmd  stm32f4xx_dma.o
    0x0800304a   0x0800304a   0x00000018   Code   RO         5613    i.DMA_DoubleBufferModeConfig  stm32f4xx_dma.o
    0x08003062   0x08003062   0x00000014   Code   RO         5615    i.DMA_GetCmdStatus  stm32f4xx_dma.o
    0x08003076   0x08003076   0x00000008   Code   RO         5616    i.DMA_GetCurrDataCounter  stm32f4xx_dma.o
    0x0800307e   0x0800307e   0x00000014   Code   RO         5617    i.DMA_GetCurrentMemoryTarget  stm32f4xx_dma.o
    0x08003092   0x08003092   0x00000002   PAD
    0x08003094   0x08003094   0x00000044   Code   RO         5619    i.DMA_GetFlagStatus  stm32f4xx_dma.o
    0x080030d8   0x080030d8   0x00000064   Code   RO         5620    i.DMA_GetITStatus   stm32f4xx_dma.o
    0x0800313c   0x0800313c   0x0000003a   Code   RO         5621    i.DMA_ITConfig      stm32f4xx_dma.o
    0x08003176   0x08003176   0x00000002   PAD
    0x08003178   0x08003178   0x00000058   Code   RO         5622    i.DMA_Init          stm32f4xx_dma.o
    0x080031d0   0x080031d0   0x00000020   Code   RO         4947    i.DebugMon_Handler  stm32f4xx_it.o
    0x080031f0   0x080031f0   0x000000b4   Code   RO         1850    i.Debug_USART_Config  uart_dma.o
    0x080032a4   0x080032a4   0x00000050   Code   RO         2169    i.Delay_Timer_Init  timer.o
    0x080032f4   0x080032f4   0x0000000c   Code   RO         5812    i.FLASH_ClearFlag   stm32f4xx_flash.o
    0x08003300   0x08003300   0x00000088   Code   RO         5818    i.FLASH_EraseSector  stm32f4xx_flash.o
    0x08003388   0x08003388   0x00000054   Code   RO         5820    i.FLASH_GetStatus   stm32f4xx_flash.o
    0x080033dc   0x080033dc   0x00000014   Code   RO         5824    i.FLASH_Lock        stm32f4xx_flash.o
    0x080033f0   0x080033f0   0x00000050   Code   RO         5848    i.FLASH_ProgramWord  stm32f4xx_flash.o
    0x08003440   0x08003440   0x00000024   Code   RO         5850    i.FLASH_Unlock      stm32f4xx_flash.o
    0x08003464   0x08003464   0x00000022   Code   RO         5851    i.FLASH_WaitForLastOperation  stm32f4xx_flash.o
    0x08003486   0x08003486   0x00000002   PAD
    0x08003488   0x08003488   0x0000001c   Code   RO         4948    i.FPU_IRQHandler    stm32f4xx_it.o
    0x080034a4   0x080034a4   0x00000024   Code   RO         3228    i.Flash_EraseSector  stm32_flash.o
    0x080034c8   0x080034c8   0x0000001a   Code   RO         3230    i.Flash_Read32BitDatas  stm32_flash.o
    0x080034e2   0x080034e2   0x00000074   Code   RO         3233    i.Flash_Write32BitDatas  stm32_flash.o
    0x08003556   0x08003556   0x0000001e   Code   RO         3582    i.Float2U32         ui_lib.o
    0x08003574   0x08003574   0x00000090   Code   RO         6074    i.GPIO_Init         stm32f4xx_gpio.o
    0x08003604   0x08003604   0x00000046   Code   RO         6075    i.GPIO_PinAFConfig  stm32f4xx_gpio.o
    0x0800364a   0x0800364a   0x00000012   Code   RO         6078    i.GPIO_ReadInputDataBit  stm32f4xx_gpio.o
    0x0800365c   0x0800365c   0x00000004   Code   RO         6081    i.GPIO_ResetBits    stm32f4xx_gpio.o
    0x08003660   0x08003660   0x00000004   Code   RO         6082    i.GPIO_SetBits      stm32f4xx_gpio.o
    0x08003664   0x08003664   0x000000e4   Code   RO         3235    i.GetSector         stm32_flash.o
    0x08003748   0x08003748   0x0000006c   Code   RO         1787    i.Get_KeyFifo       keyboard.o
    0x080037b4   0x080037b4   0x00000034   Code   RO         4949    i.HardFault_Handler  stm32f4xx_it.o
    0x080037e8   0x080037e8   0x0000002a   Code   RO         6182    i.I2C_CheckEvent    stm32f4xx_i2c.o
    0x08003812   0x08003812   0x00000018   Code   RO         6185    i.I2C_Cmd           stm32f4xx_i2c.o
    0x0800382a   0x0800382a   0x00000002   PAD
    0x0800382c   0x0800382c   0x00000060   Code   RO         6188    i.I2C_DeInit        stm32f4xx_i2c.o
    0x0800388c   0x0800388c   0x00000018   Code   RO         6193    i.I2C_GenerateSTART  stm32f4xx_i2c.o
    0x080038a4   0x080038a4   0x00000018   Code   RO         6194    i.I2C_GenerateSTOP  stm32f4xx_i2c.o
    0x080038bc   0x080038bc   0x0000003a   Code   RO         6195    i.I2C_GetFlagStatus  stm32f4xx_i2c.o
    0x080038f6   0x080038f6   0x00000002   PAD
    0x080038f8   0x080038f8   0x000000e8   Code   RO         6200    i.I2C_Init          stm32f4xx_i2c.o
    0x080039e0   0x080039e0   0x00000010   Code   RO         6207    i.I2C_Send7bitAddress  stm32f4xx_i2c.o
    0x080039f0   0x080039f0   0x00000004   Code   RO         6208    i.I2C_SendData      stm32f4xx_i2c.o
    0x080039f4   0x080039f4   0x000000f8   Code   RO         2402    i.I2C_WriteByte     oled.o
    0x08003aec   0x08003aec   0x00000104   Code   RO          522    i.Init_hlolder      sentry_holder.o
    0x08003bf0   0x08003bf0   0x000000f4   Code   RO         3583    i.Key_Event         ui_lib.o
    0x08003ce4   0x08003ce4   0x0000001a   Code   RO          646    i.LPF               lpf_and_test.o
    0x08003cfe   0x08003cfe   0x00000002   PAD
    0x08003d00   0x08003d00   0x00000020   Code   RO         4950    i.MemManage_Handler  stm32f4xx_it.o
    0x08003d20   0x08003d20   0x0000001c   Code   RO         4951    i.NMI_Handler       stm32f4xx_it.o
    0x08003d3c   0x08003d3c   0x00000078   Code   RO         5019    i.NVIC_Init         misc.o
    0x08003db4   0x08003db4   0x00000014   Code   RO         5020    i.NVIC_PriorityGroupConfig  misc.o
    0x08003dc8   0x08003dc8   0x00000048   Code   RO         2403    i.OLED_Clear        oled.o
    0x08003e10   0x08003e10   0x00000078   Code   RO         2406    i.OLED_DrawBMP      oled.o
    0x08003e88   0x08003e88   0x000001c0   Code   RO         2407    i.OLED_Init         oled.o
    0x08004048   0x08004048   0x000000f8   Code   RO         2409    i.OLED_PrintVar     oled.o
    0x08004140   0x08004140   0x00000034   Code   RO         2410    i.OLED_Set_Pos      oled.o
    0x08004174   0x08004174   0x00000058   Code   RO         2412    i.OLED_ShowChar     oled.o
    0x080041cc   0x080041cc   0x0000004c   Code   RO         2414    i.OLED_ShowString   oled.o
    0x08004218   0x08004218   0x00000024   Code   RO         2415    i.OLED_WR_Byte      oled.o
    0x0800423c   0x0800423c   0x00000028   Code   RO         1254    i.OLED_data_save    ui.o
    0x08004264   0x08004264   0x0000003c   Code   RO         2416    i.OLED_printf       oled.o
    0x080042a0   0x080042a0   0x00000010   Code   RO         1255    i.OS_menu           ui.o
    0x080042b0   0x080042b0   0x0000017c   Code   RO         2851    i.OnDataReceived    imu_data_decode.o
    0x0800442c   0x0800442c   0x00000038   Code   RO         1178    i.PID_Struct_Init   pid.o
    0x08004464   0x08004464   0x000000da   Code   RO         1184    i.PID_Update_Incre  pid.o
    0x0800453e   0x0800453e   0x000000d6   Code   RO         1186    i.PID_vision        pid.o
    0x08004614   0x08004614   0x00000138   Code   RO         2605    i.PWM_iic_init      pwm.o
    0x0800474c   0x0800474c   0x00000130   Code   RO         2606    i.PWM_init          pwm.o
    0x0800487c   0x0800487c   0x000001a4   Code   RO         2918    i.Packet_Decode     imu_packet.o
    0x08004a20   0x08004a20   0x00000020   Code   RO         2919    i.Packet_DecodeInit  imu_packet.o
    0x08004a40   0x08004a40   0x00000020   Code   RO         6409    i.RCC_AHB1PeriphClockCmd  stm32f4xx_rcc.o
    0x08004a60   0x08004a60   0x00000020   Code   RO         6412    i.RCC_AHB2PeriphClockCmd  stm32f4xx_rcc.o
    0x08004a80   0x08004a80   0x00000020   Code   RO         6418    i.RCC_APB1PeriphClockCmd  stm32f4xx_rcc.o
    0x08004aa0   0x08004aa0   0x00000020   Code   RO         6420    i.RCC_APB1PeriphResetCmd  stm32f4xx_rcc.o
    0x08004ac0   0x08004ac0   0x00000020   Code   RO         6421    i.RCC_APB2PeriphClockCmd  stm32f4xx_rcc.o
    0x08004ae0   0x08004ae0   0x00000020   Code   RO         6423    i.RCC_APB2PeriphResetCmd  stm32f4xx_rcc.o
    0x08004b00   0x08004b00   0x000000e8   Code   RO         6430    i.RCC_GetClocksFreq  stm32f4xx_rcc.o
    0x08004be8   0x08004be8   0x00000024   Code   RO         7747    i.RNG_Cmd           stm32f4xx_rng.o
    0x08004c0c   0x08004c0c   0x00000018   Code   RO         7749    i.RNG_GetFlagStatus  stm32f4xx_rng.o
    0x08004c24   0x08004c24   0x0000003e   Code   RO         2816    i.RNG_Init          rng_led.o
    0x08004c62   0x08004c62   0x00000002   PAD
    0x08004c64   0x08004c64   0x0000001c   Code   RO         4952    i.SVC_Handler       stm32f4xx_it.o
    0x08004c80   0x08004c80   0x00000070   Code   RO         1788    i.SendToFifo        keyboard.o
    0x08004cf0   0x08004cf0   0x0000001e   Code   RO         3050    i.Send_sound        hc_ultrasonic.o
    0x08004d0e   0x08004d0e   0x00000002   PAD
    0x08004d10   0x08004d10   0x000000ec   Code   RO         5145    i.SetSysClock       system_stm32f4xx.o
    0x08004dfc   0x08004dfc   0x00000010   Code   RO         3756    i.SysTick_Handler   makos_tick.o
    0x08004e0c   0x08004e0c   0x00000068   Code   RO         5147    i.SystemInit        system_stm32f4xx.o
    0x08004e74   0x08004e74   0x00000054   Code   RO         2170    i.TIM12_Int_Init    timer.o
    0x08004ec8   0x08004ec8   0x00000124   Code   RO         3051    i.TIM1_BRK_TIM9_IRQHandler  hc_ultrasonic.o
    0x08004fec   0x08004fec   0x00000124   Code   RO         3052    i.TIM3_IRQHandler   hc_ultrasonic.o
    0x08005110   0x08005110   0x00000060   Code   RO         2171    i.TIM5_IRQHandler   timer.o
    0x08005170   0x08005170   0x00000034   Code   RO         2172    i.TIM8_BRK_TIM12_IRQHandler  timer.o
    0x080051a4   0x080051a4   0x00000018   Code   RO         6985    i.TIM_ARRPreloadConfig  stm32f4xx_tim.o
    0x080051bc   0x080051bc   0x00000006   Code   RO         6992    i.TIM_ClearITPendingBit  stm32f4xx_tim.o
    0x080051c2   0x080051c2   0x00000018   Code   RO         6997    i.TIM_Cmd           stm32f4xx_tim.o
    0x080051da   0x080051da   0x0000001e   Code   RO         6999    i.TIM_CtrlPWMOutputs  stm32f4xx_tim.o
    0x080051f8   0x080051f8   0x00000190   Code   RO         7002    i.TIM_DeInit        stm32f4xx_tim.o
    0x08005388   0x08005388   0x00000006   Code   RO         7012    i.TIM_GetCapture1   stm32f4xx_tim.o
    0x0800538e   0x0800538e   0x00000006   Code   RO         7015    i.TIM_GetCapture4   stm32f4xx_tim.o
    0x08005394   0x08005394   0x00000022   Code   RO         7018    i.TIM_GetITStatus   stm32f4xx_tim.o
    0x080053b6   0x080053b6   0x00000012   Code   RO         7022    i.TIM_ITConfig      stm32f4xx_tim.o
    0x080053c8   0x080053c8   0x0000007c   Code   RO         7026    i.TIM_OC1Init       stm32f4xx_tim.o
    0x08005444   0x08005444   0x00000012   Code   RO         7028    i.TIM_OC1PolarityConfig  stm32f4xx_tim.o
    0x08005456   0x08005456   0x00000012   Code   RO         7029    i.TIM_OC1PreloadConfig  stm32f4xx_tim.o
    0x08005468   0x08005468   0x000000a4   Code   RO         7031    i.TIM_OC2Init       stm32f4xx_tim.o
    0x0800550c   0x0800550c   0x0000001a   Code   RO         7034    i.TIM_OC2PreloadConfig  stm32f4xx_tim.o
    0x08005526   0x08005526   0x00000002   PAD
    0x08005528   0x08005528   0x000000a0   Code   RO         7036    i.TIM_OC3Init       stm32f4xx_tim.o
    0x080055c8   0x080055c8   0x00000012   Code   RO         7039    i.TIM_OC3PreloadConfig  stm32f4xx_tim.o
    0x080055da   0x080055da   0x00000002   PAD
    0x080055dc   0x080055dc   0x00000078   Code   RO         7041    i.TIM_OC4Init       stm32f4xx_tim.o
    0x08005654   0x08005654   0x0000001a   Code   RO         7042    i.TIM_OC4PolarityConfig  stm32f4xx_tim.o
    0x0800566e   0x0800566e   0x0000001a   Code   RO         7043    i.TIM_OC4PreloadConfig  stm32f4xx_tim.o
    0x08005688   0x08005688   0x00000004   Code   RO         7063    i.TIM_SetCounter    stm32f4xx_tim.o
    0x0800568c   0x0800568c   0x00000084   Code   RO         7069    i.TIM_TimeBaseInit  stm32f4xx_tim.o
    0x08005710   0x08005710   0x00000012   Code   RO         7070    i.TIM_TimeBaseStructInit  stm32f4xx_tim.o
    0x08005722   0x08005722   0x00000006   Code   RO         3584    i.U322Float         ui_lib.o
    0x08005728   0x08005728   0x00000040   Code   RO         2639    i.UART4_IRQHandler  usart.o
    0x08005768   0x08005768   0x00000040   Code   RO          836    i.UART5_IRQHandler  user_usart.o
    0x080057a8   0x080057a8   0x00000018   Code   RO         3585    i.UI_init           ui_lib.o
    0x080057c0   0x080057c0   0x000000f0   Code   RO         3586    i.UI_show           ui_lib.o
    0x080058b0   0x080058b0   0x00000040   Code   RO          837    i.USART1_IRQHandler  user_usart.o
    0x080058f0   0x080058f0   0x00000088   Code   RO         2640    i.USART2_IRQHandler  usart.o
    0x08005978   0x08005978   0x0000003c   Code   RO         1851    i.USART3_IRQHandler  uart_dma.o
    0x080059b4   0x080059b4   0x000001c8   Code   RO          838    i.USART6_IRQHandler  user_usart.o
    0x08005b7c   0x08005b7c   0x0000001e   Code   RO         7551    i.USART_ClearITPendingBit  stm32f4xx_usart.o
    0x08005b9a   0x08005b9a   0x00000018   Code   RO         7554    i.USART_Cmd         stm32f4xx_usart.o
    0x08005bb2   0x08005bb2   0x00000012   Code   RO         7555    i.USART_DMACmd      stm32f4xx_usart.o
    0x08005bc4   0x08005bc4   0x00000088   Code   RO         1853    i.USART_DMA_TX_Config  uart_dma.o
    0x08005c4c   0x08005c4c   0x000000f0   Code   RO         7556    i.USART_DeInit      stm32f4xx_usart.o
    0x08005d3c   0x08005d3c   0x000000c8   Code   RO         1854    i.USART_DoubleDMA_RX_Config  uart_dma.o
    0x08005e04   0x08005e04   0x00000054   Code   RO         7558    i.USART_GetITStatus  stm32f4xx_usart.o
    0x08005e58   0x08005e58   0x0000004a   Code   RO         7560    i.USART_ITConfig    stm32f4xx_usart.o
    0x08005ea2   0x08005ea2   0x00000002   PAD
    0x08005ea4   0x08005ea4   0x000000d4   Code   RO         7561    i.USART_Init        stm32f4xx_usart.o
    0x08005f78   0x08005f78   0x0000000a   Code   RO         7568    i.USART_ReceiveData  stm32f4xx_usart.o
    0x08005f82   0x08005f82   0x00000002   PAD
    0x08005f84   0x08005f84   0x00000738   Code   RO          523    i.Updata_Out        sentry_holder.o
    0x080066bc   0x080066bc   0x00000024   Code   RO         4953    i.UsageFault_Handler  stm32f4xx_it.o
    0x080066e0   0x080066e0   0x00000030   Code   RO         8588    i.__ARM_fpclassify  m_wm.l(fpclassify.o)
    0x08006710   0x08006710   0x0000000e   Code   RO         8218    i._is_digit         c_w.l(__printf_wp.o)
    0x0800671e   0x0800671e   0x00000006   Code   RO         2642    i._sys_exit         usart.o
    0x08006724   0x08006724   0x00000006   Code   RO         4664    i.app_getdata       makos_resolver.o
    0x0800672a   0x0800672a   0x00000002   PAD
    0x0800672c   0x0800672c   0x00000030   Code   RO         3532    i.append_crc16_check_sum  protocol.o
    0x0800675c   0x0800675c   0x00000026   Code   RO         3533    i.append_crc8_check_sum  protocol.o
    0x08006782   0x08006782   0x00000064   Code   RO          692    i.base_init         task_init.o
    0x080067e6   0x080067e6   0x0000001c   Code   RO         2239    i.can2_Configuration  can.o
    0x08006802   0x08006802   0x00000002   PAD
    0x08006804   0x08006804   0x00000058   Code   RO         2240    i.can2_GPIO_Configuration  can.o
    0x0800685c   0x0800685c   0x0000003c   Code   RO         2241    i.can2_NVIC_Configuration  can.o
    0x08006898   0x08006898   0x000000a4   Code   RO         2242    i.can2_mode_Configuration  can.o
    0x0800693c   0x0800693c   0x00000024   Code   RO         2243    i.can_set           can.o
    0x08006960   0x08006960   0x00000040   Code   RO         4665    i.check_data        makos_resolver.o
    0x080069a0   0x080069a0   0x0000006c   Code   RO          776    i.circle_count      user_can.o
    0x08006a0c   0x08006a0c   0x0000003c   Code   RO         2921    i.crc16_update      imu_packet.o
    0x08006a48   0x08006a48   0x0000003c   Code   RO          960    i.data_packet_pack  communicate.o
    0x08006a84   0x08006a84   0x00000050   Code   RO         3587    i.data_read         ui_lib.o
    0x08006ad4   0x08006ad4   0x00000058   Code   RO         3588    i.data_save         ui_lib.o
    0x08006b2c   0x08006b2c   0x00000018   Code   RO         1256    i.data_show         ui.o
    0x08006b44   0x08006b44   0x000000f8   Code   RO         1257    i.data_show_callback  ui.o
    0x08006c3c   0x08006c3c   0x00000084   Code   RO         2005    i.dbus_buff_checked  dbus.o
    0x08006cc0   0x08006cc0   0x0000007c   Code   RO         2006    i.dbus_error_handle  dbus.o
    0x08006d3c   0x08006d3c   0x00000224   Code   RO         2007    i.dbus_init         dbus.o
    0x08006f60   0x08006f60   0x00000038   Code   RO         2008    i.dbus_mode_dma     dbus.o
    0x08006f98   0x08006f98   0x0000002c   Code   RO         2009    i.dbus_mode_usart   dbus.o
    0x08006fc4   0x08006fc4   0x00000058   Code   RO         2173    i.delay_us          timer.o
    0x0800701c   0x0800701c   0x000000f0   Code   RO          961    i.dma_buffer_to_unpack_buffer  communicate.o
    0x0800710c   0x0800710c   0x00000026   Code   RO         4537    i.dndqueue_add_last  makos_dnode_queue.o
    0x08007132   0x08007132   0x0000000c   Code   RO         4538    i.dndqueue_init     makos_dnode_queue.o
    0x0800713e   0x0800713e   0x0000000e   Code   RO         3809    i.dnode_add_first   makos_doublelist.o
    0x0800714c   0x0800714c   0x0000000e   Code   RO         3589    i.dnode_add_last    ui_lib.o
    0x0800715a   0x0800715a   0x0000000e   Code   RO         3810    i.dnode_add_last    makos_doublelist.o
    0x08007168   0x08007168   0x00000006   Code   RO         3590    i.dnode_head_init   ui_lib.o
    0x0800716e   0x0800716e   0x00000006   Code   RO         3813    i.dnode_head_init   makos_doublelist.o
    0x08007174   0x08007174   0x00000014   Code   RO         3815    i.dnode_remove      makos_doublelist.o
    0x08007188   0x08007188   0x00000002   Code   RO         2010    i.emptyf            dbus.o
    0x0800718a   0x0800718a   0x00000002   Code   RO         2643    i.emptyf            usart.o
    0x0800718c   0x0800718c   0x00000036   Code   RO         3402    i.fifo_s_get        data_fifo.o
    0x080071c2   0x080071c2   0x00000036   Code   RO         3404    i.fifo_s_init       data_fifo.o
    0x080071f8   0x080071f8   0x00000056   Code   RO         3407    i.fifo_s_puts       data_fifo.o
    0x0800724e   0x0800724e   0x00000010   Code   RO         3409    i.fifo_used_count   data_fifo.o
    0x0800725e   0x0800725e   0x00000002   PAD
    0x08007260   0x08007260   0x0000002c   Code   RO         3591    i.flash_list_add    ui_lib.o
    0x0800728c   0x0800728c   0x00000010   Code   RO         3592    i.flash_list_init   ui_lib.o
    0x0800729c   0x0800729c   0x0000007c   Code   RO         2644    i.fputc             usart.o
    0x08007318   0x08007318   0x00000034   Code   RO         3534    i.get_crc16_check_sum  protocol.o
    0x0800734c   0x0800734c   0x00000024   Code   RO         3535    i.get_crc8_check_sum  protocol.o
    0x08007370   0x08007370   0x00000008   Code   RO         4667    i.get_datatype      makos_resolver.o
    0x08007378   0x08007378   0x0000001c   Code   RO          962    i.get_dma_memory_msg  communicate.o
    0x08007394   0x08007394   0x00000018   Code   RO         2858    i.imu_data_decode_init  imu_data_decode.o
    0x080073ac   0x080073ac   0x00000014   Code   RO         4490    i.init_tick_callback  makos_tick_handle.o
    0x080073c0   0x080073c0   0x00000050   Code   RO         3702    i.irq_close         makos_critical.o
    0x08007410   0x08007410   0x00000002   Code   RO         3146    i.irq_dead_check    irq_dead_check.o
    0x08007412   0x08007412   0x00000002   PAD
    0x08007414   0x08007414   0x0000004c   Code   RO         3703    i.irq_restore       makos_critical.o
    0x08007460   0x08007460   0x000000a4   Code   RO         3176    i.judge_send_float  judgement_info.o
    0x08007504   0x08007504   0x00000130   Code   RO         3177    i.judgement_data_handler  judgement_info.o
    0x08007634   0x08007634   0x00000058   Code   RO         1790    i.key_get           keyboard.o
    0x0800768c   0x0800768c   0x00000078   Code   RO         1791    i.key_init          keyboard.o
    0x08007704   0x08007704   0x00000098   Code   RO         1792    i.key_scan          keyboard.o
    0x0800779c   0x0800779c   0x000000ac   Code   RO            4    i.main              main.o
    0x08007848   0x08007848   0x000000dc   Code   RO         4888    i.mak_print         mak_print.o
    0x08007924   0x08007924   0x000000f0   Code   RO         4890    i.mak_print_float   mak_print.o
    0x08007a14   0x08007a14   0x00000056   Code   RO         4891    i.mak_print_s32     mak_print.o
    0x08007a6a   0x08007a6a   0x00000016   Code   RO         4892    i.mak_print_string  mak_print.o
    0x08007a80   0x08007a80   0x00000018   Code   RO         4893    i.mak_print_u8      mak_print.o
    0x08007a98   0x08007a98   0x0000002c   Code   RO         4219    i.makos_get_prio_highest  makos_system.o
    0x08007ac4   0x08007ac4   0x00000138   Code   RO         4220    i.makos_init        makos_system.o
    0x08007bfc   0x08007bfc   0x0000005c   Code   RO         4221    i.makos_run         makos_system.o
    0x08007c58   0x08007c58   0x0000004c   Code   RO         4222    i.makos_update_switch  makos_system.o
    0x08007ca4   0x08007ca4   0x0000001a   Code   RO         1375    i.memcopy           task_remote.o
    0x08007cbe   0x08007cbe   0x00000038   Code   RO         2334    i.mled_init         led.o
    0x08007cf6   0x08007cf6   0x0000001c   Code   RO         2335    i.mled_off          led.o
    0x08007d12   0x08007d12   0x0000001c   Code   RO         2336    i.mled_on           led.o
    0x08007d2e   0x08007d2e   0x00000002   PAD
    0x08007d30   0x08007d30   0x00000020   Code   RO         4287    i.msg_get_read_some  makos_message.o
    0x08007d50   0x08007d50   0x00000016   Code   RO         4288    i.msg_get_read_try  makos_message.o
    0x08007d66   0x08007d66   0x0000001a   Code   RO         4291    i.msg_get_write_some  makos_message.o
    0x08007d80   0x08007d80   0x00000032   Code   RO         4292    i.msg_get_write_try  makos_message.o
    0x08007db2   0x08007db2   0x00000002   PAD
    0x08007db4   0x08007db4   0x000000c4   Code   RO         4293    i.msg_init          makos_message.o
    0x08007e78   0x08007e78   0x00000020   Code   RO         4295    i.msg_read_finish_some  makos_message.o
    0x08007e98   0x08007e98   0x00000036   Code   RO         4296    i.msg_read_finish_try  makos_message.o
    0x08007ece   0x08007ece   0x0000002e   Code   RO         4297    i.msg_write_finish  makos_message.o
    0x08007efc   0x08007efc   0x00000020   Code   RO         4299    i.msg_write_finish_some  makos_message.o
    0x08007f1c   0x08007f1c   0x000000ac   Code   RO         4000    i.mutex_init        makos_mutex.o
    0x08007fc8   0x08007fc8   0x00000038   Code   RO         4002    i.mutex_lock_try    makos_mutex.o
    0x08008000   0x08008000   0x000000f8   Code   RO         4003    i.mutex_unlock      makos_mutex.o
    0x080080f8   0x080080f8   0x00000022   Code   RO         4004    i.mutex_update_ceiling  makos_mutex.o
    0x0800811a   0x0800811a   0x00000002   PAD
    0x0800811c   0x0800811c   0x00000044   Code   RO         3903    i.my_mem_init       makos_memory.o
    0x08008160   0x08008160   0x000000a8   Code   RO         3904    i.my_mem_malloc     makos_memory.o
    0x08008208   0x08008208   0x00000040   Code   RO         3905    i.my_mem_perused    makos_memory.o
    0x08008248   0x08008248   0x00000014   Code   RO         3906    i.my_mem_set        makos_memory.o
    0x0800825c   0x0800825c   0x00000028   Code   RO         3908    i.mymalloc          makos_memory.o
    0x08008284   0x08008284   0x00000234   Code   RO         1258    i.page_init         ui.o
    0x080084b8   0x080084b8   0x00000010   Code   RO         1259    i.param_set         ui.o
    0x080084c8   0x080084c8   0x00000094   Code   RO         4121    i.pipe_init         makos_pipe.o
    0x0800855c   0x0800855c   0x0000003e   Code   RO         4122    i.pipe_read         makos_pipe.o
    0x0800859a   0x0800859a   0x00000046   Code   RO         4123    i.pipe_write        makos_pipe.o
    0x080085e0   0x080085e0   0x00000074   Code   RO          963    i.protocol_packet_pack  communicate.o
    0x08008654   0x08008654   0x0000013c   Code   RO         1376    i.remote_data_dispose  task_remote.o
    0x08008790   0x08008790   0x0000002c   Code   RO         1377    i.remote_handle     task_remote.o
    0x080087bc   0x080087bc   0x00000020   Code   RO         1378    i.remote_send_msg_init  task_remote.o
    0x080087dc   0x080087dc   0x00000024   Code   RO         4669    i.resolve_add       makos_resolver.o
    0x08008800   0x08008800   0x0000002c   Code   RO         4670    i.resolver_init     makos_resolver.o
    0x0800882c   0x0800882c   0x0000008c   Code   RO         1379    i.sentry_ctrl       task_remote.o
    0x080088b8   0x080088b8   0x00000016   Code   RO          524    i.sentry_holder     sentry_holder.o
    0x080088ce   0x080088ce   0x00000002   PAD
    0x080088d0   0x080088d0   0x00000030   Code   RO         2645    i.serial_handler    usart.o
    0x08008900   0x08008900   0x0000032c   Code   RO         2646    i.serial_init       usart.o
    0x08008c2c   0x08008c2c   0x00000014   Code   RO         4627    i.set_cpu_print     makos_idle.o
    0x08008c40   0x08008c40   0x00000280   Code   RO         3594    i.show_content      ui_lib.o
    0x08008ec0   0x08008ec0   0x00000028   Code   RO         4674    i.sum_check         makos_resolver.o
    0x08008ee8   0x08008ee8   0x0000006c   Code   RO         4582    i.task_PRINT        makos_print.o
    0x08008f54   0x08008f54   0x00000070   Code   RO         1578    i.task_UI           task_ui.o
    0x08008fc4   0x08008fc4   0x00000394   Code   RO         4172    i.task_create_full  makos_task.o
    0x08009358   0x08009358   0x00000394   Code   RO         4173    i.task_create_full_CCM  makos_task.o
    0x080096ec   0x080096ec   0x00000038   Code   RO         4425    i.task_delay_ms     makos_schedule.o
    0x08009724   0x08009724   0x00000124   Code   RO         4628    i.task_idle         makos_idle.o
    0x08009848   0x08009848   0x00000134   Code   RO          693    i.task_init         task_init.o
    0x0800997c   0x0800997c   0x00000110   Code   RO         1337    i.task_judge        task_judge.o
    0x08009a8c   0x08009a8c   0x0000000e   Code   RO         1579    i.task_keyscan      task_ui.o
    0x08009a9a   0x08009a9a   0x00000002   PAD
    0x08009a9c   0x08009a9c   0x000000c0   Code   RO         1521    i.task_led_sys      task_led.o
    0x08009b5c   0x08009b5c   0x00000058   Code   RO         4821    i.task_record       makos_record.o
    0x08009bb4   0x08009bb4   0x00000074   Code   RO         1380    i.task_remote       task_remote.o
    0x08009c28   0x08009c28   0x000000b4   Code   RO         4675    i.task_resolver     makos_resolver.o
    0x08009cdc   0x08009cdc   0x00000034   Code   RO         4428    i.task_resume       makos_schedule.o
    0x08009d10   0x08009d10   0x0000002c   Code   RO         4429    i.task_set_prio     makos_schedule.o
    0x08009d3c   0x08009d3c   0x00000028   Code   RO         4430    i.task_suspend      makos_schedule.o
    0x08009d64   0x08009d64   0x0000006c   Code   RO         4492    i.tick_handle       makos_tick_handle.o
    0x08009dd0   0x08009dd0   0x00000050   Code   RO         3757    i.tick_init         makos_tick.o
    0x08009e20   0x08009e20   0x0000001c   Code   RO         3758    i.tick_start        makos_tick.o
    0x08009e3c   0x08009e3c   0x000000b4   Code   RO         2647    i.uasrt4_init       usart.o
    0x08009ef0   0x08009ef0   0x000000b0   Code   RO         2648    i.uasrt6_init       usart.o
    0x08009fa0   0x08009fa0   0x00000158   Code   RO          964    i.unpack_fifo_data  communicate.o
    0x0800a0f8   0x0800a0f8   0x00000040   Code   RO         3536    i.verify_crc16_check_sum  protocol.o
    0x0800a138   0x0800a138   0x00000030   Code   RO         3537    i.verify_crc8_check_sum  protocol.o
    0x0800a168   0x0800a168   0x00000010   Code   RO         1260    i.vs_param_set      ui.o
    0x0800a178   0x0800a178   0x0000002c   Code   RO         8573    locale$$code        c_w.l(lc_numeric_c.o)
    0x0800a1a4   0x0800a1a4   0x0000002c   Code   RO         8625    locale$$code        c_w.l(lc_ctype_c.o)
    0x0800a1d0   0x0800a1d0   0x00000062   Code   RO         8245    x$fpl$d2f           fz_wm.l(d2f.o)
    0x0800a232   0x0800a232   0x00000002   PAD
    0x0800a234   0x0800a234   0x00000150   Code   RO         8247    x$fpl$dadd          fz_wm.l(daddsub_clz.o)
    0x0800a384   0x0800a384   0x00000018   Code   RO         8442    x$fpl$dcmpinf       fz_wm.l(dcmpi.o)
    0x0800a39c   0x0800a39c   0x00000078   Code   RO         8257    x$fpl$deqf          fz_wm.l(deqf.o)
    0x0800a414   0x0800a414   0x0000005e   Code   RO         8259    x$fpl$dfix          fz_wm.l(dfix.o)
    0x0800a472   0x0800a472   0x00000002   PAD
    0x0800a474   0x0800a474   0x0000005a   Code   RO         8263    x$fpl$dfixu         fz_wm.l(dfixu.o)
    0x0800a4ce   0x0800a4ce   0x0000002e   Code   RO         8268    x$fpl$dflt          fz_wm.l(dflt_clz.o)
    0x0800a4fc   0x0800a4fc   0x00000026   Code   RO         8267    x$fpl$dfltu         fz_wm.l(dflt_clz.o)
    0x0800a522   0x0800a522   0x00000002   PAD
    0x0800a524   0x0800a524   0x00000078   Code   RO         8273    x$fpl$dleqf         fz_wm.l(dleqf.o)
    0x0800a59c   0x0800a59c   0x00000154   Code   RO         8275    x$fpl$dmul          fz_wm.l(dmul.o)
    0x0800a6f0   0x0800a6f0   0x0000009c   Code   RO         8444    x$fpl$dnaninf       fz_wm.l(dnaninf.o)
    0x0800a78c   0x0800a78c   0x0000000c   Code   RO         8446    x$fpl$dretinf       fz_wm.l(dretinf.o)
    0x0800a798   0x0800a798   0x0000006c   Code   RO         8277    x$fpl$drleqf        fz_wm.l(drleqf.o)
    0x0800a804   0x0800a804   0x000001d4   Code   RO         8249    x$fpl$dsub          fz_wm.l(daddsub_clz.o)
    0x0800a9d8   0x0800a9d8   0x00000056   Code   RO         8279    x$fpl$f2d           fz_wm.l(f2d.o)
    0x0800aa2e   0x0800aa2e   0x0000008c   Code   RO         8448    x$fpl$fnaninf       fz_wm.l(fnaninf.o)
    0x0800aaba   0x0800aaba   0x0000000a   Code   RO         8584    x$fpl$fpinit        fz_wm.l(fpinit.o)
    0x0800aac4   0x0800aac4   0x0000000a   Code   RO         8450    x$fpl$fretinf       fz_wm.l(fretinf.o)
    0x0800aace   0x0800aace   0x00000004   Code   RO         8281    x$fpl$printf1       fz_wm.l(printf1.o)
    0x0800aad2   0x0800aad2   0x00000000   Code   RO         8452    x$fpl$usenofp       fz_wm.l(usenofp.o)
    0x0800aad2   0x0800aad2   0x00000818   Data   RO         2418    .constdata          oled.o
    0x0800b2ea   0x0800b2ea   0x00000302   Data   RO         3538    .constdata          protocol.o
    0x0800b5ec   0x0800b5ec   0x00000024   Data   RO         3915    .constdata          makos_memory.o
    0x0800b610   0x0800b610   0x00000028   Data   RO         8206    .constdata          c_w.l(_printf_hex_int_ll_ptr.o)
    0x0800b638   0x0800b638   0x00000011   Data   RO         8226    .constdata          c_w.l(__printf_flags_ss_wp.o)
    0x0800b649   0x0800b649   0x00000003   PAD
    0x0800b64c   0x0800b64c   0x00000008   Data   RO         8364    .constdata          c_w.l(_printf_wctomb.o)
    0x0800b654   0x0800b654   0x00000094   Data   RO         8542    .constdata          c_w.l(bigflt0.o)
    0x0800b6e8   0x0800b6e8   0x00000017   Data   RO          849    .conststring        user_usart.o
    0x0800b6ff   0x0800b6ff   0x00000001   PAD
    0x0800b700   0x0800b700   0x0000000d   Data   RO         2012    .conststring        dbus.o
    0x0800b70d   0x0800b70d   0x00000003   PAD
    0x0800b710   0x0800b710   0x00000050   Data   RO         4124    .conststring        makos_pipe.o
    0x0800b760   0x0800b760   0x00000020   Data   RO         8677    Region$$Table       anon$$obj.o
    0x0800b780   0x0800b780   0x0000001c   Data   RO         8572    locale$$data        c_w.l(lc_numeric_c.o)
    0x0800b79c   0x0800b79c   0x00000110   Data   RO         8624    locale$$data        c_w.l(lc_ctype_c.o)


    Execution Region RW_IRAM1 (Exec base: 0x20000000, Load base: 0x0800b8ac, Size: 0x00015e48, Max: 0x00020000, ABSOLUTE, COMPRESSED[0x0000035c])

    Exec Addr    Load Addr    Size         Type   Attr      Idx    E Section Name        Object

    0x20000000   COMPRESSED   0x00000003   Data   RW          406    .data               sentry_friction.o
    0x20000003   COMPRESSED   0x00000001   PAD
    0x20000004   COMPRESSED   0x00000044   Data   RW          525    .data               sentry_holder.o
    0x20000048   COMPRESSED   0x0000008b   Data   RW          850    .data               user_usart.o
    0x200000d3   COMPRESSED   0x00000001   PAD
    0x200000d4   COMPRESSED   0x00000009   Data   RW          965    .data               communicate.o
    0x200000dd   COMPRESSED   0x00000003   PAD
    0x200000e0   COMPRESSED   0x0000000c   Data   RW         1339    .data               task_judge.o
    0x200000ec   COMPRESSED   0x0000000a   Data   RW         1382    .data               task_remote.o
    0x200000f6   COMPRESSED   0x00000002   PAD
    0x200000f8   COMPRESSED   0x00000028   Data   RW         1523    .data               task_led.o
    0x20000120   COMPRESSED   0x0000000d   Data   RW         1623    .data               task_ano.o
    0x2000012d   COMPRESSED   0x0000000b   Data   RW         1794    .data               keyboard.o
    0x20000138   COMPRESSED   0x0000000c   Data   RW         1856    .data               uart_dma.o
    0x20000144   COMPRESSED   0x00000040   Data   RW         2013    .data               dbus.o
    0x20000184   COMPRESSED   0x0000000c   Data   RW         2175    .data               timer.o
    0x20000190   COMPRESSED   0x00000b90   Data   RW         2419    .data               oled.o
    0x20000d20   COMPRESSED   0x00000029   Data   RW         2650    .data               usart.o
    0x20000d49   COMPRESSED   0x00000001   PAD
    0x20000d4a   COMPRESSED   0x00000013   Data   RW         2860    .data               imu_data_decode.o
    0x20000d5d   COMPRESSED   0x00000003   PAD
    0x20000d60   COMPRESSED   0x00000011   Data   RW         2922    .data               imu_packet.o
    0x20000d71   COMPRESSED   0x00000003   PAD
    0x20000d74   COMPRESSED   0x0000001c   Data   RW         3054    .data               hc_ultrasonic.o
    0x20000d90   COMPRESSED   0x00000004   Data   RW         3179    .data               judgement_info.o
    0x20000d94   COMPRESSED   0x00000002   Data   RW         3539    .data               protocol.o
    0x20000d96   COMPRESSED   0x00000002   PAD
    0x20000d98   COMPRESSED   0x00000070   Data   RW         3595    .data               ui_lib.o
    0x20000e08   COMPRESSED   0x00000001   Data   RW         3705    .data               makos_critical.o
    0x20000e09   COMPRESSED   0x00000003   PAD
    0x20000e0c   COMPRESSED   0x00000004   Data   RW         3759    .data               makos_tick.o
    0x20000e10   COMPRESSED   0x00000024   Data   RW         3916    .data               makos_memory.o
    0x20000e34   COMPRESSED   0x00000008   Data   RW         4224    .data               makos_system.o
    0x20000e3c   COMPRESSED   0x00000004   Data   RW         4493    .data               makos_tick_handle.o
    0x20000e40   COMPRESSED   0x0000000c   Data   RW         4583    .data               makos_print.o
    0x20000e4c   COMPRESSED   0x00000008   Data   RW         4629    .data               makos_idle.o
    0x20000e54   COMPRESSED   0x00000014   Data   RW         4677    .data               makos_resolver.o
    0x20000e68   COMPRESSED   0x0000000c   Data   RW         4823    .data               makos_record.o
    0x20000e74   COMPRESSED   0x00000010   Data   RW         6462    .data               stm32f4xx_rcc.o
    0x20000e84        -       0x00000810   Zero   RW          778    .bss                user_can.o
    0x20001694        -       0x0000010c   Zero   RW          848    .bss                user_usart.o
    0x200017a0        -       0x00000290   Zero   RW         1261    .bss                ui.o
    0x20001a30        -       0x000002fc   Zero   RW         1338    .bss                task_judge.o
    0x20001d2c        -       0x000000b0   Zero   RW         1381    .bss                task_remote.o
    0x20001ddc        -       0x000000dc   Zero   RW         1622    .bss                task_ano.o
    0x20001eb8        -       0x00000028   Zero   RW         1793    .bss                keyboard.o
    0x20001ee0        -       0x00000884   Zero   RW         1855    .bss                uart_dma.o
    0x20002764        -       0x00000012   Zero   RW         2011    .bss                dbus.o
    0x20002776   COMPRESSED   0x00000002   PAD
    0x20002778        -       0x00000048   Zero   RW         2174    .bss                timer.o
    0x200027c0        -       0x00000100   Zero   RW         2649    .bss                usart.o
    0x200028c0        -       0x000000a8   Zero   RW         2859    .bss                imu_data_decode.o
    0x20002968        -       0x00000059   Zero   RW         3178    .bss                judgement_info.o
    0x200029c1   COMPRESSED   0x00000003   PAD
    0x200029c4        -       0x0000003c   Zero   RW         3704    .bss                makos_critical.o
    0x20002a00        -       0x00012980   Zero   RW         3914    .bss                makos_memory.o
    0x20015380        -       0x00000054   Zero   RW         4223    .bss                makos_system.o
    0x200153d4        -       0x00000014   Zero   RW         4676    .bss                makos_resolver.o
    0x200153e8        -       0x00000400   Zero   RW         4822    .bss                makos_record.o
    0x200157e8        -       0x00000060   Zero   RW         8498    .bss                c_w.l(libspace.o)
    0x20015848        -       0x00000200   Zero   RW         7809    HEAP                startup_stm32f40xx.o
    0x20015a48        -       0x00000400   Zero   RW         7808    STACK               startup_stm32f40xx.o



  Load Region LR$$.ARM.__AT_0x10000000 (Base: 0x10000000, Size: 0x00000000, Max: 0x00007800, ABSOLUTE)

    Execution Region ER$$.ARM.__AT_0x10000000 (Exec base: 0x10000000, Load base: 0x10000000, Size: 0x00007800, Max: 0x00007800, ABSOLUTE, UNINIT)

    Exec Addr    Load Addr    Size         Type   Attr      Idx    E Section Name        Object

    0x10000000        -       0x00007800   Zero   RW         3910    .ARM.__AT_0x10000000  makos_memory.o



  Load Region LR$$.ARM.__AT_0x10007800 (Base: 0x10007800, Size: 0x00000000, Max: 0x00000780, ABSOLUTE)

    Execution Region ER$$.ARM.__AT_0x10007800 (Exec base: 0x10007800, Load base: 0x10007800, Size: 0x00000780, Max: 0x00000780, ABSOLUTE, UNINIT)

    Exec Addr    Load Addr    Size         Type   Attr      Idx    E Section Name        Object

    0x10007800        -       0x00000780   Zero   RW         3911    .ARM.__AT_0x10007800  makos_memory.o



  Load Region LR$$.ARM.__AT_0x68000000 (Base: 0x68000000, Size: 0x00000000, Max: 0x000f0000, ABSOLUTE)

    Execution Region ER$$.ARM.__AT_0x68000000 (Exec base: 0x68000000, Load base: 0x68000000, Size: 0x000f0000, Max: 0x000f0000, ABSOLUTE, UNINIT)

    Exec Addr    Load Addr    Size         Type   Attr      Idx    E Section Name        Object

    0x68000000        -       0x000f0000   Zero   RW         3912    .ARM.__AT_0x68000000  makos_memory.o



  Load Region LR$$.ARM.__AT_0x680F0000 (Base: 0x680f0000, Size: 0x00000000, Max: 0x0000f000, ABSOLUTE)

    Execution Region ER$$.ARM.__AT_0x680F0000 (Exec base: 0x680f0000, Load base: 0x680f0000, Size: 0x0000f000, Max: 0x0000f000, ABSOLUTE, UNINIT)

    Exec Addr    Load Addr    Size         Type   Attr      Idx    E Section Name        Object

    0x680f0000        -       0x0000f000   Zero   RW         3913    .ARM.__AT_0x680F0000  makos_memory.o


==============================================================================

Image component sizes


      Code (inc. data)   RO Data    RW Data    ZI Data      Debug   Object Name

       708         18          0          0          0       8052   can.o
       788         30          0          9          0       6226   communicate.o
       210          0          0          0          0       3383   data_fifo.o
       982        212         13         64         18       9362   dbus.o
       614         52          0         28          0       3620   hc_ultrasonic.o
       404         40          0         19        168       2291   imu_data_decode.o
       512         40          0         17          0       3452   imu_packet.o
         2          0          0          0          0        593   irq_dead_check.o
       468         34          0          4         89       6752   judgement_info.o
       580         56          0         11         40       4280   keyboard.o
       112          0          0          0          0       5565   led.o
        26          0          0          0          0        698   lpf_and_test.o
       172         90          0          0          0     316640   main.o
       592         10          0          0          0       4576   mak_print.o
       156         68          0          1         60       6541   makos_critical.o
        50          0          0          0          0       1296   makos_dnode_queue.o
        54          0          0          0          0       2900   makos_doublelist.o
       312         74          0          8          0       1787   makos_idle.o
       360         42         36         36    1153280       5864   makos_memory.o
       490        106          0          0          0       7179   makos_message.o
       510        216          0          0          0       5432   makos_mutex.o
        76          8          0          0          0        484   makos_pendsv.o
       280         72         80          0          0       2581   makos_pipe.o
       108         10          0         12          0       1046   makos_print.o
        88         46          0         12       1024       1514   makos_record.o
       378         28          0         20         20       7287   makos_resolver.o
       192         24          0          0          0       2537   makos_schedule.o
       524        190          0          8         84       5095   makos_system.o
      1832        284          0          0          0       4658   makos_task.o
       124         20          0          4          0      28722   makos_tick.o
       128         20          0          4          0       2530   makos_tick_handle.o
       140         24          0          0          0      18939   misc.o
      1448         42       2072       2960          0      12446   oled.o
       488          6          0          0          0       2734   pid.o
       286         18        770          2          0       5402   protocol.o
       616         20          0          0          0       1506   pwm.o
        62          0          0          0          0        655   rng_led.o
         0          0          0          3          0        303   sentry_friction.o
      2130        254          0         68          0       3145   sentry_holder.o
       216         20          0          0          0        646   sentry_pull.o
        64         26        392          0       1536        884   startup_stm32f40xx.o
       406         46          0          0          0       3519   stm32_flash.o
      1710         26          0          0          0      17192   stm32f4xx_can.o
       878         86          0          0          0      22991   stm32f4xx_dma.o
       402         40          0          0          0      14053   stm32f4xx_flash.o
       240          0          0          0          0      11071   stm32f4xx_gpio.o
       520         28          0          0          0      14827   stm32f4xx_i2c.o
       268        178          0          0          0       4232   stm32f4xx_it.o
       424         54          0         16          0      22438   stm32f4xx_rcc.o
        60         10          0          0          0       1206   stm32f4xx_rng.o
      1402        120          0          0          0      35417   stm32f4xx_tim.o
       692         42          0          0          0      12842   stm32f4xx_usart.o
       340         32          0          0          0       1817   system_stm32f4xx.o
       224         20          0         13        220       3619   task_ano.o
       408        112          0          0          0       4092   task_init.o
       272         58          0         12        764       1964   task_judge.o
       192         14          0         40          0       1088   task_led.o
       674         42          0         10        176       9865   task_remote.o
       126         32          0          0          0       1097   task_ui.o
       400         46          0         12         72       4404   timer.o
       644         80          0         12       2180       8369   uart_dma.o
       924        326          0          0        656       5239   ui.o
      2968        132          0        112          0      11161   ui_lib.o
      1548        192          0         41        256       8984   usart.o
       964         50          0          0       2064       6456   user_can.o
       584         92         23        139        268       6707   user_usart.o

    ----------------------------------------------------------------------
     34598       4058       3422       3716    1162980     744253   Object Totals
         0          0         32          0          0          0   (incl. Generated)
        46          0          4         19          5          0   (incl. Padding)

    ----------------------------------------------------------------------

      Code (inc. data)   RO Data    RW Data    ZI Data      Debug   Library Member Name

        24          4          0          0          0         84   __2printf.o
        90          0          0          0          0          0   __dczerorl2.o
         8          0          0          0          0         68   __main.o
       392          4         17          0          0         92   __printf_flags_ss_wp.o
        14          0          0          0          0         68   __printf_wp.o
         0          0          0          0          0          0   __rtentry.o
        12          0          0          0          0          0   __rtentry2.o
         6          0          0          0          0          0   __rtentry4.o
        52          8          0          0          0          0   __scatter.o
        28          0          0          0          0          0   __scatter_zi.o
         6          0          0          0          0          0   _printf_a.o
         6          0          0          0          0          0   _printf_c.o
        44          0          0          0          0        108   _printf_char.o
        48          6          0          0          0         96   _printf_char_common.o
        36          4          0          0          0         80   _printf_char_file.o
        40          0          0          0          0         68   _printf_charcount.o
         6          0          0          0          0          0   _printf_d.o
       120         16          0          0          0         92   _printf_dec.o
         6          0          0          0          0          0   _printf_e.o
         6          0          0          0          0          0   _printf_f.o
      1054          0          0          0          0        216   _printf_fp_dec.o
       128         16          0          0          0         84   _printf_fp_infnan.o
         6          0          0          0          0          0   _printf_g.o
       148          4         40          0          0        160   _printf_hex_int_ll_ptr.o
         6          0          0          0          0          0   _printf_i.o
       178          0          0          0          0         88   _printf_intcommon.o
        10          0          0          0          0          0   _printf_l.o
         6          0          0          0          0          0   _printf_lc.o
        10          0          0          0          0          0   _printf_ll.o
         6          0          0          0          0          0   _printf_lld.o
         6          0          0          0          0          0   _printf_lli.o
         6          0          0          0          0          0   _printf_llo.o
         6          0          0          0          0          0   _printf_llu.o
         6          0          0          0          0          0   _printf_llx.o
       124         16          0          0          0         92   _printf_longlong_dec.o
         6          0          0          0          0          0   _printf_ls.o
         6          0          0          0          0          0   _printf_n.o
         6          0          0          0          0          0   _printf_o.o
       112         10          0          0          0        124   _printf_oct_int_ll.o
         6          0          0          0          0          0   _printf_p.o
        78          0          0          0          0        108   _printf_pad.o
         0          0          0          0          0          0   _printf_percent.o
         4          0          0          0          0          0   _printf_percent_end.o
         6          0          0          0          0          0   _printf_s.o
        82          0          0          0          0         80   _printf_str.o
        36          0          0          0          0         84   _printf_truncate.o
         6          0          0          0          0          0   _printf_u.o
        44          0          0          0          0        108   _printf_wchar.o
       188          6          8          0          0         92   _printf_wctomb.o
         6          0          0          0          0          0   _printf_x.o
        10          0          0          0          0         68   _sputc.o
        64          0          0          0          0         92   _wcrtomb.o
       228          4        148          0          0         96   bigflt0.o
      1936        128          0          0          0        672   btod.o
        36          4          0          0          0         76   c89vsprintf.o
        18          0          0          0          0         80   exit.o
         8          0          0          0          0         68   ferror.o
         6          0          0          0          0        152   heapauxi.o
        44         10        272          0          0         76   lc_ctype_c.o
        44         10         28          0          0         76   lc_numeric_c.o
         2          0          0          0          0          0   libinit.o
        34          0          0          0          0          0   libinit2.o
         2          0          0          0          0          0   libshutdown.o
         2          0          0          0          0          0   libshutdown2.o
         8          4          0          0         96         68   libspace.o
       138          0          0          0          0         80   lludiv10.o
        16          4          0          0          0         76   rt_ctype_table.o
         8          4          0          0          0         68   rt_locale_intlibspace.o
        78          0          0          0          0         80   rt_memclr_w.o
       138          0          0          0          0         68   rt_memcpy_v6.o
       100          0          0          0          0         80   rt_memcpy_w.o
         2          0          0          0          0          0   rtexit.o
        10          0          0          0          0          0   rtexit2.o
       128          0          0          0          0         68   strcmpv7m.o
        74          0          0          0          0         80   sys_stackheap_outer.o
         2          0          0          0          0         68   use_no_semi.o
         2          0          0          0          0         68   use_no_semi_2.o
        98          4          0          0          0        140   d2f.o
       804         16          0          0          0        368   daddsub_clz.o
        24          0          0          0          0        116   dcmpi.o
       120          4          0          0          0        140   deqf.o
        94          4          0          0          0        140   dfix.o
        90          4          0          0          0        140   dfixu.o
        84          0          0          0          0        232   dflt_clz.o
       120          4          0          0          0        140   dleqf.o
       340         12          0          0          0        152   dmul.o
       156          4          0          0          0        140   dnaninf.o
        12          0          0          0          0        116   dretinf.o
       108          0          0          0          0        128   drleqf.o
        86          4          0          0          0        132   f2d.o
       140          4          0          0          0        132   fnaninf.o
        10          0          0          0          0        116   fpinit.o
        10          0          0          0          0        116   fretinf.o
         4          0          0          0          0        116   printf1.o
         0          0          0          0          0          0   usenofp.o
        48          0          0          0          0        124   fpclassify.o

    ----------------------------------------------------------------------
      8740        322        516          0         96       6940   Library Totals
        24          0          3          0          0          0   (incl. Padding)

    ----------------------------------------------------------------------

      Code (inc. data)   RO Data    RW Data    ZI Data      Debug   Library Name

      6368        262        513          0         96       4252   c_w.l
      2300         60          0          0          0       2564   fz_wm.l
        48          0          0          0          0        124   m_wm.l

    ----------------------------------------------------------------------
      8740        322        516          0         96       6940   Library Totals

    ----------------------------------------------------------------------

==============================================================================


      Code (inc. data)   RO Data    RW Data    ZI Data      Debug   

     43338       4380       3938       3716    1163076     718653   Grand Totals
     43338       4380       3938        860    1163076     718653   ELF Image Totals (compressed)
     43338       4380       3938        860          0          0   ROM Totals

==============================================================================

    Total RO  Size (Code + RO Data)                47276 (  46.17kB)
    Total RW  Size (RW Data + ZI Data)           1166792 (1139.45kB)
    Total ROM Size (Code + RO Data + RW Data)      48136 (  47.01kB)

==============================================================================

