Component: ARM Compiler 5.06 update 6 (build 750) Tool: armlink [4d35ed]

==============================================================================

Section Cross References

    main.o(i.main) refers to _printf_percent.o(.ARM.Collect$$_printf_percent$$00000000) for _printf_percent
    main.o(i.main) refers to _printf_d.o(.ARM.Collect$$_printf_percent$$00000009) for _printf_d
    main.o(i.main) refers to _printf_s.o(.ARM.Collect$$_printf_percent$$00000014) for _printf_s
    main.o(i.main) refers to _printf_dec.o(.text) for _printf_int_dec
    main.o(i.main) refers to _printf_str.o(.text) for _printf_str
    main.o(i.main) refers to usart.o(i.serial_init) for serial_init
    main.o(i.main) refers to makos_system.o(i.makos_init) for makos_init
    main.o(i.main) refers to makos_task.o(i.task_create_full) for task_create_full
    main.o(i.main) refers to makos_system.o(i.makos_run) for makos_run
    main.o(i.main) refers to makos_critical.o(i.irq_close) for irq_close
    main.o(i.main) refers to __2printf.o(.text) for __2printf
    main.o(i.main) refers to task_init.o(i.task_init) for task_init
    main.o(i.main) refers to makos_system.o(.bss) for system_param
    sentry_pull.o(i.Can_out) refers to can.o(i.can_set) for can_set
    sentry_pull.o(i.Can_out) refers to stm32f4xx_can.o(i.CAN_Transmit) for CAN_Transmit
    sentry_pull.o(i.Can_out) refers to user_can.o(.bss) for CAN2_DATA
    sentry_pull.o(i.Init_pull) refers to pid.o(i.PID_Struct_Init) for PID_Struct_Init
    sentry_pull.o(i.Init_pull) refers to user_can.o(.bss) for CAN2_DATA
    sentry_pull.o(i.Updata_out) refers to f2d.o(x$fpl$f2d) for __aeabi_f2d
    sentry_pull.o(i.Updata_out) refers to drleqf.o(x$fpl$drleqf) for __aeabi_cdrcmple
    sentry_pull.o(i.Updata_out) refers to dleqf.o(x$fpl$dleqf) for __aeabi_cdcmple
    sentry_pull.o(i.Updata_out) refers to pid.o(i.PID_Update_Incre) for PID_Update_Incre
    sentry_pull.o(i.Updata_out) refers to user_can.o(.bss) for CAN2_DATA
    sentry_pull.o(i.Updata_pos) refers to makos_message.o(i.msg_get_read_try) for msg_get_read_try
    sentry_pull.o(i.Updata_pos) refers to makos_message.o(i.msg_read_finish_try) for msg_read_finish_try
    sentry_pull.o(i.Updata_pos) refers to task_remote.o(.bss) for sentry_msg
    sentry_pull.o(i.Updata_pos) refers to user_can.o(.bss) for CAN2_DATA
    sentry_pull.o(i.heat_ceshi) refers to makos_schedule.o(i.task_delay_ms) for task_delay_ms
    sentry_pull.o(i.heat_ceshi) refers to sentry_pull.o(.data) for heat_sen
    sentry_pull.o(i.pull_ceshi) refers to makos_schedule.o(i.task_delay_ms) for task_delay_ms
    sentry_pull.o(i.pull_ceshi) refers to sentry_pull.o(.data) for heat_sen
    sentry_pull.o(i.pull_ceshi) refers to user_can.o(.bss) for CAN2_DATA
    sentry_pull.o(i.sentry_pull) refers to sentry_pull.o(i.Init_pull) for Init_pull
    sentry_pull.o(i.sentry_pull) refers to sentry_pull.o(i.Updata_pos) for Updata_pos
    sentry_pull.o(i.sentry_pull) refers to sentry_pull.o(i.Updata_out) for Updata_out
    sentry_pull.o(i.sentry_pull) refers to sentry_pull.o(i.Can_out) for Can_out
    sentry_pull.o(i.sentry_pull) refers to makos_schedule.o(i.task_delay_ms) for task_delay_ms
    sentry_pull.o(i.sentry_pull) refers to user_usart.o(i.print_wave) for print_wave
    sentry_pull.o(i.sentry_pull) refers to user_can.o(.bss) for CAN2_DATA
    sentry_friction.o(i.sentry_friction) refers to makos_schedule.o(i.task_delay_ms) for task_delay_ms
    sentry_friction.o(i.sentry_friction) refers to sentry_friction.o(.data) for pwmval
    sentry_ultrasonic.o(i.position) refers to dflt_clz.o(x$fpl$dflt) for __aeabi_i2d
    sentry_ultrasonic.o(i.position) refers to daddsub_clz.o(x$fpl$dadd) for __aeabi_dadd
    sentry_ultrasonic.o(i.position) refers to dfixu.o(x$fpl$dfixu) for __aeabi_d2uiz
    sentry_ultrasonic.o(i.sentry_ultrasonic) refers to hc_ultrasonic.o(i.HC_ult_send) for HC_ult_send
    sentry_ultrasonic.o(i.sentry_ultrasonic) refers to hc_ultrasonic.o(i.HC_Reci_TIM3_Init) for HC_Reci_TIM3_Init
    sentry_ultrasonic.o(i.sentry_ultrasonic) refers to hc_ultrasonic.o(i.HC_Reci_TIM9_Init) for HC_Reci_TIM9_Init
    sentry_ultrasonic.o(i.sentry_ultrasonic) refers to makos_schedule.o(i.task_delay_ms) for task_delay_ms
    sentry_classis.o(i.Init_classis) refers to pid.o(i.PID_Struct_Init) for PID_Struct_Init
    sentry_classis.o(i.Init_classis) refers to user_can.o(.bss) for CAN2_DATA
    sentry_classis.o(i.Sentry_Classis) refers to sentry_classis.o(i.Init_classis) for Init_classis
    sentry_classis.o(i.Sentry_Classis) refers to sentry_classis.o(i.Update_out) for Update_out
    sentry_classis.o(i.Sentry_Classis) refers to sentry_pull.o(i.Can_out) for Can_out
    sentry_classis.o(i.Sentry_Classis) refers to makos_schedule.o(i.task_delay_ms) for task_delay_ms
    sentry_classis.o(i.Update_out) refers to makos_message.o(i.msg_get_read_try) for msg_get_read_try
    sentry_classis.o(i.Update_out) refers to makos_message.o(i.msg_read_finish) for msg_read_finish
[...]
    __aeabi_d2uiz                            0x0800a629   Thumb Code     0  dfixu.o(x$fpl$dfixu)
    _dfixu                                   0x0800a629   Thumb Code    90  dfixu.o(x$fpl$dfixu)
    __aeabi_i2d                              0x0800a683   Thumb Code     0  dflt_clz.o(x$fpl$dflt)
    _dflt                                    0x0800a683   Thumb Code    46  dflt_clz.o(x$fpl$dflt)
    __aeabi_ui2d                             0x0800a6b1   Thumb Code     0  dflt_clz.o(x$fpl$dfltu)
    _dfltu                                   0x0800a6b1   Thumb Code    38  dflt_clz.o(x$fpl$dfltu)
    __aeabi_cdcmple                          0x0800a6d9   Thumb Code     0  dleqf.o(x$fpl$dleqf)
    _dcmple                                  0x0800a6d9   Thumb Code   120  dleqf.o(x$fpl$dleqf)
    __fpl_dcmple_InfNaN                      0x0800a73b   Thumb Code     0  dleqf.o(x$fpl$dleqf)
    __aeabi_dmul                             0x0800a751   Thumb Code     0  dmul.o(x$fpl$dmul)
    _dmul                                    0x0800a751   Thumb Code   332  dmul.o(x$fpl$dmul)
    __fpl_dnaninf                            0x0800a8a5   Thumb Code   156  dnaninf.o(x$fpl$dnaninf)
    __fpl_dretinf                            0x0800a941   Thumb Code    12  dretinf.o(x$fpl$dretinf)
    __aeabi_cdrcmple                         0x0800a94d   Thumb Code     0  drleqf.o(x$fpl$drleqf)
    _drcmple                                 0x0800a94d   Thumb Code   108  drleqf.o(x$fpl$drleqf)
    __aeabi_dsub                             0x0800a9b9   Thumb Code     0  daddsub_clz.o(x$fpl$dsub)
    _dsub                                    0x0800a9b9   Thumb Code   464  daddsub_clz.o(x$fpl$dsub)
    __aeabi_f2d                              0x0800ab8d   Thumb Code     0  f2d.o(x$fpl$f2d)
    _f2d                                     0x0800ab8d   Thumb Code    86  f2d.o(x$fpl$f2d)
    __fpl_fnaninf                            0x0800abe3   Thumb Code   140  fnaninf.o(x$fpl$fnaninf)
    _fp_init                                 0x0800ac6f   Thumb Code    10  fpinit.o(x$fpl$fpinit)
    __fplib_config_fpu_vfp                   0x0800ac77   Thumb Code     0  fpinit.o(x$fpl$fpinit)
    __fplib_config_pureend_doubles           0x0800ac77   Thumb Code     0  fpinit.o(x$fpl$fpinit)
    __fpl_fretinf                            0x0800ac79   Thumb Code    10  fretinf.o(x$fpl$fretinf)
    _printf_fp_dec                           0x0800ac83   Thumb Code     4  printf1.o(x$fpl$printf1)
    F6x8                                     0x0800ac86   Data         552  oled.o(.constdata)
    __I$use$fp                               0x0800ac86   Number         0  usenofp.o(x$fpl$usenofp)
    F8X16                                    0x0800aeae   Data        1520  oled.o(.constdata)
    CRC8_INIT                                0x0800b49e   Data           1  protocol.o(.constdata)
    CRC8_TAB                                 0x0800b49f   Data         256  protocol.o(.constdata)
    wCRC_Table                               0x0800b5a0   Data         512  protocol.o(.constdata)
    memtblsize                               0x0800b7a0   Data          12  makos_memory.o(.constdata)
    memblksize                               0x0800b7ac   Data          12  makos_memory.o(.constdata)
    memsize                                  0x0800b7b8   Data          12  makos_memory.o(.constdata)
    Region$$Table$$Base                      0x0800b914   Number         0  anon$$obj.o(Region$$Table)
    Region$$Table$$Limit                     0x0800b934   Number         0  anon$$obj.o(Region$$Table)
    __ctype                                  0x0800b95d   Data           0  lc_ctype_c.o(locale$$data)
    mem3base                                 0x10000000   Data       30720  makos_memory.o(.ARM.__AT_0x10000000)
    mem3mapbase                              0x10007800   Data        1920  makos_memory.o(.ARM.__AT_0x10007800)
    pwmval                                   0x20000000   Data           2  sentry_friction.o(.data)
    flag_pull                                0x20000002   Data           1  sentry_friction.o(.data)
    flag_R                                   0x20000004   Data           1  sentry_holder.o(.data)
    i                                        0x20000008   Data           4  sentry_holder.o(.data)
    flag_holder                              0x2000000c   Data           1  sentry_holder.o(.data)
    dir                                      0x2000000d   Data           1  sentry_holder.o(.data)
    remote_yaw                               0x2000000e   Data           2  sentry_holder.o(.data)
    speed_o                                  0x20000010   Data           2  sentry_holder.o(.data)
    remote_yaw2                              0x20000012   Data           2  sentry_holder.o(.data)
    remote_pitch                             0x20000014   Data           2  sentry_holder.o(.data)
    remote_pitch2                            0x20000016   Data           2  sentry_holder.o(.data)
    cur_pos1                                 0x20000018   Data           4  sentry_holder.o(.data)
    cur_pos2                                 0x2000001c   Data           4  sentry_holder.o(.data)
    cur_pos3                                 0x20000020   Data           4  sentry_holder.o(.data)
    cur_pos4                                 0x20000024   Data           4  sentry_holder.o(.data)
    tur_pos1                                 0x20000028   Data           4  sentry_holder.o(.data)
    tur_pos2                                 0x2000002c   Data           4  sentry_holder.o(.data)
    tur_pos3                                 0x20000030   Data           4  sentry_holder.o(.data)
    tur_pos4                                 0x20000034   Data           4  sentry_holder.o(.data)
    VS_rx_Msg                                0x20000038   Data           8  user_usart.o(.data)
    usart1_irq_check                         0x20000040   Data          12  user_usart.o(.data)
    usart5_irq_check                         0x2000004c   Data          12  user_usart.o(.data)
    Target_Flag                              0x20000058   Data           1  user_usart.o(.data)
    Target_Flag_last                         0x20000059   Data           1  user_usart.o(.data)
    camera_num                               0x2000005a   Data           2  user_usart.o(.data)
    a_moment_x                               0x20000070   Data           4  user_usart.o(.data)
    a_moment_y                               0x20000074   Data           4  user_usart.o(.data)
    vision_a_k                               0x20000078   Data           4  user_usart.o(.data)
    vision_a_k_pitch                         0x2000007c   Data           4  user_usart.o(.data)
    flag_fass2                               0x2000008c   Data           1  user_usart.o(.data)
    flag_pass_x_base                         0x2000008d   Data           1  user_usart.o(.data)
    flag_pass_y_base                         0x2000008e   Data           1  user_usart.o(.data)
    yaw_new2020                              0x20000090   Data           4  user_usart.o(.data)
    pitch_new2020                            0x20000094   Data           4  user_usart.o(.data)
    dist_new2020                             0x20000098   Data           4  user_usart.o(.data)
    yaw_angle2021                            0x2000009c   Data           4  user_usart.o(.data)
    pitch_angle2021                          0x200000a0   Data           4  user_usart.o(.data)
    get_flag                                 0x200000a4   Data           1  user_usart.o(.data)
    usart6_irq_check                         0x200000a8   Data          12  user_usart.o(.data)
    __count                                  0x200000b4   Data           4  user_usart.o(.data)
    cmdf                                     0x200000b8   Data           2  user_usart.o(.data)
    cmdr                                     0x200000ba   Data           2  user_usart.o(.data)
    SHOOT_CIRCLE_F                           0x200000bc   Data           2  user_usart.o(.data)
    SHOOT_CIRCLE_FF                          0x200000be   Data           2  user_usart.o(.data)
    SHOOT_CIRCLE_G                           0x200000c0   Data           2  user_usart.o(.data)
    dma_write_len                            0x200000c4   Data           4  communicate.o(.data)
    fifo_overflow                            0x200000c8   Data           4  communicate.o(.data)
    senderID                                 0x200000d0   Data           1  task_judge.o(.data)
    clientID                                 0x200000d2   Data           2  task_judge.o(.data)
    color                                    0x200000d4   Data           1  task_judge.o(.data)
    send_judge_G                             0x200000d5   Data           1  task_judge.o(.data)
    power                                    0x200000d8   Data           4  task_judge.o(.data)
    magazine                                 0x200000dc   Data           1  task_remote.o(.data)
    led1                                     0x200000e8   Data          12  task_led.o(.data)
    led2                                     0x200000f4   Data          12  task_led.o(.data)
    beep                                     0x20000100   Data          12  task_led.o(.data)
    led_user_period                          0x2000010c   Data           4  task_led.o(.data)
    checkdata_to_send                        0x20000110   Data           1  task_ano.o(.data)
    checksum_to_send                         0x20000111   Data           1  task_ano.o(.data)
    test_temp_kp                             0x20000114   Data           4  task_ano.o(.data)
    KeyBox                                   0x2000011d   Data           4  keyboard.o(.data)
    key_msg_front                            0x20000121   Data           1  keyboard.o(.data)
    key_msg_rear                             0x20000122   Data           1  keyboard.o(.data)
    key_msg_flag                             0x20000123   Data           1  keyboard.o(.data)
    trans_ok                                 0x20000128   Data           1  uart_dma.o(.data)
    DMA_memory_id                            0x20000129   Data           1  uart_dma.o(.data)
    uart_DMA_full_G                          0x2000012a   Data           1  uart_dma.o(.data)
    uart_idle_times                          0x2000012b   Data           1  uart_dma.o(.data)
    Free_Read_Rst                            0x2000012c   Data           1  uart_dma.o(.data)
    uart_idle_G                              0x20000130   Data           4  uart_dma.o(.data)
    pdbus                                    0x20000134   Data           4  dbus.o(.data)
    gpiox                                    0x20000138   Data           4  dbus.o(.data)
    pin                                      0x2000013c   Data           4  dbus.o(.data)
    irq_usart                                0x20000140   Data           1  dbus.o(.data)
    irq_dma                                  0x20000141   Data           1  dbus.o(.data)
    channel                                  0x20000144   Data           4  dbus.o(.data)
    stream                                   0x20000148   Data           4  dbus.o(.data)
    dma_it                                   0x2000014c   Data           4  dbus.o(.data)
    dbus_error_ms                            0x20000150   Data           4  dbus.o(.data)
    dmaif11                                  0x20000154   Data           4  dbus.o(.data)
    dmaif22                                  0x20000158   Data           4  dbus.o(.data)
    dma1_irq_check                           0x2000015c   Data          12  dbus.o(.data)
    dma2_irq_check                           0x20000168   Data          12  dbus.o(.data)
    frame                                    0x20000174   Data           1  timer.o(.data)
    speed                                    0x20000178   Data           4  timer.o(.data)
    last_pos                                 0x2000017c   Data           4  timer.o(.data)
    Hzk                                      0x20000184   Data         448  oled.o(.data)
    pic_test                                 0x20000344   Data         464  oled.o(.data)
    pic_test2                                0x20000514   Data        2048  oled.o(.data)
    pserial                                  0x20000d14   Data           4  usart.o(.data)
    uif1                                     0x20000d18   Data           4  usart.o(.data)
    uif2                                     0x20000d1c   Data           4  usart.o(.data)
    uif3                                     0x20000d20   Data           4  usart.o(.data)
    uif4                                     0x20000d24   Data           4  usart.o(.data)
    uif5                                     0x20000d28   Data           4  usart.o(.data)
    uif6                                     0x20000d2c   Data           4  usart.o(.data)
    serial_init_flag                         0x20000d30   Data           4  usart.o(.data)
    count                                    0x20000d34   Data           1  usart.o(.data)
    __stdout                                 0x20000d38   Data           4  usart.o(.data)
    TxCounter                                0x20000d3c   Data           1  usart.o(.data)
    GPIO_InitStructure                       0x20000d68   Data           8  hc_ultrasonic.o(.data)
    NVIC_InitStructure                       0x20000d70   Data           4  hc_ultrasonic.o(.data)
    HC_1                                     0x20000d74   Data           8  hc_ultrasonic.o(.data)
    HC_2                                     0x20000d7c   Data           8  hc_ultrasonic.o(.data)
    cmd_ID                                   0x20000d84   Data           2  judgement_info.o(.data)
    data_Length                              0x20000d86   Data           2  judgement_info.o(.data)
    CRC_INIT                                 0x20000d88   Data           2  protocol.o(.data)
    KeyStatus                                0x20000d90   Data           2  ui_lib.o(.data)
    Cursor                                   0x20000d94   Data           4  ui_lib.o(.data)
    Cursor_last                              0x20000d98   Data           4  ui_lib.o(.data)
    NowPage                                  0x20000d9c   Data           4  ui_lib.o(.data)
    Menustatus                               0x20000da0   Data           4  ui_lib.o(.data)
    uintForNow                               0x20000da4   Data           1  ui_lib.o(.data)
    DataInterval                             0x20000da8   Data           4  ui_lib.o(.data)
    uintArray                                0x20000db0   Data          64  ui_lib.o(.data)
    DataToChangeNum                          0x20000df0   Data           4  ui_lib.o(.data)
    mainpage_callback                        0x20000df4   Data           4  ui_lib.o(.data)
    dhead_flash                              0x20000df8   Data           8  ui_lib.o(.data)
    irq_pos                                  0x20000e00   Data           1  makos_critical.o(.data)
    tick_callback                            0x20000e04   Data           4  makos_tick.o(.data)
    malloc_cortol                            0x20000e08   Data          36  makos_memory.o(.data)
    ptcb_curr                                0x20000e2c   Data           4  makos_system.o(.data)
    ptcb_next                                0x20000e30   Data           4  makos_system.o(.data)
    system_clock                             0x20000e34   Data           4  makos_tick_handle.o(.data)
    print_flag                               0x20000e38   Data           1  makos_print.o(.data)
    dhead_print                              0x20000e3c   Data           8  makos_print.o(.data)
    cpu_print                                0x20000e44   Data           4  makos_idle.o(.data)
    cpu_print_mark                           0x20000e48   Data           4  makos_idle.o(.data)
    app_key1                                 0x20000e4c   Data           1  makos_resolver.o(.data)
    app_key2                                 0x20000e4d   Data           1  makos_resolver.o(.data)
    app_key3                                 0x20000e4e   Data           1  makos_resolver.o(.data)
    app_key4                                 0x20000e4f   Data           1  makos_resolver.o(.data)
    app_key5                                 0x20000e50   Data           1  makos_resolver.o(.data)
    app_key6                                 0x20000e51   Data           1  makos_resolver.o(.data)
    app_bar1                                 0x20000e52   Data           1  makos_resolver.o(.data)
    app_bar2                                 0x20000e53   Data           1  makos_resolver.o(.data)
    app_bar3                                 0x20000e54   Data           1  makos_resolver.o(.data)
    dhead_resolve                            0x20000e58   Data           8  makos_resolver.o(.data)
    record_flag                              0x20000e60   Data           4  makos_record.o(.data)
    record_write                             0x20000e64   Data           4  makos_record.o(.data)
    record_print                             0x20000e68   Data           4  makos_record.o(.data)
    CAN1_DATA                                0x20000e7c   Data        1024  user_can.o(.bss)
    CAN2_DATA                                0x2000127c   Data        1024  user_can.o(.bss)
    can_data                                 0x2000167c   Data          16  user_can.o(.bss)
    Camera_Uart_Buffer                       0x2000168c   Data         256  user_usart.o(.bss)
    camera_new                               0x2000178c   Data          12  user_usart.o(.bss)
    main_page                                0x20001798   Data         164  ui.o(.bss)
    param_set_page                           0x2000183c   Data         164  ui.o(.bss)
    data_Show_page                           0x200018e0   Data         164  ui.o(.bss)
    vs_param_set_page                        0x20001984   Data         164  ui.o(.bss)
    chassis_msg                              0x20001d24   Data          28  task_remote.o(.bss)
    holder_msg                               0x20001d40   Data          28  task_remote.o(.bss)
    shoot_msg                                0x20001d5c   Data          28  task_remote.o(.bss)
    remote_msg                               0x20001d78   Data          28  task_remote.o(.bss)
    sentry_msg                               0x20001d94   Data          28  task_remote.o(.bss)
    task_remote_buff                         0x20001db0   Data          36  task_remote.o(.bss)
    ANO_data                                 0x20001dd4   Data         108  task_ano.o(.bss)
    f                                        0x20001e40   Data          12  task_ano.o(.bss)
    data_to_send                             0x20001e4c   Data          50  task_ano.o(.bss)
    key_msg                                  0x20001eb0   Data          40  keyboard.o(.bss)
    SendBuff                                 0x20001ed8   Data          70  uart_dma.o(.bss)
    ReadBuff                                 0x20001f1e   Data        1024  uart_dma.o(.bss)
    ReadBuff2                                0x2000231e   Data        1024  uart_dma.o(.bss)
    DMA_InitStructure_tx                     0x20002720   Data          60  uart_dma.o(.bss)
    remote_buff                              0x2000275c   Data          18  dbus.o(.bss)
    canrate                                  0x20002770   Data          72  timer.o(.bss)
    TxBuffer                                 0x200027b8   Data         256  usart.o(.bss)
    judge_recv_mesg                          0x20002960   Data          70  judgement_info.o(.bss)
    client_custom_data                       0x200029a6   Data          19  judgement_info.o(.bss)
    irq_stat                                 0x200029bc   Data          60  makos_critical.o(.bss)
    mem1base                                 0x200029f8   Data       71680  makos_memory.o(.bss)
    mem1mapbase                              0x200141f8   Data        4480  makos_memory.o(.bss)
    system_param                             0x20015378   Data          84  makos_system.o(.bss)
    pipe_resolver                            0x200153cc   Data          20  makos_resolver.o(.bss)
    record_buff                              0x200153e0   Data        1024  makos_record.o(.bss)
    __libspace_start                         0x200157e0   Data          96  libspace.o(.bss)
    __temporary_stack_top$libspace           0x20015840   Data           0  libspace.o(.bss)
    mem2base                                 0x68000000   Data       983040  makos_memory.o(.ARM.__AT_0x68000000)
    mem2mapbase                              0x680f0000   Data       61440  makos_memory.o(.ARM.__AT_0x680F0000)



==============================================================================

Memory Map of the image

  Image Entry point : 0x08000189

  Load Region LR_IROM1 (Base: 0x08000000, Size: 0x0000c8dc, Max: 0x00100000, ABSOLUTE, COMPRESSED[0x0000bdc0])

    Execution Region ER_IROM1 (Exec base: 0x08000000, Load base: 0x08000000, Size: 0x0000ba60, Max: 0x00100000, ABSOLUTE)

    Exec Addr    Load Addr    Size         Type   Attr      Idx    E Section Name        Object

    0x08000000   0x08000000   0x00000188   Data   RO         7791    RESET               startup_stm32f40xx.o
    0x08000188   0x08000188   0x00000008   Code   RO         8224  * !!!main             c_w.l(__main.o)
    0x08000190   0x08000190   0x00000034   Code   RO         8636    !!!scatter          c_w.l(__scatter.o)
    0x080001c4   0x080001c4   0x0000005a   Code   RO         8634    !!dczerorl2         c_w.l(__dczerorl2.o)
    0x0800021e   0x0800021e   0x00000002   PAD
    0x08000220   0x08000220   0x0000001c   Code   RO         8638    !!handler_zi        c_w.l(__scatter_zi.o)
    0x0800023c   0x0800023c   0x00000000   Code   RO         8213    .ARM.Collect$$_printf_percent$$00000000  c_w.l(_printf_percent.o)
    0x0800023c   0x0800023c   0x00000006   Code   RO         8344    .ARM.Collect$$_printf_percent$$00000001  c_w.l(_printf_n.o)
    0x08000242   0x08000242   0x00000006   Code   RO         8345    .ARM.Collect$$_printf_percent$$00000002  c_w.l(_printf_p.o)
    0x08000248   0x08000248   0x00000006   Code   RO         8212    .ARM.Collect$$_printf_percent$$00000003  c_w.l(_printf_f.o)
    0x0800024e   0x0800024e   0x00000006   Code   RO         8349    .ARM.Collect$$_printf_percent$$00000004  c_w.l(_printf_e.o)
    0x08000254   0x08000254   0x00000006   Code   RO         8350    .ARM.Collect$$_printf_percent$$00000005  c_w.l(_printf_g.o)
    0x0800025a   0x0800025a   0x00000006   Code   RO         8351    .ARM.Collect$$_printf_percent$$00000006  c_w.l(_printf_a.o)
    0x08000260   0x08000260   0x0000000a   Code   RO         8356    .ARM.Collect$$_printf_percent$$00000007  c_w.l(_printf_ll.o)
    0x0800026a   0x0800026a   0x00000006   Code   RO         8347    .ARM.Collect$$_printf_percent$$00000008  c_w.l(_printf_i.o)
    0x08000270   0x08000270   0x00000006   Code   RO         8211    .ARM.Collect$$_printf_percent$$00000009  c_w.l(_printf_d.o)
    0x08000276   0x08000276   0x00000006   Code   RO         8348    .ARM.Collect$$_printf_percent$$0000000A  c_w.l(_printf_u.o)
    0x0800027c   0x0800027c   0x00000006   Code   RO         8346    .ARM.Collect$$_printf_percent$$0000000B  c_w.l(_printf_o.o)
    0x08000282   0x08000282   0x00000006   Code   RO         8210    .ARM.Collect$$_printf_percent$$0000000C  c_w.l(_printf_x.o)
    0x08000288   0x08000288   0x00000006   Code   RO         8353    .ARM.Collect$$_printf_percent$$0000000D  c_w.l(_printf_lli.o)
    0x0800028e   0x0800028e   0x00000006   Code   RO         8354    .ARM.Collect$$_printf_percent$$0000000E  c_w.l(_printf_lld.o)
    0x08000294   0x08000294   0x00000006   Code   RO         8355    .ARM.Collect$$_printf_percent$$0000000F  c_w.l(_printf_llu.o)
    0x0800029a   0x0800029a   0x00000006   Code   RO         8360    .ARM.Collect$$_printf_percent$$00000010  c_w.l(_printf_llo.o)
    0x080002a0   0x080002a0   0x00000006   Code   RO         8361    .ARM.Collect$$_printf_percent$$00000011  c_w.l(_printf_llx.o)
    0x080002a6   0x080002a6   0x0000000a   Code   RO         8357    .ARM.Collect$$_printf_percent$$00000012  c_w.l(_printf_l.o)
    0x080002b0   0x080002b0   0x00000006   Code   RO         8343    .ARM.Collect$$_printf_percent$$00000013  c_w.l(_printf_c.o)
    0x080002b6   0x080002b6   0x00000006   Code   RO         8209    .ARM.Collect$$_printf_percent$$00000014  c_w.l(_printf_s.o)
    0x080002bc   0x080002bc   0x00000006   Code   RO         8358    .ARM.Collect$$_printf_percent$$00000015  c_w.l(_printf_lc.o)
    0x080002c2   0x080002c2   0x00000006   Code   RO         8359    .ARM.Collect$$_printf_percent$$00000016  c_w.l(_printf_ls.o)
    0x080002c8   0x080002c8   0x00000004   Code   RO         8352    .ARM.Collect$$_printf_percent$$00000017  c_w.l(_printf_percent_end.o)
    0x080002cc   0x080002cc   0x00000002   Code   RO         8572    .ARM.Collect$$libinit$$00000000  c_w.l(libinit.o)
    0x080002ce   0x080002ce   0x00000004   Code   RO         8364    .ARM.Collect$$libinit$$00000001  c_w.l(libinit2.o)
    0x080002d2   0x080002d2   0x00000000   Code   RO         8367    .ARM.Collect$$libinit$$00000004  c_w.l(libinit2.o)
    0x080002d2   0x080002d2   0x00000000   Code   RO         8370    .ARM.Collect$$libinit$$0000000A  c_w.l(libinit2.o)
    0x080002d2   0x080002d2   0x00000000   Code   RO         8372    .ARM.Collect$$libinit$$0000000C  c_w.l(libinit2.o)
    0x080002d2   0x080002d2   0x00000000   Code   RO         8374    .ARM.Collect$$libinit$$0000000E  c_w.l(libinit2.o)
    0x080002d2   0x080002d2   0x00000006   Code   RO         8375    .ARM.Collect$$libinit$$0000000F  c_w.l(libinit2.o)
    0x080002d8   0x080002d8   0x00000000   Code   RO         8377    .ARM.Collect$$libinit$$00000011  c_w.l(libinit2.o)
    0x080002d8   0x080002d8   0x0000000c   Code   RO         8378    .ARM.Collect$$libinit$$00000012  c_w.l(libinit2.o)
    0x080002e4   0x080002e4   0x00000000   Code   RO         8379    .ARM.Collect$$libinit$$00000013  c_w.l(libinit2.o)
    0x080002e4   0x080002e4   0x00000000   Code   RO         8381    .ARM.Collect$$libinit$$00000015  c_w.l(libinit2.o)
    0x080002e4   0x080002e4   0x0000000a   Code   RO         8382    .ARM.Collect$$libinit$$00000016  c_w.l(libinit2.o)
    0x080002ee   0x080002ee   0x00000000   Code   RO         8383    .ARM.Collect$$libinit$$00000017  c_w.l(libinit2.o)
    0x080002ee   0x080002ee   0x00000000   Code   RO         8385    .ARM.Collect$$libinit$$00000019  c_w.l(libinit2.o)
    0x080002ee   0x080002ee   0x00000000   Code   RO         8387    .ARM.Collect$$libinit$$0000001B  c_w.l(libinit2.o)
    0x080002ee   0x080002ee   0x00000000   Code   RO         8389    .ARM.Collect$$libinit$$0000001D  c_w.l(libinit2.o)
    0x080002ee   0x080002ee   0x00000000   Code   RO         8391    .ARM.Collect$$libinit$$0000001F  c_w.l(libinit2.o)
    0x080002ee   0x080002ee   0x00000000   Code   RO         8393    .ARM.Collect$$libinit$$00000021  c_w.l(libinit2.o)
    0x080002ee   0x080002ee   0x00000000   Code   RO         8395    .ARM.Collect$$libinit$$00000023  c_w.l(libinit2.o)
    0x080002ee   0x080002ee   0x00000000   Code   RO         8397    .ARM.Collect$$libinit$$00000025  c_w.l(libinit2.o)
    0x080002ee   0x080002ee   0x00000000   Code   RO         8401    .ARM.Collect$$libinit$$0000002C  c_w.l(libinit2.o)
    0x080002ee   0x080002ee   0x00000000   Code   RO         8403    .ARM.Collect$$libinit$$0000002E  c_w.l(libinit2.o)
    0x080002ee   0x080002ee   0x00000000   Code   RO         8405    .ARM.Collect$$libinit$$00000030  c_w.l(libinit2.o)
    0x080002ee   0x080002ee   0x00000000   Code   RO         8407    .ARM.Collect$$libinit$$00000032  c_w.l(libinit2.o)
    0x080002ee   0x080002ee   0x00000002   Code   RO         8408    .ARM.Collect$$libinit$$00000033  c_w.l(libinit2.o)
    0x080002f0   0x080002f0   0x00000002   Code   RO         8631    .ARM.Collect$$libshutdown$$00000000  c_w.l(libshutdown.o)
    0x080002f2   0x080002f2   0x00000000   Code   RO         8587    .ARM.Collect$$libshutdown$$00000002  c_w.l(libshutdown2.o)
    0x080002f2   0x080002f2   0x00000000   Code   RO         8589    .ARM.Collect$$libshutdown$$00000004  c_w.l(libshutdown2.o)
    0x080002f2   0x080002f2   0x00000000   Code   RO         8592    .ARM.Collect$$libshutdown$$00000007  c_w.l(libshutdown2.o)
    0x080002f2   0x080002f2   0x00000000   Code   RO         8595    .ARM.Collect$$libshutdown$$0000000A  c_w.l(libshutdown2.o)
    0x080002f2   0x080002f2   0x00000000   Code   RO         8597    .ARM.Collect$$libshutdown$$0000000C  c_w.l(libshutdown2.o)
    0x080002f2   0x080002f2   0x00000000   Code   RO         8600    .ARM.Collect$$libshutdown$$0000000F  c_w.l(libshutdown2.o)
    0x080002f2   0x080002f2   0x00000002   Code   RO         8601    .ARM.Collect$$libshutdown$$00000010  c_w.l(libshutdown2.o)
    0x080002f4   0x080002f4   0x00000000   Code   RO         8286    .ARM.Collect$$rtentry$$00000000  c_w.l(__rtentry.o)
    0x080002f4   0x080002f4   0x00000000   Code   RO         8456    .ARM.Collect$$rtentry$$00000002  c_w.l(__rtentry2.o)
    0x080002f4   0x080002f4   0x00000006   Code   RO         8468    .ARM.Collect$$rtentry$$00000004  c_w.l(__rtentry4.o)
    0x080002fa   0x080002fa   0x00000000   Code   RO         8458    .ARM.Collect$$rtentry$$00000009  c_w.l(__rtentry2.o)
    0x080002fa   0x080002fa   0x00000004   Code   RO         8459    .ARM.Collect$$rtentry$$0000000A  c_w.l(__rtentry2.o)
    0x080002fe   0x080002fe   0x00000000   Code   RO         8461    .ARM.Collect$$rtentry$$0000000C  c_w.l(__rtentry2.o)
    0x080002fe   0x080002fe   0x00000008   Code   RO         8462    .ARM.Collect$$rtentry$$0000000D  c_w.l(__rtentry2.o)
    0x08000306   0x08000306   0x00000002   Code   RO         8573    .ARM.Collect$$rtexit$$00000000  c_w.l(rtexit.o)
    0x08000308   0x08000308   0x00000000   Code   RO         8605    .ARM.Collect$$rtexit$$00000002  c_w.l(rtexit2.o)
    0x08000308   0x08000308   0x00000004   Code   RO         8606    .ARM.Collect$$rtexit$$00000003  c_w.l(rtexit2.o)
    0x0800030c   0x0800030c   0x00000006   Code   RO         8607    .ARM.Collect$$rtexit$$00000004  c_w.l(rtexit2.o)
    0x08000312   0x08000312   0x00000002   PAD
    0x08000314   0x08000314   0x0000004c   Code   RO         3667    .emb_text           makos_pendsv.o
    0x08000360   0x08000360   0x00000040   Code   RO         7792    .text               startup_stm32f40xx.o
    0x080003a0   0x080003a0   0x00000002   Code   RO         8092    .text               c_w.l(use_no_semi_2.o)
    0x080003a2   0x080003a2   0x00000002   PAD
    0x080003a4   0x080003a4   0x00000024   Code   RO         8156    .text               c_w.l(c89vsprintf.o)
    0x080003c8   0x080003c8   0x00000018   Code   RO         8158    .text               c_w.l(__2printf.o)
    0x080003e0   0x080003e0   0x00000052   Code   RO         8164    .text               c_w.l(_printf_str.o)
    0x08000432   0x08000432   0x00000002   PAD
    0x08000434   0x08000434   0x00000078   Code   RO         8166    .text               c_w.l(_printf_dec.o)
    0x080004ac   0x080004ac   0x00000094   Code   RO         8186    .text               c_w.l(_printf_hex_int_ll_ptr.o)
    0x08000540   0x08000540   0x00000188   Code   RO         8206    .text               c_w.l(__printf_flags_ss_wp.o)
    0x080006c8   0x080006c8   0x0000008a   Code   RO         8214    .text               c_w.l(rt_memcpy_v6.o)
    0x08000752   0x08000752   0x00000064   Code   RO         8216    .text               c_w.l(rt_memcpy_w.o)
    0x080007b6   0x080007b6   0x0000004e   Code   RO         8218    .text               c_w.l(rt_memclr_w.o)
    0x08000804   0x08000804   0x00000080   Code   RO         8220    .text               c_w.l(strcmpv7m.o)
    0x08000884   0x08000884   0x00000006   Code   RO         8222    .text               c_w.l(heapauxi.o)
    0x0800088a   0x0800088a   0x00000002   Code   RO         8282    .text               c_w.l(use_no_semi.o)
    0x0800088c   0x0800088c   0x0000004e   Code   RO         8314    .text               c_w.l(_printf_pad.o)
    0x080008da   0x080008da   0x00000024   Code   RO         8316    .text               c_w.l(_printf_truncate.o)
    0x080008fe   0x080008fe   0x000000b2   Code   RO         8318    .text               c_w.l(_printf_intcommon.o)
    0x080009b0   0x080009b0   0x00000028   Code   RO         8320    .text               c_w.l(_printf_charcount.o)
    0x080009d8   0x080009d8   0x0000041e   Code   RO         8322    .text               c_w.l(_printf_fp_dec.o)
    0x08000df6   0x08000df6   0x00000002   PAD
    0x08000df8   0x08000df8   0x00000030   Code   RO         8324    .text               c_w.l(_printf_char_common.o)
    0x08000e28   0x08000e28   0x0000000a   Code   RO         8326    .text               c_w.l(_sputc.o)
    0x08000e32   0x08000e32   0x0000002c   Code   RO         8328    .text               c_w.l(_printf_char.o)
    0x08000e5e   0x08000e5e   0x00000002   PAD
    0x08000e60   0x08000e60   0x00000024   Code   RO         8330    .text               c_w.l(_printf_char_file.o)
    0x08000e84   0x08000e84   0x000000bc   Code   RO         8332    .text               c_w.l(_printf_wctomb.o)
    0x08000f40   0x08000f40   0x0000007c   Code   RO         8335    .text               c_w.l(_printf_longlong_dec.o)
    0x08000fbc   0x08000fbc   0x00000070   Code   RO         8341    .text               c_w.l(_printf_oct_int_ll.o)
    0x0800102c   0x0800102c   0x00000008   Code   RO         8452    .text               c_w.l(libspace.o)
    0x08001034   0x08001034   0x00000008   Code   RO         8473    .text               c_w.l(rt_locale_intlibspace.o)
    0x0800103c   0x0800103c   0x0000008a   Code   RO         8488    .text               c_w.l(lludiv10.o)
    0x080010c6   0x080010c6   0x00000002   PAD
    0x080010c8   0x080010c8   0x00000080   Code   RO         8490    .text               c_w.l(_printf_fp_infnan.o)
    0x08001148   0x08001148   0x0000002c   Code   RO         8494    .text               c_w.l(_printf_wchar.o)
    0x08001174   0x08001174   0x000000e4   Code   RO         8496    .text               c_w.l(bigflt0.o)
    0x08001258   0x08001258   0x00000008   Code   RO         8521    .text               c_w.l(ferror.o)
    0x08001260   0x08001260   0x00000040   Code   RO         8525    .text               c_w.l(_wcrtomb.o)
    0x080012a0   0x080012a0   0x0000004a   Code   RO         8549    .text               c_w.l(sys_stackheap_outer.o)
    0x080012ea   0x080012ea   0x00000002   PAD
    0x080012ec   0x080012ec   0x00000010   Code   RO         8551    .text               c_w.l(rt_ctype_table.o)
    0x080012fc   0x080012fc   0x00000012   Code   RO         8557    .text               c_w.l(exit.o)
    0x0800130e   0x0800130e   0x0000003e   Code   RO         8499    CL$$btod_d2e        c_w.l(btod.o)
    0x0800134c   0x0800134c   0x00000046   Code   RO         8501    CL$$btod_d2e_denorm_low  c_w.l(btod.o)
    0x08001392   0x08001392   0x00000060   Code   RO         8500    CL$$btod_d2e_norm_op1  c_w.l(btod.o)
    0x080013f2   0x080013f2   0x00000338   Code   RO         8509    CL$$btod_div_common  c_w.l(btod.o)
    0x0800172a   0x0800172a   0x000000dc   Code   RO         8506    CL$$btod_e2e        c_w.l(btod.o)
    0x08001806   0x08001806   0x0000002a   Code   RO         8503    CL$$btod_ediv       c_w.l(btod.o)
    0x08001830   0x08001830   0x0000002a   Code   RO         8502    CL$$btod_emul       c_w.l(btod.o)
    0x0800185a   0x0800185a   0x00000244   Code   RO         8508    CL$$btod_mult_common  c_w.l(btod.o)
    0x08001a9e   0x08001a9e   0x00000002   PAD
    0x08001aa0   0x08001aa0   0x000000e0   Code   RO         1597    i.ANO_DT_Data_Receive_Prepare  task_ano.o
    0x08001b80   0x08001b80   0x00000020   Code   RO         4927    i.BusFault_Handler  stm32f4xx_it.o
    0x08001ba0   0x08001ba0   0x0000001c   Code   RO         2214    i.CAN1_Configuration  can.o
    0x08001bbc   0x08001bbc   0x00000050   Code   RO         2215    i.CAN1_GPIO_Configuration  can.o
    0x08001c0c   0x08001c0c   0x0000003c   Code   RO         2216    i.CAN1_NVIC_Configuration  can.o
    0x08001c48   0x08001c48   0x00000118   Code   RO          759    i.CAN1_RX0_IRQHandler  user_can.o
    0x08001d60   0x08001d60   0x00000028   Code   RO          760    i.CAN1_TX_IRQHandler  user_can.o
    0x08001d88   0x08001d88   0x000000a4   Code   RO         2218    i.CAN1_mode_Configuration  can.o
    0x08001e2c   0x08001e2c   0x000001f0   Code   RO          761    i.CAN2_RX0_IRQHandler  user_can.o
    0x0800201c   0x0800201c   0x00000028   Code   RO          762    i.CAN2_TX_IRQHandler  user_can.o
    0x08002044   0x08002044   0x00000038   Code   RO         5420    i.CAN_ClearFlag     stm32f4xx_can.o
    0x0800207c   0x0800207c   0x000000a8   Code   RO         5421    i.CAN_ClearITPendingBit  stm32f4xx_can.o
    0x08002124   0x08002124   0x00000038   Code   RO         5423    i.CAN_DeInit        stm32f4xx_can.o
    0x0800215c   0x0800215c   0x00000108   Code   RO         5425    i.CAN_FilterInit    stm32f4xx_can.o
    0x08002264   0x08002264   0x00000120   Code   RO         5427    i.CAN_GetITStatus   stm32f4xx_can.o
    0x08002384   0x08002384   0x00000012   Code   RO         5431    i.CAN_ITConfig      stm32f4xx_can.o
    0x08002396   0x08002396   0x00000114   Code   RO         5432    i.CAN_Init          stm32f4xx_can.o
    0x080024aa   0x080024aa   0x000000f0   Code   RO         5435    i.CAN_Receive       stm32f4xx_can.o
    0x0800259a   0x0800259a   0x00000020   Code   RO         5438    i.CAN_StructInit    stm32f4xx_can.o
    0x080025ba   0x080025ba   0x00000126   Code   RO         5440    i.CAN_Transmit      stm32f4xx_can.o
    0x080026e0   0x080026e0   0x000000d8   Code   RO          337    i.Can_out           sentry_pull.o
    0x080027b8   0x080027b8   0x00000600   Code   RO         3562    i.ChangeData        ui_lib.o
    0x08002db8   0x08002db8   0x00000012   Code   RO         5443    i.CheckITStatus     stm32f4xx_can.o
    0x08002dca   0x08002dca   0x00000002   PAD
    0x08002dcc   0x08002dcc   0x00000044   Code   RO         1830    i.DMA1_Stream1_IRQHandler  uart_dma.o
    0x08002e10   0x08002e10   0x0000004c   Code   RO         1985    i.DMA2_Stream2_IRQHandler  dbus.o
    0x08002e5c   0x08002e5c   0x00000034   Code   RO         5589    i.DMA_ClearFlag     stm32f4xx_dma.o
    0x08002e90   0x08002e90   0x00000034   Code   RO         5590    i.DMA_ClearITPendingBit  stm32f4xx_dma.o
    0x08002ec4   0x08002ec4   0x00000016   Code   RO         5591    i.DMA_Cmd           stm32f4xx_dma.o
    0x08002eda   0x08002eda   0x00000002   PAD
    0x08002edc   0x08002edc   0x00000158   Code   RO         5592    i.DMA_DeInit        stm32f4xx_dma.o
    0x08003034   0x08003034   0x00000016   Code   RO         5593    i.DMA_DoubleBufferModeCmd  stm32f4xx_dma.o
    0x0800304a   0x0800304a   0x00000018   Code   RO         5594    i.DMA_DoubleBufferModeConfig  stm32f4xx_dma.o
    0x08003062   0x08003062   0x00000014   Code   RO         5596    i.DMA_GetCmdStatus  stm32f4xx_dma.o
    0x08003076   0x08003076   0x00000008   Code   RO         5597    i.DMA_GetCurrDataCounter  stm32f4xx_dma.o
    0x0800307e   0x0800307e   0x00000014   Code   RO         5598    i.DMA_GetCurrentMemoryTarget  stm32f4xx_dma.o
    0x08003092   0x08003092   0x00000002   PAD
    0x08003094   0x08003094   0x00000044   Code   RO         5600    i.DMA_GetFlagStatus  stm32f4xx_dma.o
    0x080030d8   0x080030d8   0x00000064   Code   RO         5601    i.DMA_GetITStatus   stm32f4xx_dma.o
    0x0800313c   0x0800313c   0x0000003a   Code   RO         5602    i.DMA_ITConfig      stm32f4xx_dma.o
    0x08003176   0x08003176   0x00000002   PAD
    0x08003178   0x08003178   0x00000058   Code   RO         5603    i.DMA_Init          stm32f4xx_dma.o
    0x080031d0   0x080031d0   0x00000020   Code   RO         4928    i.DebugMon_Handler  stm32f4xx_it.o
    0x080031f0   0x080031f0   0x000000b4   Code   RO         1831    i.Debug_USART_Config  uart_dma.o
    0x080032a4   0x080032a4   0x00000050   Code   RO         2150    i.Delay_Timer_Init  timer.o
    0x080032f4   0x080032f4   0x0000000c   Code   RO         5793    i.FLASH_ClearFlag   stm32f4xx_flash.o
    0x08003300   0x08003300   0x00000088   Code   RO         5799    i.FLASH_EraseSector  stm32f4xx_flash.o
    0x08003388   0x08003388   0x00000054   Code   RO         5801    i.FLASH_GetStatus   stm32f4xx_flash.o
    0x080033dc   0x080033dc   0x00000014   Code   RO         5805    i.FLASH_Lock        stm32f4xx_flash.o
    0x080033f0   0x080033f0   0x00000050   Code   RO         5829    i.FLASH_ProgramWord  stm32f4xx_flash.o
    0x08003440   0x08003440   0x00000024   Code   RO         5831    i.FLASH_Unlock      stm32f4xx_flash.o
    0x08003464   0x08003464   0x00000022   Code   RO         5832    i.FLASH_WaitForLastOperation  stm32f4xx_flash.o
    0x08003486   0x08003486   0x00000002   PAD
    0x08003488   0x08003488   0x0000001c   Code   RO         4929    i.FPU_IRQHandler    stm32f4xx_it.o
    0x080034a4   0x080034a4   0x00000024   Code   RO         3209    i.Flash_EraseSector  stm32_flash.o
    0x080034c8   0x080034c8   0x0000001a   Code   RO         3211    i.Flash_Read32BitDatas  stm32_flash.o
    0x080034e2   0x080034e2   0x00000074   Code   RO         3214    i.Flash_Write32BitDatas  stm32_flash.o
    0x08003556   0x08003556   0x0000001e   Code   RO         3563    i.Float2U32         ui_lib.o
    0x08003574   0x08003574   0x00000090   Code   RO         6055    i.GPIO_Init         stm32f4xx_gpio.o
    0x08003604   0x08003604   0x00000046   Code   RO         6056    i.GPIO_PinAFConfig  stm32f4xx_gpio.o
    0x0800364a   0x0800364a   0x00000012   Code   RO         6059    i.GPIO_ReadInputDataBit  stm32f4xx_gpio.o
    0x0800365c   0x0800365c   0x00000004   Code   RO         6062    i.GPIO_ResetBits    stm32f4xx_gpio.o
    0x08003660   0x08003660   0x00000004   Code   RO         6063    i.GPIO_SetBits      stm32f4xx_gpio.o
    0x08003664   0x08003664   0x000000e4   Code   RO         3216    i.GetSector         stm32_flash.o
    0x08003748   0x08003748   0x0000006c   Code   RO         1768    i.Get_KeyFifo       keyboard.o
    0x080037b4   0x080037b4   0x00000034   Code   RO         4930    i.HardFault_Handler  stm32f4xx_it.o
    0x080037e8   0x080037e8   0x0000002a   Code   RO         6163    i.I2C_CheckEvent    stm32f4xx_i2c.o
    0x08003812   0x08003812   0x00000018   Code   RO         6166    i.I2C_Cmd           stm32f4xx_i2c.o
    0x0800382a   0x0800382a   0x00000002   PAD
    0x0800382c   0x0800382c   0x00000060   Code   RO         6169    i.I2C_DeInit        stm32f4xx_i2c.o
    0x0800388c   0x0800388c   0x00000018   Code   RO         6174    i.I2C_GenerateSTART  stm32f4xx_i2c.o
    0x080038a4   0x080038a4   0x00000018   Code   RO         6175    i.I2C_GenerateSTOP  stm32f4xx_i2c.o
    0x080038bc   0x080038bc   0x0000003a   Code   RO         6176    i.I2C_GetFlagStatus  stm32f4xx_i2c.o
    0x080038f6   0x080038f6   0x00000002   PAD
    0x080038f8   0x080038f8   0x000000e8   Code   RO         6181    i.I2C_Init          stm32f4xx_i2c.o
    0x080039e0   0x080039e0   0x00000010   Code   RO         6188    i.I2C_Send7bitAddress  stm32f4xx_i2c.o
    0x080039f0   0x080039f0   0x00000004   Code   RO         6189    i.I2C_SendData      stm32f4xx_i2c.o
    0x080039f4   0x080039f4   0x000000f8   Code   RO         2383    i.I2C_WriteByte     oled.o
    0x08003aec   0x08003aec   0x000000e4   Code   RO          521    i.Init_hlolder      sentry_holder.o
    0x08003bd0   0x08003bd0   0x000000f4   Code   RO         3564    i.Key_Event         ui_lib.o
    0x08003cc4   0x08003cc4   0x0000001a   Code   RO          645    i.LPF               amplitude_limiting_and_lpf.o
    0x08003cde   0x08003cde   0x00000002   PAD
    0x08003ce0   0x08003ce0   0x00000020   Code   RO         4931    i.MemManage_Handler  stm32f4xx_it.o
    0x08003d00   0x08003d00   0x0000001c   Code   RO         4932    i.NMI_Handler       stm32f4xx_it.o
    0x08003d1c   0x08003d1c   0x00000078   Code   RO         5000    i.NVIC_Init         misc.o
    0x08003d94   0x08003d94   0x00000014   Code   RO         5001    i.NVIC_PriorityGroupConfig  misc.o
    0x08003da8   0x08003da8   0x00000048   Code   RO         2384    i.OLED_Clear        oled.o
    0x08003df0   0x08003df0   0x00000078   Code   RO         2387    i.OLED_DrawBMP      oled.o
    0x08003e68   0x08003e68   0x000001c0   Code   RO         2388    i.OLED_Init         oled.o
    0x08004028   0x08004028   0x000000f8   Code   RO         2390    i.OLED_PrintVar     oled.o
    0x08004120   0x08004120   0x00000034   Code   RO         2391    i.OLED_Set_Pos      oled.o
    0x08004154   0x08004154   0x00000058   Code   RO         2393    i.OLED_ShowChar     oled.o
    0x080041ac   0x080041ac   0x0000004c   Code   RO         2395    i.OLED_ShowString   oled.o
    0x080041f8   0x080041f8   0x00000024   Code   RO         2396    i.OLED_WR_Byte      oled.o
    0x0800421c   0x0800421c   0x00000028   Code   RO         1235    i.OLED_data_save    ui.o
    0x08004244   0x08004244   0x0000003c   Code   RO         2397    i.OLED_printf       oled.o
    0x08004280   0x08004280   0x00000010   Code   RO         1236    i.OS_menu           ui.o
    0x08004290   0x08004290   0x0000017c   Code   RO         2832    i.OnDataReceived    imu_data_decode.o
    0x0800440c   0x0800440c   0x00000038   Code   RO         1165    i.PID_Struct_Init   pid.o
    0x08004444   0x08004444   0x0000007a   Code   RO         1171    i.PID_Update_Incre  pid.o
    0x080044be   0x080044be   0x00000076   Code   RO         1172    i.PID_vision        pid.o
    0x08004534   0x08004534   0x00000138   Code   RO         2586    i.PWM_iic_init      pwm.o
    0x0800466c   0x0800466c   0x00000130   Code   RO         2587    i.PWM_init          pwm.o
    0x0800479c   0x0800479c   0x000001a4   Code   RO         2899    i.Packet_Decode     imu_packet.o
    0x08004940   0x08004940   0x00000020   Code   RO         2900    i.Packet_DecodeInit  imu_packet.o
    0x08004960   0x08004960   0x00000020   Code   RO         6390    i.RCC_AHB1PeriphClockCmd  stm32f4xx_rcc.o
    0x08004980   0x08004980   0x00000020   Code   RO         6393    i.RCC_AHB2PeriphClockCmd  stm32f4xx_rcc.o
    0x080049a0   0x080049a0   0x00000020   Code   RO         6399    i.RCC_APB1PeriphClockCmd  stm32f4xx_rcc.o
    0x080049c0   0x080049c0   0x00000020   Code   RO         6401    i.RCC_APB1PeriphResetCmd  stm32f4xx_rcc.o
    0x080049e0   0x080049e0   0x00000020   Code   RO         6402    i.RCC_APB2PeriphClockCmd  stm32f4xx_rcc.o
    0x08004a00   0x08004a00   0x00000020   Code   RO         6404    i.RCC_APB2PeriphResetCmd  stm32f4xx_rcc.o
    0x08004a20   0x08004a20   0x000000e8   Code   RO         6411    i.RCC_GetClocksFreq  stm32f4xx_rcc.o
    0x08004b08   0x08004b08   0x00000024   Code   RO         7728    i.RNG_Cmd           stm32f4xx_rng.o
    0x08004b2c   0x08004b2c   0x00000018   Code   RO         7730    i.RNG_GetFlagStatus  stm32f4xx_rng.o
    0x08004b44   0x08004b44   0x0000003e   Code   RO         2797    i.RNG_Init          rng_led.o
    0x08004b82   0x08004b82   0x00000002   PAD
    0x08004b84   0x08004b84   0x0000001c   Code   RO         4933    i.SVC_Handler       stm32f4xx_it.o
    0x08004ba0   0x08004ba0   0x00000070   Code   RO         1769    i.SendToFifo        keyboard.o
    0x08004c10   0x08004c10   0x0000001e   Code   RO         3031    i.Send_sound        hc_ultrasonic.o
    0x08004c2e   0x08004c2e   0x00000002   PAD
    0x08004c30   0x08004c30   0x000000ec   Code   RO         5126    i.SetSysClock       system_stm32f4xx.o
    0x08004d1c   0x08004d1c   0x00000010   Code   RO         3737    i.SysTick_Handler   makos_tick.o
    0x08004d2c   0x08004d2c   0x00000068   Code   RO         5128    i.SystemInit        system_stm32f4xx.o
    0x08004d94   0x08004d94   0x00000054   Code   RO         2151    i.TIM12_Int_Init    timer.o
    0x08004de8   0x08004de8   0x00000124   Code   RO         3032    i.TIM1_BRK_TIM9_IRQHandler  hc_ultrasonic.o
    0x08004f0c   0x08004f0c   0x00000124   Code   RO         3033    i.TIM3_IRQHandler   hc_ultrasonic.o
    0x08005030   0x08005030   0x00000098   Code   RO         2152    i.TIM5_IRQHandler   timer.o
    0x080050c8   0x080050c8   0x00000034   Code   RO         2153    i.TIM8_BRK_TIM12_IRQHandler  timer.o
    0x080050fc   0x080050fc   0x00000018   Code   RO         6966    i.TIM_ARRPreloadConfig  stm32f4xx_tim.o
    0x08005114   0x08005114   0x00000006   Code   RO         6973    i.TIM_ClearITPendingBit  stm32f4xx_tim.o
    0x0800511a   0x0800511a   0x00000018   Code   RO         6978    i.TIM_Cmd           stm32f4xx_tim.o
    0x08005132   0x08005132   0x0000001e   Code   RO         6980    i.TIM_CtrlPWMOutputs  stm32f4xx_tim.o
    0x08005150   0x08005150   0x00000190   Code   RO         6983    i.TIM_DeInit        stm32f4xx_tim.o
    0x080052e0   0x080052e0   0x00000006   Code   RO         6993    i.TIM_GetCapture1   stm32f4xx_tim.o
    0x080052e6   0x080052e6   0x00000006   Code   RO         6996    i.TIM_GetCapture4   stm32f4xx_tim.o
    0x080052ec   0x080052ec   0x00000022   Code   RO         6999    i.TIM_GetITStatus   stm32f4xx_tim.o
    0x0800530e   0x0800530e   0x00000012   Code   RO         7003    i.TIM_ITConfig      stm32f4xx_tim.o
    0x08005320   0x08005320   0x0000007c   Code   RO         7007    i.TIM_OC1Init       stm32f4xx_tim.o
    0x0800539c   0x0800539c   0x00000012   Code   RO         7009    i.TIM_OC1PolarityConfig  stm32f4xx_tim.o
    0x080053ae   0x080053ae   0x00000012   Code   RO         7010    i.TIM_OC1PreloadConfig  stm32f4xx_tim.o
    0x080053c0   0x080053c0   0x000000a4   Code   RO         7012    i.TIM_OC2Init       stm32f4xx_tim.o
    0x08005464   0x08005464   0x0000001a   Code   RO         7015    i.TIM_OC2PreloadConfig  stm32f4xx_tim.o
    0x0800547e   0x0800547e   0x00000002   PAD
    0x08005480   0x08005480   0x000000a0   Code   RO         7017    i.TIM_OC3Init       stm32f4xx_tim.o
    0x08005520   0x08005520   0x00000012   Code   RO         7020    i.TIM_OC3PreloadConfig  stm32f4xx_tim.o
    0x08005532   0x08005532   0x00000002   PAD
    0x08005534   0x08005534   0x00000078   Code   RO         7022    i.TIM_OC4Init       stm32f4xx_tim.o
    0x080055ac   0x080055ac   0x0000001a   Code   RO         7023    i.TIM_OC4PolarityConfig  stm32f4xx_tim.o
    0x080055c6   0x080055c6   0x0000001a   Code   RO         7024    i.TIM_OC4PreloadConfig  stm32f4xx_tim.o
    0x080055e0   0x080055e0   0x00000004   Code   RO         7044    i.TIM_SetCounter    stm32f4xx_tim.o
    0x080055e4   0x080055e4   0x00000084   Code   RO         7050    i.TIM_TimeBaseInit  stm32f4xx_tim.o
    0x08005668   0x08005668   0x00000012   Code   RO         7051    i.TIM_TimeBaseStructInit  stm32f4xx_tim.o
    0x0800567a   0x0800567a   0x00000006   Code   RO         3565    i.U322Float         ui_lib.o
    0x08005680   0x08005680   0x00000040   Code   RO         2620    i.UART4_IRQHandler  usart.o
    0x080056c0   0x080056c0   0x00000040   Code   RO          823    i.UART5_IRQHandler  user_usart.o
    0x08005700   0x08005700   0x00000018   Code   RO         3566    i.UI_init           ui_lib.o
    0x08005718   0x08005718   0x000000f0   Code   RO         3567    i.UI_show           ui_lib.o
    0x08005808   0x08005808   0x00000040   Code   RO          824    i.USART1_IRQHandler  user_usart.o
    0x08005848   0x08005848   0x00000088   Code   RO         2621    i.USART2_IRQHandler  usart.o
    0x080058d0   0x080058d0   0x0000003c   Code   RO         1832    i.USART3_IRQHandler  uart_dma.o
    0x0800590c   0x0800590c   0x000001c8   Code   RO          825    i.USART6_IRQHandler  user_usart.o
    0x08005ad4   0x08005ad4   0x0000001e   Code   RO         7532    i.USART_ClearITPendingBit  stm32f4xx_usart.o
    0x08005af2   0x08005af2   0x00000018   Code   RO         7535    i.USART_Cmd         stm32f4xx_usart.o
    0x08005b0a   0x08005b0a   0x00000012   Code   RO         7536    i.USART_DMACmd      stm32f4xx_usart.o
    0x08005b1c   0x08005b1c   0x00000088   Code   RO         1834    i.USART_DMA_TX_Config  uart_dma.o
    0x08005ba4   0x08005ba4   0x000000f0   Code   RO         7537    i.USART_DeInit      stm32f4xx_usart.o
    0x08005c94   0x08005c94   0x000000c8   Code   RO         1835    i.USART_DoubleDMA_RX_Config  uart_dma.o
    0x08005d5c   0x08005d5c   0x00000054   Code   RO         7539    i.USART_GetITStatus  stm32f4xx_usart.o
    0x08005db0   0x08005db0   0x0000004a   Code   RO         7541    i.USART_ITConfig    stm32f4xx_usart.o
    0x08005dfa   0x08005dfa   0x00000002   PAD
    0x08005dfc   0x08005dfc   0x000000d4   Code   RO         7542    i.USART_Init        stm32f4xx_usart.o
    0x08005ed0   0x08005ed0   0x0000000a   Code   RO         7549    i.USART_ReceiveData  stm32f4xx_usart.o
    0x08005eda   0x08005eda   0x00000002   PAD
    0x08005edc   0x08005edc   0x00000698   Code   RO          522    i.Updata_Out        sentry_holder.o
    0x08006574   0x08006574   0x00000024   Code   RO         4934    i.UsageFault_Handler  stm32f4xx_it.o
    0x08006598   0x08006598   0x00000030   Code   RO         8543    i.__ARM_fpclassify  m_wm.l(fpclassify.o)
    0x080065c8   0x080065c8   0x0000000e   Code   RO         8199    i._is_digit         c_w.l(__printf_wp.o)
    0x080065d6   0x080065d6   0x00000006   Code   RO         2623    i._sys_exit         usart.o
    0x080065dc   0x080065dc   0x00000006   Code   RO         4645    i.app_getdata       makos_resolver.o
    0x080065e2   0x080065e2   0x00000002   PAD
    0x080065e4   0x080065e4   0x00000030   Code   RO         3513    i.append_crc16_check_sum  protocol.o
    0x08006614   0x08006614   0x00000026   Code   RO         3514    i.append_crc8_check_sum  protocol.o
    0x0800663a   0x0800663a   0x00000064   Code   RO          679    i.base_init         task_init.o
    0x0800669e   0x0800669e   0x0000001c   Code   RO         2220    i.can2_Configuration  can.o
    0x080066ba   0x080066ba   0x00000002   PAD
    0x080066bc   0x080066bc   0x00000058   Code   RO         2221    i.can2_GPIO_Configuration  can.o
    0x08006714   0x08006714   0x0000003c   Code   RO         2222    i.can2_NVIC_Configuration  can.o
    0x08006750   0x08006750   0x000000a4   Code   RO         2223    i.can2_mode_Configuration  can.o
    0x080067f4   0x080067f4   0x00000024   Code   RO         2224    i.can_set           can.o
    0x08006818   0x08006818   0x00000040   Code   RO         4646    i.check_data        makos_resolver.o
    0x08006858   0x08006858   0x0000006c   Code   RO          763    i.circle_count      user_can.o
    0x080068c4   0x080068c4   0x0000003c   Code   RO         2902    i.crc16_update      imu_packet.o
    0x08006900   0x08006900   0x0000003c   Code   RO          947    i.data_packet_pack  communicate.o
    0x0800693c   0x0800693c   0x00000050   Code   RO         3568    i.data_read         ui_lib.o
    0x0800698c   0x0800698c   0x00000058   Code   RO         3569    i.data_save         ui_lib.o
    0x080069e4   0x080069e4   0x00000018   Code   RO         1237    i.data_show         ui.o
    0x080069fc   0x080069fc   0x000000d8   Code   RO         1238    i.data_show_callback  ui.o
    0x08006ad4   0x08006ad4   0x00000084   Code   RO         1986    i.dbus_buff_checked  dbus.o
    0x08006b58   0x08006b58   0x0000007c   Code   RO         1987    i.dbus_error_handle  dbus.o
    0x08006bd4   0x08006bd4   0x00000224   Code   RO         1988    i.dbus_init         dbus.o
    0x08006df8   0x08006df8   0x00000038   Code   RO         1989    i.dbus_mode_dma     dbus.o
    0x08006e30   0x08006e30   0x0000002c   Code   RO         1990    i.dbus_mode_usart   dbus.o
    0x08006e5c   0x08006e5c   0x00000058   Code   RO         2154    i.delay_us          timer.o
    0x08006eb4   0x08006eb4   0x000000f0   Code   RO          948    i.dma_buffer_to_unpack_buffer  communicate.o
    0x08006fa4   0x08006fa4   0x00000026   Code   RO         4518    i.dndqueue_add_last  makos_dnode_queue.o
    0x08006fca   0x08006fca   0x0000000c   Code   RO         4519    i.dndqueue_init     makos_dnode_queue.o
    0x08006fd6   0x08006fd6   0x0000000e   Code   RO         3790    i.dnode_add_first   makos_doublelist.o
    0x08006fe4   0x08006fe4   0x0000000e   Code   RO         3570    i.dnode_add_last    ui_lib.o
    0x08006ff2   0x08006ff2   0x0000000e   Code   RO         3791    i.dnode_add_last    makos_doublelist.o
    0x08007000   0x08007000   0x00000006   Code   RO         3571    i.dnode_head_init   ui_lib.o
    0x08007006   0x08007006   0x00000006   Code   RO         3794    i.dnode_head_init   makos_doublelist.o
    0x0800700c   0x0800700c   0x00000014   Code   RO         3796    i.dnode_remove      makos_doublelist.o
    0x08007020   0x08007020   0x00000002   Code   RO         1991    i.emptyf            dbus.o
    0x08007022   0x08007022   0x00000002   Code   RO         2624    i.emptyf            usart.o
    0x08007024   0x08007024   0x00000036   Code   RO         3383    i.fifo_s_get        data_fifo.o
    0x0800705a   0x0800705a   0x00000036   Code   RO         3385    i.fifo_s_init       data_fifo.o
    0x08007090   0x08007090   0x00000056   Code   RO         3388    i.fifo_s_puts       data_fifo.o
    0x080070e6   0x080070e6   0x00000010   Code   RO         3390    i.fifo_used_count   data_fifo.o
    0x080070f6   0x080070f6   0x00000002   PAD
    0x080070f8   0x080070f8   0x0000002c   Code   RO         3572    i.flash_list_add    ui_lib.o
    0x08007124   0x08007124   0x00000010   Code   RO         3573    i.flash_list_init   ui_lib.o
    0x08007134   0x08007134   0x0000007c   Code   RO         2625    i.fputc             usart.o
    0x080071b0   0x080071b0   0x00000034   Code   RO         3515    i.get_crc16_check_sum  protocol.o
    0x080071e4   0x080071e4   0x00000024   Code   RO         3516    i.get_crc8_check_sum  protocol.o
    0x08007208   0x08007208   0x00000008   Code   RO         4648    i.get_datatype      makos_resolver.o
    0x08007210   0x08007210   0x0000001c   Code   RO          949    i.get_dma_memory_msg  communicate.o
    0x0800722c   0x0800722c   0x00000018   Code   RO         2839    i.imu_data_decode_init  imu_data_decode.o
    0x08007244   0x08007244   0x00000014   Code   RO         4471    i.init_tick_callback  makos_tick_handle.o
    0x08007258   0x08007258   0x00000050   Code   RO         3683    i.irq_close         makos_critical.o
    0x080072a8   0x080072a8   0x00000002   Code   RO         3127    i.irq_dead_check    irq_dead_check.o
    0x080072aa   0x080072aa   0x00000002   PAD
    0x080072ac   0x080072ac   0x0000004c   Code   RO         3684    i.irq_restore       makos_critical.o
    0x080072f8   0x080072f8   0x000000a4   Code   RO         3157    i.judge_send_float  judgement_info.o
    0x0800739c   0x0800739c   0x00000130   Code   RO         3158    i.judgement_data_handler  judgement_info.o
    0x080074cc   0x080074cc   0x00000058   Code   RO         1771    i.key_get           keyboard.o
    0x08007524   0x08007524   0x00000078   Code   RO         1772    i.key_init          keyboard.o
    0x0800759c   0x0800759c   0x00000098   Code   RO         1773    i.key_scan          keyboard.o
    0x08007634   0x08007634   0x000000ac   Code   RO            4    i.main              main.o
    0x080076e0   0x080076e0   0x000000dc   Code   RO         4869    i.mak_print         mak_print.o
    0x080077bc   0x080077bc   0x000000f0   Code   RO         4871    i.mak_print_float   mak_print.o
    0x080078ac   0x080078ac   0x00000056   Code   RO         4872    i.mak_print_s32     mak_print.o
    0x08007902   0x08007902   0x00000016   Code   RO         4873    i.mak_print_string  mak_print.o
    0x08007918   0x08007918   0x00000018   Code   RO         4874    i.mak_print_u8      mak_print.o
    0x08007930   0x08007930   0x0000002c   Code   RO         4200    i.makos_get_prio_highest  makos_system.o
    0x0800795c   0x0800795c   0x00000138   Code   RO         4201    i.makos_init        makos_system.o
    0x08007a94   0x08007a94   0x0000005c   Code   RO         4202    i.makos_run         makos_system.o
    0x08007af0   0x08007af0   0x0000004c   Code   RO         4203    i.makos_update_switch  makos_system.o
    0x08007b3c   0x08007b3c   0x0000001a   Code   RO         1356    i.memcopy           task_remote.o
    0x08007b56   0x08007b56   0x00000038   Code   RO         2315    i.mled_init         led.o
    0x08007b8e   0x08007b8e   0x0000001c   Code   RO         2316    i.mled_off          led.o
    0x08007baa   0x08007baa   0x0000001c   Code   RO         2317    i.mled_on           led.o
    0x08007bc6   0x08007bc6   0x00000002   PAD
    0x08007bc8   0x08007bc8   0x00000020   Code   RO         4268    i.msg_get_read_some  makos_message.o
    0x08007be8   0x08007be8   0x00000016   Code   RO         4269    i.msg_get_read_try  makos_message.o
    0x08007bfe   0x08007bfe   0x0000001a   Code   RO         4272    i.msg_get_write_some  makos_message.o
    0x08007c18   0x08007c18   0x00000032   Code   RO         4273    i.msg_get_write_try  makos_message.o
    0x08007c4a   0x08007c4a   0x00000002   PAD
    0x08007c4c   0x08007c4c   0x000000c4   Code   RO         4274    i.msg_init          makos_message.o
    0x08007d10   0x08007d10   0x00000020   Code   RO         4276    i.msg_read_finish_some  makos_message.o
    0x08007d30   0x08007d30   0x00000036   Code   RO         4277    i.msg_read_finish_try  makos_message.o
    0x08007d66   0x08007d66   0x0000002e   Code   RO         4278    i.msg_write_finish  makos_message.o
    0x08007d94   0x08007d94   0x00000020   Code   RO         4280    i.msg_write_finish_some  makos_message.o
    0x08007db4   0x08007db4   0x000000ac   Code   RO         3981    i.mutex_init        makos_mutex.o
    0x08007e60   0x08007e60   0x00000038   Code   RO         3983    i.mutex_lock_try    makos_mutex.o
    0x08007e98   0x08007e98   0x000000f8   Code   RO         3984    i.mutex_unlock      makos_mutex.o
    0x08007f90   0x08007f90   0x00000022   Code   RO         3985    i.mutex_update_ceiling  makos_mutex.o
    0x08007fb2   0x08007fb2   0x00000002   PAD
    0x08007fb4   0x08007fb4   0x00000044   Code   RO         3884    i.my_mem_init       makos_memory.o
    0x08007ff8   0x08007ff8   0x000000a8   Code   RO         3885    i.my_mem_malloc     makos_memory.o
    0x080080a0   0x080080a0   0x00000040   Code   RO         3886    i.my_mem_perused    makos_memory.o
    0x080080e0   0x080080e0   0x00000014   Code   RO         3887    i.my_mem_set        makos_memory.o
    0x080080f4   0x080080f4   0x00000028   Code   RO         3889    i.mymalloc          makos_memory.o
    0x0800811c   0x0800811c   0x00000234   Code   RO         1239    i.page_init         ui.o
    0x08008350   0x08008350   0x00000010   Code   RO         1240    i.param_set         ui.o
    0x08008360   0x08008360   0x00000094   Code   RO         4102    i.pipe_init         makos_pipe.o
    0x080083f4   0x080083f4   0x0000003e   Code   RO         4103    i.pipe_read         makos_pipe.o
    0x08008432   0x08008432   0x00000046   Code   RO         4104    i.pipe_write        makos_pipe.o
    0x08008478   0x08008478   0x00000074   Code   RO          950    i.protocol_packet_pack  communicate.o
    0x080084ec   0x080084ec   0x0000013c   Code   RO         1357    i.remote_data_dispose  task_remote.o
    0x08008628   0x08008628   0x0000002c   Code   RO         1358    i.remote_handle     task_remote.o
    0x08008654   0x08008654   0x00000020   Code   RO         1359    i.remote_send_msg_init  task_remote.o
    0x08008674   0x08008674   0x00000024   Code   RO         4650    i.resolve_add       makos_resolver.o
    0x08008698   0x08008698   0x0000002c   Code   RO         4651    i.resolver_init     makos_resolver.o
    0x080086c4   0x080086c4   0x0000008c   Code   RO         1360    i.sentry_ctrl       task_remote.o
    0x08008750   0x08008750   0x00000016   Code   RO          523    i.sentry_holder     sentry_holder.o
    0x08008766   0x08008766   0x00000002   PAD
    0x08008768   0x08008768   0x00000030   Code   RO         2626    i.serial_handler    usart.o
    0x08008798   0x08008798   0x0000032c   Code   RO         2627    i.serial_init       usart.o
    0x08008ac4   0x08008ac4   0x00000014   Code   RO         4608    i.set_cpu_print     makos_idle.o
    0x08008ad8   0x08008ad8   0x00000280   Code   RO         3575    i.show_content      ui_lib.o
    0x08008d58   0x08008d58   0x00000028   Code   RO         4655    i.sum_check         makos_resolver.o
    0x08008d80   0x08008d80   0x0000006c   Code   RO         4563    i.task_PRINT        makos_print.o
    0x08008dec   0x08008dec   0x00000070   Code   RO         1559    i.task_UI           task_ui.o
    0x08008e5c   0x08008e5c   0x00000394   Code   RO         4153    i.task_create_full  makos_task.o
    0x080091f0   0x080091f0   0x00000394   Code   RO         4154    i.task_create_full_CCM  makos_task.o
    0x08009584   0x08009584   0x00000038   Code   RO         4406    i.task_delay_ms     makos_schedule.o
    0x080095bc   0x080095bc   0x00000124   Code   RO         4609    i.task_idle         makos_idle.o
    0x080096e0   0x080096e0   0x00000134   Code   RO          680    i.task_init         task_init.o
    0x08009814   0x08009814   0x0000017c   Code   RO         1318    i.task_judge        task_judge.o
    0x08009990   0x08009990   0x0000000e   Code   RO         1560    i.task_keyscan      task_ui.o
    0x0800999e   0x0800999e   0x00000002   PAD
    0x080099a0   0x080099a0   0x000000c0   Code   RO         1502    i.task_led_sys      task_led.o
    0x08009a60   0x08009a60   0x00000058   Code   RO         4802    i.task_record       makos_record.o
    0x08009ab8   0x08009ab8   0x00000074   Code   RO         1361    i.task_remote       task_remote.o
    0x08009b2c   0x08009b2c   0x000000b4   Code   RO         4656    i.task_resolver     makos_resolver.o
    0x08009be0   0x08009be0   0x00000034   Code   RO         4409    i.task_resume       makos_schedule.o
    0x08009c14   0x08009c14   0x0000002c   Code   RO         4410    i.task_set_prio     makos_schedule.o
    0x08009c40   0x08009c40   0x00000028   Code   RO         4411    i.task_suspend      makos_schedule.o
    0x08009c68   0x08009c68   0x0000006c   Code   RO         4473    i.tick_handle       makos_tick_handle.o
    0x08009cd4   0x08009cd4   0x00000050   Code   RO         3738    i.tick_init         makos_tick.o
    0x08009d24   0x08009d24   0x0000001c   Code   RO         3739    i.tick_start        makos_tick.o
    0x08009d40   0x08009d40   0x000000b4   Code   RO         2628    i.uasrt4_init       usart.o
    0x08009df4   0x08009df4   0x000000b0   Code   RO         2629    i.uasrt6_init       usart.o
    0x08009ea4   0x08009ea4   0x00000158   Code   RO          951    i.unpack_fifo_data  communicate.o
    0x08009ffc   0x08009ffc   0x00000040   Code   RO         3517    i.verify_crc16_check_sum  protocol.o
    0x0800a03c   0x0800a03c   0x00000030   Code   RO         3518    i.verify_crc8_check_sum  protocol.o
    0x0800a06c   0x0800a06c   0x00000010   Code   RO         1241    i.vs_param_set      ui.o
    0x0800a07c   0x0800a07c   0x0000002c   Code   RO         8528    locale$$code        c_w.l(lc_numeric_c.o)
    0x0800a0a8   0x0800a0a8   0x0000002c   Code   RO         8580    locale$$code        c_w.l(lc_ctype_c.o)
    0x0800a0d4   0x0800a0d4   0x00000062   Code   RO         8226    x$fpl$d2f           fz_wm.l(d2f.o)
    0x0800a136   0x0800a136   0x00000002   PAD
    0x0800a138   0x0800a138   0x00000150   Code   RO         8228    x$fpl$dadd          fz_wm.l(daddsub_clz.o)
    0x0800a288   0x0800a288   0x00000018   Code   RO         8411    x$fpl$dcmpinf       fz_wm.l(dcmpi.o)
    0x0800a2a0   0x0800a2a0   0x000002b0   Code   RO         8235    x$fpl$ddiv          fz_wm.l(ddiv.o)
    0x0800a550   0x0800a550   0x00000078   Code   RO         8238    x$fpl$deqf          fz_wm.l(deqf.o)
    0x0800a5c8   0x0800a5c8   0x0000005e   Code   RO         8240    x$fpl$dfix          fz_wm.l(dfix.o)
    0x0800a626   0x0800a626   0x00000002   PAD
    0x0800a628   0x0800a628   0x0000005a   Code   RO         8244    x$fpl$dfixu         fz_wm.l(dfixu.o)
    0x0800a682   0x0800a682   0x0000002e   Code   RO         8249    x$fpl$dflt          fz_wm.l(dflt_clz.o)
    0x0800a6b0   0x0800a6b0   0x00000026   Code   RO         8248    x$fpl$dfltu         fz_wm.l(dflt_clz.o)
    0x0800a6d6   0x0800a6d6   0x00000002   PAD
    0x0800a6d8   0x0800a6d8   0x00000078   Code   RO         8254    x$fpl$dleqf         fz_wm.l(dleqf.o)
    0x0800a750   0x0800a750   0x00000154   Code   RO         8256    x$fpl$dmul          fz_wm.l(dmul.o)
    0x0800a8a4   0x0800a8a4   0x0000009c   Code   RO         8413    x$fpl$dnaninf       fz_wm.l(dnaninf.o)
    0x0800a940   0x0800a940   0x0000000c   Code   RO         8415    x$fpl$dretinf       fz_wm.l(dretinf.o)
    0x0800a94c   0x0800a94c   0x0000006c   Code   RO         8258    x$fpl$drleqf        fz_wm.l(drleqf.o)
    0x0800a9b8   0x0800a9b8   0x000001d4   Code   RO         8230    x$fpl$dsub          fz_wm.l(daddsub_clz.o)
    0x0800ab8c   0x0800ab8c   0x00000056   Code   RO         8260    x$fpl$f2d           fz_wm.l(f2d.o)
    0x0800abe2   0x0800abe2   0x0000008c   Code   RO         8417    x$fpl$fnaninf       fz_wm.l(fnaninf.o)
    0x0800ac6e   0x0800ac6e   0x0000000a   Code   RO         8539    x$fpl$fpinit        fz_wm.l(fpinit.o)
    0x0800ac78   0x0800ac78   0x0000000a   Code   RO         8419    x$fpl$fretinf       fz_wm.l(fretinf.o)
    0x0800ac82   0x0800ac82   0x00000004   Code   RO         8262    x$fpl$printf1       fz_wm.l(printf1.o)
    0x0800ac86   0x0800ac86   0x00000000   Code   RO         8421    x$fpl$usenofp       fz_wm.l(usenofp.o)
    0x0800ac86   0x0800ac86   0x00000818   Data   RO         2399    .constdata          oled.o
    0x0800b49e   0x0800b49e   0x00000302   Data   RO         3519    .constdata          protocol.o
    0x0800b7a0   0x0800b7a0   0x00000024   Data   RO         3896    .constdata          makos_memory.o
    0x0800b7c4   0x0800b7c4   0x00000028   Data   RO         8187    .constdata          c_w.l(_printf_hex_int_ll_ptr.o)
    0x0800b7ec   0x0800b7ec   0x00000011   Data   RO         8207    .constdata          c_w.l(__printf_flags_ss_wp.o)
    0x0800b7fd   0x0800b7fd   0x00000003   PAD
    0x0800b800   0x0800b800   0x00000008   Data   RO         8333    .constdata          c_w.l(_printf_wctomb.o)
    0x0800b808   0x0800b808   0x00000094   Data   RO         8497    .constdata          c_w.l(bigflt0.o)
    0x0800b89c   0x0800b89c   0x00000017   Data   RO          836    .conststring        user_usart.o
    0x0800b8b3   0x0800b8b3   0x00000001   PAD
    0x0800b8b4   0x0800b8b4   0x0000000d   Data   RO         1993    .conststring        dbus.o
    0x0800b8c1   0x0800b8c1   0x00000003   PAD
    0x0800b8c4   0x0800b8c4   0x00000050   Data   RO         4105    .conststring        makos_pipe.o
    0x0800b914   0x0800b914   0x00000020   Data   RO         8632    Region$$Table       anon$$obj.o
    0x0800b934   0x0800b934   0x0000001c   Data   RO         8527    locale$$data        c_w.l(lc_numeric_c.o)
    0x0800b950   0x0800b950   0x00000110   Data   RO         8579    locale$$data        c_w.l(lc_ctype_c.o)


    Execution Region RW_IRAM1 (Exec base: 0x20000000, Load base: 0x0800ba60, Size: 0x00015e40, Max: 0x00020000, ABSOLUTE, COMPRESSED[0x00000360])

    Exec Addr    Load Addr    Size         Type   Attr      Idx    E Section Name        Object

    0x20000000   COMPRESSED   0x00000003   Data   RW          405    .data               sentry_friction.o
    0x20000003   COMPRESSED   0x00000001   PAD
    0x20000004   COMPRESSED   0x00000034   Data   RW          524    .data               sentry_holder.o
    0x20000038   COMPRESSED   0x0000008b   Data   RW          837    .data               user_usart.o
    0x200000c3   COMPRESSED   0x00000001   PAD
    0x200000c4   COMPRESSED   0x00000009   Data   RW          952    .data               communicate.o
    0x200000cd   COMPRESSED   0x00000003   PAD
    0x200000d0   COMPRESSED   0x0000000c   Data   RW         1320    .data               task_judge.o
    0x200000dc   COMPRESSED   0x0000000a   Data   RW         1363    .data               task_remote.o
    0x200000e6   COMPRESSED   0x00000002   PAD
    0x200000e8   COMPRESSED   0x00000028   Data   RW         1504    .data               task_led.o
    0x20000110   COMPRESSED   0x0000000d   Data   RW         1604    .data               task_ano.o
    0x2000011d   COMPRESSED   0x0000000b   Data   RW         1775    .data               keyboard.o
    0x20000128   COMPRESSED   0x0000000c   Data   RW         1837    .data               uart_dma.o
    0x20000134   COMPRESSED   0x00000040   Data   RW         1994    .data               dbus.o
    0x20000174   COMPRESSED   0x00000010   Data   RW         2156    .data               timer.o
    0x20000184   COMPRESSED   0x00000b90   Data   RW         2400    .data               oled.o
    0x20000d14   COMPRESSED   0x00000029   Data   RW         2631    .data               usart.o
    0x20000d3d   COMPRESSED   0x00000001   PAD
    0x20000d3e   COMPRESSED   0x00000013   Data   RW         2841    .data               imu_data_decode.o
    0x20000d51   COMPRESSED   0x00000003   PAD
    0x20000d54   COMPRESSED   0x00000011   Data   RW         2903    .data               imu_packet.o
    0x20000d65   COMPRESSED   0x00000003   PAD
    0x20000d68   COMPRESSED   0x0000001c   Data   RW         3035    .data               hc_ultrasonic.o
    0x20000d84   COMPRESSED   0x00000004   Data   RW         3160    .data               judgement_info.o
    0x20000d88   COMPRESSED   0x00000002   Data   RW         3520    .data               protocol.o
    0x20000d8a   COMPRESSED   0x00000006   PAD
    0x20000d90   COMPRESSED   0x00000070   Data   RW         3576    .data               ui_lib.o
    0x20000e00   COMPRESSED   0x00000001   Data   RW         3686    .data               makos_critical.o
    0x20000e01   COMPRESSED   0x00000003   PAD
    0x20000e04   COMPRESSED   0x00000004   Data   RW         3740    .data               makos_tick.o
    0x20000e08   COMPRESSED   0x00000024   Data   RW         3897    .data               makos_memory.o
    0x20000e2c   COMPRESSED   0x00000008   Data   RW         4205    .data               makos_system.o
    0x20000e34   COMPRESSED   0x00000004   Data   RW         4474    .data               makos_tick_handle.o
    0x20000e38   COMPRESSED   0x0000000c   Data   RW         4564    .data               makos_print.o
    0x20000e44   COMPRESSED   0x00000008   Data   RW         4610    .data               makos_idle.o
    0x20000e4c   COMPRESSED   0x00000014   Data   RW         4658    .data               makos_resolver.o
    0x20000e60   COMPRESSED   0x0000000c   Data   RW         4804    .data               makos_record.o
    0x20000e6c   COMPRESSED   0x00000010   Data   RW         6443    .data               stm32f4xx_rcc.o
    0x20000e7c        -       0x00000810   Zero   RW          765    .bss                user_can.o
    0x2000168c        -       0x0000010c   Zero   RW          835    .bss                user_usart.o
    0x20001798        -       0x00000290   Zero   RW         1242    .bss                ui.o
    0x20001a28        -       0x000002fc   Zero   RW         1319    .bss                task_judge.o
    0x20001d24        -       0x000000b0   Zero   RW         1362    .bss                task_remote.o
    0x20001dd4        -       0x000000dc   Zero   RW         1603    .bss                task_ano.o
    0x20001eb0        -       0x00000028   Zero   RW         1774    .bss                keyboard.o
    0x20001ed8        -       0x00000884   Zero   RW         1836    .bss                uart_dma.o
    0x2000275c        -       0x00000012   Zero   RW         1992    .bss                dbus.o
    0x2000276e   COMPRESSED   0x00000002   PAD
    0x20002770        -       0x00000048   Zero   RW         2155    .bss                timer.o
    0x200027b8        -       0x00000100   Zero   RW         2630    .bss                usart.o
    0x200028b8        -       0x000000a8   Zero   RW         2840    .bss                imu_data_decode.o
    0x20002960        -       0x00000059   Zero   RW         3159    .bss                judgement_info.o
    0x200029b9   COMPRESSED   0x00000003   PAD
    0x200029bc        -       0x0000003c   Zero   RW         3685    .bss                makos_critical.o
    0x200029f8        -       0x00012980   Zero   RW         3895    .bss                makos_memory.o
    0x20015378        -       0x00000054   Zero   RW         4204    .bss                makos_system.o
    0x200153cc        -       0x00000014   Zero   RW         4657    .bss                makos_resolver.o
    0x200153e0        -       0x00000400   Zero   RW         4803    .bss                makos_record.o
    0x200157e0        -       0x00000060   Zero   RW         8453    .bss                c_w.l(libspace.o)
    0x20015840        -       0x00000200   Zero   RW         7790    HEAP                startup_stm32f40xx.o
    0x20015a40        -       0x00000400   Zero   RW         7789    STACK               startup_stm32f40xx.o



  Load Region LR$$.ARM.__AT_0x10000000 (Base: 0x10000000, Size: 0x00000000, Max: 0x00007800, ABSOLUTE)

    Execution Region ER$$.ARM.__AT_0x10000000 (Exec base: 0x10000000, Load base: 0x10000000, Size: 0x00007800, Max: 0x00007800, ABSOLUTE, UNINIT)

    Exec Addr    Load Addr    Size         Type   Attr      Idx    E Section Name        Object

    0x10000000        -       0x00007800   Zero   RW         3891    .ARM.__AT_0x10000000  makos_memory.o



  Load Region LR$$.ARM.__AT_0x10007800 (Base: 0x10007800, Size: 0x00000000, Max: 0x00000780, ABSOLUTE)

    Execution Region ER$$.ARM.__AT_0x10007800 (Exec base: 0x10007800, Load base: 0x10007800, Size: 0x00000780, Max: 0x00000780, ABSOLUTE, UNINIT)

    Exec Addr    Load Addr    Size         Type   Attr      Idx    E Section Name        Object

    0x10007800        -       0x00000780   Zero   RW         3892    .ARM.__AT_0x10007800  makos_memory.o



  Load Region LR$$.ARM.__AT_0x68000000 (Base: 0x68000000, Size: 0x00000000, Max: 0x000f0000, ABSOLUTE)

    Execution Region ER$$.ARM.__AT_0x68000000 (Exec base: 0x68000000, Load base: 0x68000000, Size: 0x000f0000, Max: 0x000f0000, ABSOLUTE, UNINIT)

    Exec Addr    Load Addr    Size         Type   Attr      Idx    E Section Name        Object

    0x68000000        -       0x000f0000   Zero   RW         3893    .ARM.__AT_0x68000000  makos_memory.o



  Load Region LR$$.ARM.__AT_0x680F0000 (Base: 0x680f0000, Size: 0x00000000, Max: 0x0000f000, ABSOLUTE)

    Execution Region ER$$.ARM.__AT_0x680F0000 (Exec base: 0x680f0000, Load base: 0x680f0000, Size: 0x0000f000, Max: 0x0000f000, ABSOLUTE, UNINIT)

    Exec Addr    Load Addr    Size         Type   Attr      Idx    E Section Name        Object

    0x680f0000        -       0x0000f000   Zero   RW         3894    .ARM.__AT_0x680F0000  makos_memory.o


==============================================================================

Image component sizes


      Code (inc. data)   RO Data    RW Data    ZI Data      Debug   Object Name

        26          0          0          0          0        738   amplitude_limiting_and_lpf.o
       708         18          0          0          0       8168   can.o
       788         30          0          9          0       6310   communicate.o
       210          0          0          0          0       3439   data_fifo.o
       982        212         13         64         18       9482   dbus.o
       614         52          0         28          0       3688   hc_ultrasonic.o
       404         40          0         19        168       2331   imu_data_decode.o
       512         40          0         17          0       3504   imu_packet.o
         2          0          0          0          0        605   irq_dead_check.o
       468         34          0          4         89       6808   judgement_info.o
       580         56          0         11         40       4356   keyboard.o
       112          0          0          0          0       5621   led.o
       172         90          0          0          0     316884   main.o
       592         10          0          0          0       4644   mak_print.o
       156         68          0          1         60       6605   makos_critical.o
        50          0          0          0          0       1320   makos_dnode_queue.o
        54          0          0          0          0       2952   makos_doublelist.o
       312         74          0          8          0       1823   makos_idle.o
       360         42         36         36    1153280       5952   makos_memory.o
       490        106          0          0          0       7307   makos_message.o
       510        216          0          0          0       5512   makos_mutex.o
        76          8          0          0          0        492   makos_pendsv.o
       280         72         80          0          0       2629   makos_pipe.o
       108         10          0         12          0       1066   makos_print.o
        88         46          0         12       1024       1550   makos_record.o
       378         28          0         20         20       7403   makos_resolver.o
       192         24          0          0          0       2581   makos_schedule.o
       524        190          0          8         84       5175   makos_system.o
      1832        284          0          0          0       4702   makos_task.o
       124         20          0          4          0      28794   makos_tick.o
       128         20          0          4          0       2582   makos_tick_handle.o
       140         24          0          0          0      18999   misc.o
      1448         42       2072       2960          0      12602   oled.o
       296          6          0          0          0       2710   pid.o
       286         18        770          2          0       5494   protocol.o
       616         20          0          0          0       1530   pwm.o
        62          0          0          0          0        667   rng_led.o
         0          0          0          3          0        315   sentry_friction.o
      1938        210          0         52          0       3045   sentry_holder.o
       216         20          0          0          0        658   sentry_pull.o
        64         26        392          0       1536        892   startup_stm32f40xx.o
       406         46          0          0          0       3567   stm32_flash.o
      1710         26          0          0          0      17336   stm32f4xx_can.o
       878         86          0          0          0      23155   stm32f4xx_dma.o
       402         40          0          0          0      14153   stm32f4xx_flash.o
       240          0          0          0          0      11151   stm32f4xx_gpio.o
       520         28          0          0          0      14951   stm32f4xx_i2c.o
       268        178          0          0          0       4316   stm32f4xx_it.o
       424         54          0         16          0      22554   stm32f4xx_rcc.o
        60         10          0          0          0       1226   stm32f4xx_rng.o
      1402        120          0          0          0      35677   stm32f4xx_tim.o
       692         42          0          0          0      12950   stm32f4xx_usart.o
       340         32          0          0          0       1841   system_stm32f4xx.o
       224         20          0         13        220       3679   task_ano.o
       408        112          0          0          0       4136   task_init.o
       380         98          0         12        764       2028   task_judge.o
       192         14          0         40          0       1112   task_led.o
       674         42          0         10        176       9977   task_remote.o
       126         32          0          0          0       1121   task_ui.o
       456         56          0         16         72       4576   timer.o
       644         80          0         12       2180       8477   uart_dma.o
       892        322          0          0        656       5263   ui.o
      2968        132          0        112          0      11345   ui_lib.o
      1548        192          0         41        256       9108   usart.o
       964         50          0          0       2064       6544   user_can.o
       584         92         23        139        268       6775   user_usart.o

    ----------------------------------------------------------------------
     34346       4060       3422       3708    1162980     748953   Object Totals
         0          0         32          0          0          0   (incl. Generated)
        46          0          4         23          5          0   (incl. Padding)

    ----------------------------------------------------------------------

      Code (inc. data)   RO Data    RW Data    ZI Data      Debug   Library Member Name

        24          4          0          0          0         84   __2printf.o
        90          0          0          0          0          0   __dczerorl2.o
         8          0          0          0          0         68   __main.o
       392          4         17          0          0         92   __printf_flags_ss_wp.o
        14          0          0          0          0         68   __printf_wp.o
         0          0          0          0          0          0   __rtentry.o
        12          0          0          0          0          0   __rtentry2.o
         6          0          0          0          0          0   __rtentry4.o
        52          8          0          0          0          0   __scatter.o
        28          0          0          0          0          0   __scatter_zi.o
         6          0          0          0          0          0   _printf_a.o
         6          0          0          0          0          0   _printf_c.o
        44          0          0          0          0        108   _printf_char.o
        48          6          0          0          0         96   _printf_char_common.o
        36          4          0          0          0         80   _printf_char_file.o
        40          0          0          0          0         68   _printf_charcount.o
         6          0          0          0          0          0   _printf_d.o
       120         16          0          0          0         92   _printf_dec.o
         6          0          0          0          0          0   _printf_e.o
         6          0          0          0          0          0   _printf_f.o
      1054          0          0          0          0        216   _printf_fp_dec.o
       128         16          0          0          0         84   _printf_fp_infnan.o
         6          0          0          0          0          0   _printf_g.o
       148          4         40          0          0        160   _printf_hex_int_ll_ptr.o
         6          0          0          0          0          0   _printf_i.o
       178          0          0          0          0         88   _printf_intcommon.o
        10          0          0          0          0          0   _printf_l.o
         6          0          0          0          0          0   _printf_lc.o
        10          0          0          0          0          0   _printf_ll.o
         6          0          0          0          0          0   _printf_lld.o
         6          0          0          0          0          0   _printf_lli.o
         6          0          0          0          0          0   _printf_llo.o
         6          0          0          0          0          0   _printf_llu.o
         6          0          0          0          0          0   _printf_llx.o
       124         16          0          0          0         92   _printf_longlong_dec.o
         6          0          0          0          0          0   _printf_ls.o
         6          0          0          0          0          0   _printf_n.o
         6          0          0          0          0          0   _printf_o.o
       112         10          0          0          0        124   _printf_oct_int_ll.o
         6          0          0          0          0          0   _printf_p.o
        78          0          0          0          0        108   _printf_pad.o
         0          0          0          0          0          0   _printf_percent.o
         4          0          0          0          0          0   _printf_percent_end.o
         6          0          0          0          0          0   _printf_s.o
        82          0          0          0          0         80   _printf_str.o
        36          0          0          0          0         84   _printf_truncate.o
         6          0          0          0          0          0   _printf_u.o
        44          0          0          0          0        108   _printf_wchar.o
       188          6          8          0          0         92   _printf_wctomb.o
         6          0          0          0          0          0   _printf_x.o
        10          0          0          0          0         68   _sputc.o
        64          0          0          0          0         92   _wcrtomb.o
       228          4        148          0          0         96   bigflt0.o
      1936        128          0          0          0        672   btod.o
        36          4          0          0          0         76   c89vsprintf.o
        18          0          0          0          0         80   exit.o
         8          0          0          0          0         68   ferror.o
         6          0          0          0          0        152   heapauxi.o
        44         10        272          0          0         76   lc_ctype_c.o
        44         10         28          0          0         76   lc_numeric_c.o
         2          0          0          0          0          0   libinit.o
        34          0          0          0          0          0   libinit2.o
         2          0          0          0          0          0   libshutdown.o
         2          0          0          0          0          0   libshutdown2.o
         8          4          0          0         96         68   libspace.o
       138          0          0          0          0         80   lludiv10.o
        16          4          0          0          0         76   rt_ctype_table.o
         8          4          0          0          0         68   rt_locale_intlibspace.o
        78          0          0          0          0         80   rt_memclr_w.o
       138          0          0          0          0         68   rt_memcpy_v6.o
       100          0          0          0          0         80   rt_memcpy_w.o
         2          0          0          0          0          0   rtexit.o
        10          0          0          0          0          0   rtexit2.o
       128          0          0          0          0         68   strcmpv7m.o
        74          0          0          0          0         80   sys_stackheap_outer.o
         2          0          0          0          0         68   use_no_semi.o
         2          0          0          0          0         68   use_no_semi_2.o
        98          4          0          0          0        140   d2f.o
       804         16          0          0          0        368   daddsub_clz.o
        24          0          0          0          0        116   dcmpi.o
       688        140          0          0          0        256   ddiv.o
       120          4          0          0          0        140   deqf.o
        94          4          0          0          0        140   dfix.o
        90          4          0          0          0        140   dfixu.o
        84          0          0          0          0        232   dflt_clz.o
       120          4          0          0          0        140   dleqf.o
       340         12          0          0          0        152   dmul.o
       156          4          0          0          0        140   dnaninf.o
        12          0          0          0          0        116   dretinf.o
       108          0          0          0          0        128   drleqf.o
        86          4          0          0          0        132   f2d.o
       140          4          0          0          0        132   fnaninf.o
        10          0          0          0          0        116   fpinit.o
        10          0          0          0          0        116   fretinf.o
         4          0          0          0          0        116   printf1.o
         0          0          0          0          0          0   usenofp.o
        48          0          0          0          0        124   fpclassify.o

    ----------------------------------------------------------------------
      9428        462        516          0         96       7196   Library Totals
        24          0          3          0          0          0   (incl. Padding)

    ----------------------------------------------------------------------

      Code (inc. data)   RO Data    RW Data    ZI Data      Debug   Library Name

      6368        262        513          0         96       4252   c_w.l
      2988        200          0          0          0       2820   fz_wm.l
        48          0          0          0          0        124   m_wm.l

    ----------------------------------------------------------------------
      9428        462        516          0         96       7196   Library Totals

    ----------------------------------------------------------------------

==============================================================================


      Code (inc. data)   RO Data    RW Data    ZI Data      Debug   

     43774       4522       3938       3708    1163076     723509   Grand Totals
     43774       4522       3938        864    1163076     723509   ELF Image Totals (compressed)
     43774       4522       3938        864          0          0   ROM Totals

==============================================================================

    Total RO  Size (Code + RO Data)                47712 (  46.59kB)
    Total RW  Size (RW Data + ZI Data)           1166784 (1139.44kB)
    Total ROM Size (Code + RO Data + RW Data)      48576 (  47.44kB)

==============================================================================

